<?xml version="1.0"?>
<link_info>
   <banner>TMS320C55x Linker PC v4.4.1</banner>
   <copyright>Copyright (c) 1996-2012 Texas Instruments Incorporated</copyright>
   <link_time>0x561c03fc</link_time>
   <output_file>audio_proj2.out</output_file>
   <entry_point>
      <name>_c_int00</name>
      <address>0x24811</address>
   </entry_point>
   <input_file_list>
      <input_file id="fl-2">
         <path>.\</path>
         <kind>object</kind>
         <file>main.obj</file>
         <name>main.obj</name>
      </input_file>
      <input_file id="fl-3">
         <path>.\</path>
         <kind>object</kind>
         <file>i2c.obj</file>
         <name>i2c.obj</name>
      </input_file>
      <input_file id="fl-4">
         <path>.\</path>
         <kind>object</kind>
         <file>gpio.obj</file>
         <name>gpio.obj</name>
      </input_file>
      <input_file id="fl-5">
         <path>.\</path>
         <kind>object</kind>
         <file>aic3204_tone_headphone.obj</file>
         <name>aic3204_tone_headphone.obj</name>
      </input_file>
      <input_file id="fl-6">
         <path>.\</path>
         <kind>object</kind>
         <file>aic3204_test.obj</file>
         <name>aic3204_test.obj</name>
      </input_file>
      <input_file id="fl-7">
         <path>.\</path>
         <kind>object</kind>
         <file>aic3204_loop_mic_in.obj</file>
         <name>aic3204_loop_mic_in.obj</name>
      </input_file>
      <input_file id="fl-8">
         <path>.\</path>
         <kind>object</kind>
         <file>C5515.obj</file>
         <name>C5515.obj</name>
      </input_file>
      <input_file id="fl-1f">
         <path>E:\ti_ccs5\ccsv5\tools\compiler\c5500_4.4.1\lib\</path>
         <kind>archive</kind>
         <file>rts55x.lib</file>
         <name>boot.obj</name>
      </input_file>
      <input_file id="fl-20">
         <path>E:\ti_ccs5\ccsv5\tools\compiler\c5500_4.4.1\lib\</path>
         <kind>archive</kind>
         <file>rts55x.lib</file>
         <name>exit.obj</name>
      </input_file>
      <input_file id="fl-21">
         <path>E:\ti_ccs5\ccsv5\tools\compiler\c5500_4.4.1\lib\</path>
         <kind>archive</kind>
         <file>rts55x.lib</file>
         <name>printf.obj</name>
      </input_file>
      <input_file id="fl-22">
         <path>E:\ti_ccs5\ccsv5\tools\compiler\c5500_4.4.1\lib\</path>
         <kind>archive</kind>
         <file>rts55x.lib</file>
         <name>vectors.obj</name>
      </input_file>
      <input_file id="fl-23">
         <path>E:\ti_ccs5\ccsv5\tools\compiler\c5500_4.4.1\lib\</path>
         <kind>archive</kind>
         <file>rts55x.lib</file>
         <name>_lock.obj</name>
      </input_file>
      <input_file id="fl-24">
         <path>E:\ti_ccs5\ccsv5\tools\compiler\c5500_4.4.1\lib\</path>
         <kind>archive</kind>
         <file>rts55x.lib</file>
         <name>_printfi.obj</name>
      </input_file>
      <input_file id="fl-25">
         <path>E:\ti_ccs5\ccsv5\tools\compiler\c5500_4.4.1\lib\</path>
         <kind>archive</kind>
         <file>rts55x.lib</file>
         <name>args_main.obj</name>
      </input_file>
      <input_file id="fl-26">
         <path>E:\ti_ccs5\ccsv5\tools\compiler\c5500_4.4.1\lib\</path>
         <kind>archive</kind>
         <file>rts55x.lib</file>
         <name>atoi.obj</name>
      </input_file>
      <input_file id="fl-27">
         <path>E:\ti_ccs5\ccsv5\tools\compiler\c5500_4.4.1\lib\</path>
         <kind>archive</kind>
         <file>rts55x.lib</file>
         <name>autoinit.obj</name>
      </input_file>
      <input_file id="fl-28">
         <path>E:\ti_ccs5\ccsv5\tools\compiler\c5500_4.4.1\lib\</path>
         <kind>archive</kind>
         <file>rts55x.lib</file>
         <name>cmpd.obj</name>
      </input_file>
      <input_file id="fl-29">
         <path>E:\ti_ccs5\ccsv5\tools\compiler\c5500_4.4.1\lib\</path>
         <kind>archive</kind>
         <file>rts55x.lib</file>
         <name>ctype.obj</name>
      </input_file>
      <input_file id="fl-2a">
         <path>E:\ti_ccs5\ccsv5\tools\compiler\c5500_4.4.1\lib\</path>
         <kind>archive</kind>
         <file>rts55x.lib</file>
         <name>defs.obj</name>
      </input_file>
      <input_file id="fl-2b">
         <path>E:\ti_ccs5\ccsv5\tools\compiler\c5500_4.4.1\lib\</path>
         <kind>archive</kind>
         <file>rts55x.lib</file>
         <name>divd.obj</name>
      </input_file>
      <input_file id="fl-2c">
         <path>E:\ti_ccs5\ccsv5\tools\compiler\c5500_4.4.1\lib\</path>
         <kind>archive</kind>
         <file>rts55x.lib</file>
         <name>divul.obj</name>
      </input_file>
      <input_file id="fl-2d">
         <path>E:\ti_ccs5\ccsv5\tools\compiler\c5500_4.4.1\lib\</path>
         <kind>archive</kind>
         <file>rts55x.lib</file>
         <name>fixdi.obj</name>
      </input_file>
      <input_file id="fl-2e">
         <path>E:\ti_ccs5\ccsv5\tools\compiler\c5500_4.4.1\lib\</path>
         <kind>archive</kind>
         <file>rts55x.lib</file>
         <name>fixdli.obj</name>
      </input_file>
      <input_file id="fl-2f">
         <path>E:\ti_ccs5\ccsv5\tools\compiler\c5500_4.4.1\lib\</path>
         <kind>archive</kind>
         <file>rts55x.lib</file>
         <name>fltlid.obj</name>
      </input_file>
      <input_file id="fl-30">
         <path>E:\ti_ccs5\ccsv5\tools\compiler\c5500_4.4.1\lib\</path>
         <kind>archive</kind>
         <file>rts55x.lib</file>
         <name>fputc.obj</name>
      </input_file>
      <input_file id="fl-31">
         <path>E:\ti_ccs5\ccsv5\tools\compiler\c5500_4.4.1\lib\</path>
         <kind>archive</kind>
         <file>rts55x.lib</file>
         <name>fputs.obj</name>
      </input_file>
      <input_file id="fl-32">
         <path>E:\ti_ccs5\ccsv5\tools\compiler\c5500_4.4.1\lib\</path>
         <kind>archive</kind>
         <file>rts55x.lib</file>
         <name>frcmpyd_div.obj</name>
      </input_file>
      <input_file id="fl-33">
         <path>E:\ti_ccs5\ccsv5\tools\compiler\c5500_4.4.1\lib\</path>
         <kind>archive</kind>
         <file>rts55x.lib</file>
         <name>isinf.obj</name>
      </input_file>
      <input_file id="fl-34">
         <path>E:\ti_ccs5\ccsv5\tools\compiler\c5500_4.4.1\lib\</path>
         <kind>archive</kind>
         <file>rts55x.lib</file>
         <name>llmpy.obj</name>
      </input_file>
      <input_file id="fl-35">
         <path>E:\ti_ccs5\ccsv5\tools\compiler\c5500_4.4.1\lib\</path>
         <kind>archive</kind>
         <file>rts55x.lib</file>
         <name>lmpy.obj</name>
      </input_file>
      <input_file id="fl-36">
         <path>E:\ti_ccs5\ccsv5\tools\compiler\c5500_4.4.1\lib\</path>
         <kind>archive</kind>
         <file>rts55x.lib</file>
         <name>lowlev.obj</name>
      </input_file>
      <input_file id="fl-37">
         <path>E:\ti_ccs5\ccsv5\tools\compiler\c5500_4.4.1\lib\</path>
         <kind>archive</kind>
         <file>rts55x.lib</file>
         <name>ltoa.obj</name>
      </input_file>
      <input_file id="fl-38">
         <path>E:\ti_ccs5\ccsv5\tools\compiler\c5500_4.4.1\lib\</path>
         <kind>archive</kind>
         <file>rts55x.lib</file>
         <name>memccpy.obj</name>
      </input_file>
      <input_file id="fl-39">
         <path>E:\ti_ccs5\ccsv5\tools\compiler\c5500_4.4.1\lib\</path>
         <kind>archive</kind>
         <file>rts55x.lib</file>
         <name>memcpy.obj</name>
      </input_file>
      <input_file id="fl-3a">
         <path>E:\ti_ccs5\ccsv5\tools\compiler\c5500_4.4.1\lib\</path>
         <kind>archive</kind>
         <file>rts55x.lib</file>
         <name>mpyd.obj</name>
      </input_file>
      <input_file id="fl-3b">
         <path>E:\ti_ccs5\ccsv5\tools\compiler\c5500_4.4.1\lib\</path>
         <kind>archive</kind>
         <file>rts55x.lib</file>
         <name>negd.obj</name>
      </input_file>
      <input_file id="fl-3c">
         <path>E:\ti_ccs5\ccsv5\tools\compiler\c5500_4.4.1\lib\</path>
         <kind>archive</kind>
         <file>rts55x.lib</file>
         <name>remli.obj</name>
      </input_file>
      <input_file id="fl-3d">
         <path>E:\ti_ccs5\ccsv5\tools\compiler\c5500_4.4.1\lib\</path>
         <kind>archive</kind>
         <file>rts55x.lib</file>
         <name>remul.obj</name>
      </input_file>
      <input_file id="fl-3e">
         <path>E:\ti_ccs5\ccsv5\tools\compiler\c5500_4.4.1\lib\</path>
         <kind>archive</kind>
         <file>rts55x.lib</file>
         <name>subd.obj</name>
      </input_file>
      <input_file id="fl-3f">
         <path>E:\ti_ccs5\ccsv5\tools\compiler\c5500_4.4.1\lib\</path>
         <kind>archive</kind>
         <file>rts55x.lib</file>
         <name>trgdrv.obj</name>
      </input_file>
      <input_file id="fl-40">
         <path>E:\ti_ccs5\ccsv5\tools\compiler\c5500_4.4.1\lib\</path>
         <kind>archive</kind>
         <file>rts55x.lib</file>
         <name>trgmsg.obj</name>
      </input_file>
      <input_file id="fl-41">
         <path>E:\ti_ccs5\ccsv5\tools\compiler\c5500_4.4.1\lib\</path>
         <kind>archive</kind>
         <file>rts55x.lib</file>
         <name>udiv.obj</name>
      </input_file>
      <input_file id="fl-42">
         <path>E:\ti_ccs5\ccsv5\tools\compiler\c5500_4.4.1\lib\</path>
         <kind>archive</kind>
         <file>rts55x.lib</file>
         <name>_io_perm.obj</name>
      </input_file>
      <input_file id="fl-43">
         <path>E:\ti_ccs5\ccsv5\tools\compiler\c5500_4.4.1\lib\</path>
         <kind>archive</kind>
         <file>rts55x.lib</file>
         <name>addd.obj</name>
      </input_file>
      <input_file id="fl-44">
         <path>E:\ti_ccs5\ccsv5\tools\compiler\c5500_4.4.1\lib\</path>
         <kind>archive</kind>
         <file>rts55x.lib</file>
         <name>divli.obj</name>
      </input_file>
      <input_file id="fl-45">
         <path>E:\ti_ccs5\ccsv5\tools\compiler\c5500_4.4.1\lib\</path>
         <kind>archive</kind>
         <file>rts55x.lib</file>
         <name>fflush.obj</name>
      </input_file>
      <input_file id="fl-46">
         <path>E:\ti_ccs5\ccsv5\tools\compiler\c5500_4.4.1\lib\</path>
         <kind>archive</kind>
         <file>rts55x.lib</file>
         <name>frcmpyd.obj</name>
      </input_file>
      <input_file id="fl-47">
         <path>E:\ti_ccs5\ccsv5\tools\compiler\c5500_4.4.1\lib\</path>
         <kind>archive</kind>
         <file>rts55x.lib</file>
         <name>fseek.obj</name>
      </input_file>
      <input_file id="fl-48">
         <path>E:\ti_ccs5\ccsv5\tools\compiler\c5500_4.4.1\lib\</path>
         <kind>archive</kind>
         <file>rts55x.lib</file>
         <name>setvbuf.obj</name>
      </input_file>
      <input_file id="fl-49">
         <path>E:\ti_ccs5\ccsv5\tools\compiler\c5500_4.4.1\lib\</path>
         <kind>archive</kind>
         <file>rts55x.lib</file>
         <name>fopen.obj</name>
      </input_file>
      <input_file id="fl-4a">
         <path>E:\ti_ccs5\ccsv5\tools\compiler\c5500_4.4.1\lib\</path>
         <kind>archive</kind>
         <file>rts55x.lib</file>
         <name>memory.obj</name>
      </input_file>
      <input_file id="fl-4b">
         <path>E:\ti_ccs5\ccsv5\tools\compiler\c5500_4.4.1\lib\</path>
         <kind>archive</kind>
         <file>rts55x.lib</file>
         <name>fclose.obj</name>
      </input_file>
      <input_file id="fl-4c">
         <path>E:\ti_ccs5\ccsv5\tools\compiler\c5500_4.4.1\lib\</path>
         <kind>archive</kind>
         <file>rts55x.lib</file>
         <name>remove.obj</name>
      </input_file>
   </input_file_list>
   <object_component_list>
      <object_component id="oc-52">
         <name>.text</name>
         <load_address>0x20000</load_address>
         <run_address>0x20000</run_address>
         <size>0x15a4</size>
         <input_file_ref idref="fl-24"/>
      </object_component>
      <object_component id="oc-9c">
         <name>.text</name>
         <load_address>0x215a4</load_address>
         <run_address>0x215a4</run_address>
         <size>0x543</size>
         <input_file_ref idref="fl-36"/>
      </object_component>
      <object_component id="oc-c2">
         <name>.text</name>
         <load_address>0x21ae7</load_address>
         <run_address>0x21ae7</run_address>
         <size>0x528</size>
         <input_file_ref idref="fl-3f"/>
      </object_component>
      <object_component id="oc-f3">
         <name>.text</name>
         <load_address>0x2200f</load_address>
         <run_address>0x2200f</run_address>
         <size>0x4b5</size>
         <input_file_ref idref="fl-4a"/>
      </object_component>
      <object_component id="oc-6e">
         <name>.text</name>
         <load_address>0x224c4</load_address>
         <run_address>0x224c4</run_address>
         <size>0x3cc</size>
         <input_file_ref idref="fl-2b"/>
      </object_component>
      <object_component id="oc-ed">
         <name>.text</name>
         <load_address>0x22890</load_address>
         <run_address>0x22890</run_address>
         <size>0x27f</size>
         <input_file_ref idref="fl-49"/>
      </object_component>
      <object_component id="oc-94">
         <name>.text</name>
         <load_address>0x22b0f</load_address>
         <run_address>0x22b0f</run_address>
         <size>0x25e</size>
         <input_file_ref idref="fl-34"/>
      </object_component>
      <object_component id="oc-d5">
         <name>.text</name>
         <load_address>0x22d6d</load_address>
         <run_address>0x22d6d</run_address>
         <size>0x25a</size>
         <input_file_ref idref="fl-43"/>
      </object_component>
      <object_component id="oc-2f">
         <name>.text</name>
         <load_address>0x22fc7</load_address>
         <run_address>0x22fc7</run_address>
         <size>0x259</size>
         <input_file_ref idref="fl-7"/>
      </object_component>
      <object_component id="oc-24">
         <name>.text</name>
         <load_address>0x23220</load_address>
         <run_address>0x23220</run_address>
         <size>0x24a</size>
         <input_file_ref idref="fl-5"/>
      </object_component>
      <object_component id="oc-64">
         <name>.text</name>
         <load_address>0x2346a</load_address>
         <run_address>0x2346a</run_address>
         <size>0x1ea</size>
         <input_file_ref idref="fl-28"/>
      </object_component>
      <object_component id="oc-1f">
         <name>.text</name>
         <load_address>0x23654</load_address>
         <run_address>0x23654</run_address>
         <size>0x164</size>
         <input_file_ref idref="fl-4"/>
      </object_component>
      <object_component id="oc-87">
         <name>.text</name>
         <load_address>0x237b8</load_address>
         <run_address>0x237b8</run_address>
         <size>0x163</size>
         <input_file_ref idref="fl-31"/>
      </object_component>
      <object_component id="oc-ae">
         <name>.text</name>
         <load_address>0x2391b</load_address>
         <run_address>0x2391b</run_address>
         <size>0x14c</size>
         <input_file_ref idref="fl-3a"/>
      </object_component>
      <object_component id="oc-18">
         <name>.text</name>
         <load_address>0x23a67</load_address>
         <run_address>0x23a67</run_address>
         <size>0x129</size>
         <input_file_ref idref="fl-3"/>
      </object_component>
      <object_component id="oc-e9">
         <name>.text</name>
         <load_address>0x23b90</load_address>
         <run_address>0x23b90</run_address>
         <size>0xe6</size>
         <input_file_ref idref="fl-48"/>
      </object_component>
      <object_component id="oc-d1">
         <name>.text</name>
         <load_address>0x23c76</load_address>
         <run_address>0x23c76</run_address>
         <size>0xdd</size>
         <input_file_ref idref="fl-42"/>
      </object_component>
      <object_component id="oc-29">
         <name>.text</name>
         <load_address>0x23d53</load_address>
         <run_address>0x23d53</run_address>
         <size>0xc6</size>
         <input_file_ref idref="fl-6"/>
      </object_component>
      <object_component id="oc-dd">
         <name>.text</name>
         <load_address>0x23e19</load_address>
         <run_address>0x23e19</run_address>
         <size>0xc2</size>
         <input_file_ref idref="fl-45"/>
      </object_component>
      <object_component id="oc-ca">
         <name>.text:CIO_breakpoint</name>
         <load_address>0x23edb</load_address>
         <run_address>0x23edb</run_address>
         <size>0xba</size>
         <input_file_ref idref="fl-40"/>
      </object_component>
      <object_component id="oc-83">
         <name>.text</name>
         <load_address>0x23f95</load_address>
         <run_address>0x23f95</run_address>
         <size>0xa6</size>
         <input_file_ref idref="fl-30"/>
      </object_component>
      <object_component id="oc-72">
         <name>.text</name>
         <load_address>0x2403b</load_address>
         <run_address>0x2403b</run_address>
         <size>0xa1</size>
         <input_file_ref idref="fl-2c"/>
      </object_component>
      <object_component id="oc-12">
         <name>.text</name>
         <load_address>0x240dc</load_address>
         <run_address>0x240dc</run_address>
         <size>0x8c</size>
         <input_file_ref idref="fl-2"/>
      </object_component>
      <object_component id="oc-a2">
         <name>.text</name>
         <load_address>0x24168</load_address>
         <run_address>0x24168</run_address>
         <size>0x7d</size>
         <input_file_ref idref="fl-37"/>
      </object_component>
      <object_component id="oc-fa">
         <name>.text</name>
         <load_address>0x241e5</load_address>
         <run_address>0x241e5</run_address>
         <size>0x7b</size>
         <input_file_ref idref="fl-4b"/>
      </object_component>
      <object_component id="oc-e1">
         <name>.text</name>
         <load_address>0x24260</load_address>
         <run_address>0x24260</run_address>
         <size>0x76</size>
         <input_file_ref idref="fl-46"/>
      </object_component>
      <object_component id="oc-8c">
         <name>.text</name>
         <load_address>0x242d6</load_address>
         <run_address>0x242d6</run_address>
         <size>0x73</size>
         <input_file_ref idref="fl-32"/>
      </object_component>
      <object_component id="oc-ba">
         <name>.text</name>
         <load_address>0x24349</load_address>
         <run_address>0x24349</run_address>
         <size>0x72</size>
         <input_file_ref idref="fl-3d"/>
      </object_component>
      <object_component id="oc-7a">
         <name>.text</name>
         <load_address>0x243bb</load_address>
         <run_address>0x243bb</run_address>
         <size>0x6f</size>
         <input_file_ref idref="fl-2e"/>
      </object_component>
      <object_component id="oc-c7">
         <name>.text</name>
         <load_address>0x2442a</load_address>
         <run_address>0x2442a</run_address>
         <size>0x6d</size>
         <input_file_ref idref="fl-40"/>
      </object_component>
      <object_component id="oc-e5">
         <name>.text</name>
         <load_address>0x24497</load_address>
         <run_address>0x24497</run_address>
         <size>0x6b</size>
         <input_file_ref idref="fl-47"/>
      </object_component>
      <object_component id="oc-7e">
         <name>.text</name>
         <load_address>0x24502</load_address>
         <run_address>0x24502</run_address>
         <size>0x67</size>
         <input_file_ref idref="fl-2f"/>
      </object_component>
      <object_component id="oc-5c">
         <name>.text</name>
         <load_address>0x24569</load_address>
         <run_address>0x24569</run_address>
         <size>0x5c</size>
         <input_file_ref idref="fl-26"/>
      </object_component>
      <object_component id="oc-34">
         <name>.text</name>
         <load_address>0x245c5</load_address>
         <run_address>0x245c5</run_address>
         <size>0x54</size>
         <input_file_ref idref="fl-8"/>
      </object_component>
      <object_component id="oc-44">
         <name>.text</name>
         <load_address>0x24619</load_address>
         <run_address>0x24619</run_address>
         <size>0x50</size>
         <input_file_ref idref="fl-21"/>
      </object_component>
      <object_component id="oc-60">
         <name>.text</name>
         <load_address>0x24669</load_address>
         <run_address>0x24669</run_address>
         <size>0x4d</size>
         <input_file_ref idref="fl-27"/>
      </object_component>
      <object_component id="oc-58">
         <name>.text</name>
         <load_address>0x246b6</load_address>
         <run_address>0x246b6</run_address>
         <size>0x4b</size>
         <input_file_ref idref="fl-25"/>
      </object_component>
      <object_component id="oc-b6">
         <name>.text</name>
         <load_address>0x24701</load_address>
         <run_address>0x24701</run_address>
         <size>0x4b</size>
         <input_file_ref idref="fl-3c"/>
      </object_component>
      <object_component id="oc-d9">
         <name>.text</name>
         <load_address>0x2474c</load_address>
         <run_address>0x2474c</run_address>
         <size>0x48</size>
         <input_file_ref idref="fl-44"/>
      </object_component>
      <object_component id="oc-aa">
         <name>.text</name>
         <load_address>0x24794</load_address>
         <run_address>0x24794</run_address>
         <size>0x3f</size>
         <input_file_ref idref="fl-39"/>
      </object_component>
      <object_component id="oc-3d">
         <name>.text</name>
         <load_address>0x247d3</load_address>
         <run_address>0x247d3</run_address>
         <size>0x3e</size>
         <input_file_ref idref="fl-20"/>
      </object_component>
      <object_component id="oc-10">
         <name>.text</name>
         <load_address>0x24811</load_address>
         <run_address>0x24811</run_address>
         <size>0x34</size>
         <input_file_ref idref="fl-1f"/>
      </object_component>
      <object_component id="oc-76">
         <name>.text</name>
         <load_address>0x24845</load_address>
         <run_address>0x24845</run_address>
         <size>0x2a</size>
         <input_file_ref idref="fl-2d"/>
      </object_component>
      <object_component id="oc-cd">
         <name>.text</name>
         <load_address>0x2486f</load_address>
         <run_address>0x2486f</run_address>
         <size>0x2a</size>
         <input_file_ref idref="fl-41"/>
      </object_component>
      <object_component id="oc-a6">
         <name>.text</name>
         <load_address>0x24899</load_address>
         <run_address>0x24899</run_address>
         <size>0x23</size>
         <input_file_ref idref="fl-38"/>
      </object_component>
      <object_component id="oc-90">
         <name>.text</name>
         <load_address>0x248bc</load_address>
         <run_address>0x248bc</run_address>
         <size>0x1a</size>
         <input_file_ref idref="fl-33"/>
      </object_component>
      <object_component id="oc-be">
         <name>.text</name>
         <load_address>0x248d6</load_address>
         <run_address>0x248d6</run_address>
         <size>0x14</size>
         <input_file_ref idref="fl-3e"/>
      </object_component>
      <object_component id="oc-98">
         <name>.text</name>
         <load_address>0x248ea</load_address>
         <run_address>0x248ea</run_address>
         <size>0x13</size>
         <input_file_ref idref="fl-35"/>
      </object_component>
      <object_component id="oc-4c">
         <name>.text</name>
         <load_address>0x248fd</load_address>
         <run_address>0x248fd</run_address>
         <size>0x12</size>
         <input_file_ref idref="fl-23"/>
      </object_component>
      <object_component id="oc-b2">
         <name>.text</name>
         <load_address>0x2490f</load_address>
         <run_address>0x2490f</run_address>
         <size>0x10</size>
         <input_file_ref idref="fl-3b"/>
      </object_component>
      <object_component id="oc-fe">
         <name>.text</name>
         <load_address>0x2491f</load_address>
         <run_address>0x2491f</run_address>
         <size>0xa</size>
         <input_file_ref idref="fl-4c"/>
      </object_component>
      <object_component id="oc-41">
         <name>.text:CIO_breakpoint</name>
         <load_address>0x24929</load_address>
         <run_address>0x24929</run_address>
         <size>0x7</size>
         <input_file_ref idref="fl-20"/>
      </object_component>
      <object_component id="oc-48">
         <name>.text</name>
         <load_address>0x24930</load_address>
         <run_address>0x24930</run_address>
         <size>0x2</size>
         <input_file_ref idref="fl-22"/>
      </object_component>
      <object_component id="oc-39">
         <name>.stack</name>
         <uninitialized>true</uninitialized>
         <run_address>0xc0</run_address>
         <size>0x0</size>
         <input_file_ref idref="fl-1f"/>
      </object_component>
      <object_component id="oc-11d">
         <name>.stack</name>
         <uninitialized>true</uninitialized>
         <run_address>0xc0</run_address>
         <size>0x0</size>
      </object_component>
      <object_component id="oc-102">
         <name>.sysstack</name>
         <uninitialized>true</uninitialized>
         <run_address>0x20c0</run_address>
         <size>0x0</size>
         <input_file_ref idref="fl-1f"/>
      </object_component>
      <object_component id="oc-11f">
         <name>.sysstack</name>
         <uninitialized>true</uninitialized>
         <run_address>0x20c0</run_address>
         <size>0x0</size>
      </object_component>
      <object_component id="oc-6a">
         <name>.bss</name>
         <uninitialized>true</uninitialized>
         <run_address>0x50c0</run_address>
         <size>0x232</size>
         <input_file_ref idref="fl-2a"/>
      </object_component>
      <object_component id="oc-c3">
         <name>.bss</name>
         <uninitialized>true</uninitialized>
         <run_address>0x52f2</run_address>
         <size>0x1a0</size>
         <input_file_ref idref="fl-3f"/>
      </object_component>
      <object_component id="oc-19">
         <name>.bss</name>
         <uninitialized>true</uninitialized>
         <run_address>0x5492</run_address>
         <size>0x2</size>
         <input_file_ref idref="fl-3"/>
      </object_component>
      <object_component id="oc-9d">
         <name>.bss</name>
         <uninitialized>true</uninitialized>
         <run_address>0x5494</run_address>
         <size>0xe2</size>
         <input_file_ref idref="fl-36"/>
      </object_component>
      <object_component id="oc-ee">
         <name>.bss</name>
         <uninitialized>true</uninitialized>
         <run_address>0x5576</run_address>
         <size>0x2</size>
         <input_file_ref idref="fl-49"/>
      </object_component>
      <object_component id="oc-f4">
         <name>.bss</name>
         <uninitialized>true</uninitialized>
         <run_address>0x5578</run_address>
         <size>0xc</size>
         <input_file_ref idref="fl-4a"/>
      </object_component>
      <object_component id="oc-4d">
         <name>.bss</name>
         <uninitialized>true</uninitialized>
         <run_address>0x5584</run_address>
         <size>0x8</size>
         <input_file_ref idref="fl-23"/>
      </object_component>
      <object_component id="oc-3e">
         <name>.bss</name>
         <uninitialized>true</uninitialized>
         <run_address>0x558c</run_address>
         <size>0x8</size>
         <input_file_ref idref="fl-20"/>
      </object_component>
      <object_component id="oc-104">
         <name>.const:__ctypes_</name>
         <load_address>0x5594</load_address>
         <run_address>0x5594</run_address>
         <size>0x202</size>
         <input_file_ref idref="fl-29"/>
      </object_component>
      <object_component id="oc-14">
         <name>.const:.string</name>
         <load_address>0x5798</load_address>
         <run_address>0x5798</run_address>
         <size>0xf6</size>
         <input_file_ref idref="fl-2"/>
      </object_component>
      <object_component id="oc-103">
         <name>.const:_$P$T0$1</name>
         <load_address>0x588e</load_address>
         <run_address>0x588e</run_address>
         <size>0x60</size>
         <input_file_ref idref="fl-5"/>
      </object_component>
      <object_component id="oc-55">
         <name>.const:.string</name>
         <load_address>0x58f0</load_address>
         <run_address>0x58f0</run_address>
         <size>0x48</size>
         <input_file_ref idref="fl-24"/>
      </object_component>
      <object_component id="oc-2b">
         <name>.const:.string</name>
         <load_address>0x5938</load_address>
         <run_address>0x5938</run_address>
         <size>0x34</size>
         <input_file_ref idref="fl-6"/>
      </object_component>
      <object_component id="oc-54">
         <name>.const</name>
         <load_address>0x596c</load_address>
         <run_address>0x596c</run_address>
         <size>0x18</size>
         <input_file_ref idref="fl-24"/>
      </object_component>
      <object_component id="oc-105">
         <name>.const:_initial_approx$1</name>
         <load_address>0x5984</load_address>
         <run_address>0x5984</run_address>
         <size>0x10</size>
         <input_file_ref idref="fl-2b"/>
      </object_component>
      <object_component id="oc-89">
         <name>.const:.string</name>
         <load_address>0x5994</load_address>
         <run_address>0x5994</run_address>
         <size>0x4</size>
         <input_file_ref idref="fl-31"/>
      </object_component>
      <object_component id="oc-80">
         <name>.const</name>
         <load_address>0x5998</load_address>
         <run_address>0x5998</run_address>
         <size>0x4</size>
         <input_file_ref idref="fl-2f"/>
      </object_component>
      <object_component id="oc-f7">
         <name>.sysmem</name>
         <uninitialized>true</uninitialized>
         <run_address>0x30c0</run_address>
         <size>0x0</size>
         <input_file_ref idref="fl-4a"/>
      </object_component>
      <object_component id="oc-11e">
         <name>.sysmem</name>
         <uninitialized>true</uninitialized>
         <run_address>0x30c0</run_address>
         <size>0x0</size>
      </object_component>
      <object_component id="oc-9f">
         <name>.cinit</name>
         <load_address>0x40240</load_address>
         <run_address>0x40240</run_address>
         <size>0x5a</size>
         <input_file_ref idref="fl-36"/>
      </object_component>
      <object_component id="oc-6c">
         <name>.cinit</name>
         <load_address>0x4029a</load_address>
         <run_address>0x4029a</run_address>
         <size>0x54</size>
         <input_file_ref idref="fl-2a"/>
      </object_component>
      <object_component id="oc-4f">
         <name>.cinit</name>
         <load_address>0x402ee</load_address>
         <run_address>0x402ee</run_address>
         <size>0x14</size>
         <input_file_ref idref="fl-23"/>
      </object_component>
      <object_component id="oc-40">
         <name>.cinit</name>
         <load_address>0x40302</load_address>
         <run_address>0x40302</run_address>
         <size>0x14</size>
         <input_file_ref idref="fl-20"/>
      </object_component>
      <object_component id="oc-1b">
         <name>.cinit</name>
         <load_address>0x40316</load_address>
         <run_address>0x40316</run_address>
         <size>0x8</size>
         <input_file_ref idref="fl-3"/>
      </object_component>
      <object_component id="oc-f0">
         <name>.cinit</name>
         <load_address>0x4031e</load_address>
         <run_address>0x4031e</run_address>
         <size>0x8</size>
         <input_file_ref idref="fl-49"/>
      </object_component>
      <object_component id="oc-f6">
         <name>.cinit</name>
         <load_address>0x40326</load_address>
         <run_address>0x40326</run_address>
         <size>0x8</size>
         <input_file_ref idref="fl-4a"/>
      </object_component>
      <object_component id="oc-c9">
         <name>.cio</name>
         <uninitialized>true</uninitialized>
         <run_address>0x40000</run_address>
         <size>0x240</size>
         <input_file_ref idref="fl-40"/>
      </object_component>
      <object_component id="oc-11">
         <name>vectors</name>
         <load_address>0x4fe00</load_address>
         <run_address>0x4fe00</run_address>
         <size>0x100</size>
         <input_file_ref idref="fl-22"/>
      </object_component>
      <object_component id="oc-13">
         <name>.debug_info</name>
         <load_address>0x0</load_address>
         <run_address>0x0</run_address>
         <size>0x76f</size>
         <input_file_ref idref="fl-2"/>
      </object_component>
      <object_component id="oc-1a">
         <name>.debug_info</name>
         <load_address>0x76f</load_address>
         <run_address>0x76f</run_address>
         <size>0x9b6</size>
         <input_file_ref idref="fl-3"/>
      </object_component>
      <object_component id="oc-20">
         <name>.debug_info</name>
         <load_address>0x1125</load_address>
         <run_address>0x1125</run_address>
         <size>0x78c</size>
         <input_file_ref idref="fl-4"/>
      </object_component>
      <object_component id="oc-25">
         <name>.debug_info</name>
         <load_address>0x18b1</load_address>
         <run_address>0x18b1</run_address>
         <size>0xba6</size>
         <input_file_ref idref="fl-5"/>
      </object_component>
      <object_component id="oc-2a">
         <name>.debug_info</name>
         <load_address>0x2457</load_address>
         <run_address>0x2457</run_address>
         <size>0x948</size>
         <input_file_ref idref="fl-6"/>
      </object_component>
      <object_component id="oc-30">
         <name>.debug_info</name>
         <load_address>0x2d9f</load_address>
         <run_address>0x2d9f</run_address>
         <size>0xb79</size>
         <input_file_ref idref="fl-7"/>
      </object_component>
      <object_component id="oc-35">
         <name>.debug_info</name>
         <load_address>0x3918</load_address>
         <run_address>0x3918</run_address>
         <size>0x63c</size>
         <input_file_ref idref="fl-8"/>
      </object_component>
      <object_component id="oc-3a">
         <name>.debug_info</name>
         <load_address>0x3f54</load_address>
         <run_address>0x3f54</run_address>
         <size>0xe8</size>
         <input_file_ref idref="fl-1f"/>
      </object_component>
      <object_component id="oc-3f">
         <name>.debug_info</name>
         <load_address>0x403c</load_address>
         <run_address>0x403c</run_address>
         <size>0x5fb</size>
         <input_file_ref idref="fl-20"/>
      </object_component>
      <object_component id="oc-45">
         <name>.debug_info</name>
         <load_address>0x4637</load_address>
         <run_address>0x4637</run_address>
         <size>0x76c</size>
         <input_file_ref idref="fl-21"/>
      </object_component>
      <object_component id="oc-49">
         <name>.debug_info</name>
         <load_address>0x4da3</load_address>
         <run_address>0x4da3</run_address>
         <size>0xbc</size>
         <input_file_ref idref="fl-22"/>
      </object_component>
      <object_component id="oc-4e">
         <name>.debug_info</name>
         <load_address>0x4e5f</load_address>
         <run_address>0x4e5f</run_address>
         <size>0x5bc</size>
         <input_file_ref idref="fl-23"/>
      </object_component>
      <object_component id="oc-53">
         <name>.debug_info</name>
         <load_address>0x541b</load_address>
         <run_address>0x541b</run_address>
         <size>0x27bd</size>
         <input_file_ref idref="fl-24"/>
      </object_component>
      <object_component id="oc-59">
         <name>.debug_info</name>
         <load_address>0x7bd8</load_address>
         <run_address>0x7bd8</run_address>
         <size>0x586</size>
         <input_file_ref idref="fl-25"/>
      </object_component>
      <object_component id="oc-5d">
         <name>.debug_info</name>
         <load_address>0x815e</load_address>
         <run_address>0x815e</run_address>
         <size>0x5a4</size>
         <input_file_ref idref="fl-26"/>
      </object_component>
      <object_component id="oc-61">
         <name>.debug_info</name>
         <load_address>0x8702</load_address>
         <run_address>0x8702</run_address>
         <size>0xcd</size>
         <input_file_ref idref="fl-27"/>
      </object_component>
      <object_component id="oc-65">
         <name>.debug_info</name>
         <load_address>0x87cf</load_address>
         <run_address>0x87cf</run_address>
         <size>0x81f</size>
         <input_file_ref idref="fl-28"/>
      </object_component>
      <object_component id="oc-68">
         <name>.debug_info</name>
         <load_address>0x8fee</load_address>
         <run_address>0x8fee</run_address>
         <size>0x498</size>
         <input_file_ref idref="fl-29"/>
      </object_component>
      <object_component id="oc-6b">
         <name>.debug_info</name>
         <load_address>0x9486</load_address>
         <run_address>0x9486</run_address>
         <size>0x57e</size>
         <input_file_ref idref="fl-2a"/>
      </object_component>
      <object_component id="oc-6f">
         <name>.debug_info</name>
         <load_address>0x9a04</load_address>
         <run_address>0x9a04</run_address>
         <size>0x7e8</size>
         <input_file_ref idref="fl-2b"/>
      </object_component>
      <object_component id="oc-73">
         <name>.debug_info</name>
         <load_address>0xa1ec</load_address>
         <run_address>0xa1ec</run_address>
         <size>0x534</size>
         <input_file_ref idref="fl-2c"/>
      </object_component>
      <object_component id="oc-77">
         <name>.debug_info</name>
         <load_address>0xa720</load_address>
         <run_address>0xa720</run_address>
         <size>0x4cf</size>
         <input_file_ref idref="fl-2d"/>
      </object_component>
      <object_component id="oc-7b">
         <name>.debug_info</name>
         <load_address>0xabef</load_address>
         <run_address>0xabef</run_address>
         <size>0x534</size>
         <input_file_ref idref="fl-2e"/>
      </object_component>
      <object_component id="oc-7f">
         <name>.debug_info</name>
         <load_address>0xb123</load_address>
         <run_address>0xb123</run_address>
         <size>0x549</size>
         <input_file_ref idref="fl-2f"/>
      </object_component>
      <object_component id="oc-84">
         <name>.debug_info</name>
         <load_address>0xb66c</load_address>
         <run_address>0xb66c</run_address>
         <size>0x6aa</size>
         <input_file_ref idref="fl-30"/>
      </object_component>
      <object_component id="oc-88">
         <name>.debug_info</name>
         <load_address>0xbd16</load_address>
         <run_address>0xbd16</run_address>
         <size>0x942</size>
         <input_file_ref idref="fl-31"/>
      </object_component>
      <object_component id="oc-8d">
         <name>.debug_info</name>
         <load_address>0xc658</load_address>
         <run_address>0xc658</run_address>
         <size>0x53e</size>
         <input_file_ref idref="fl-32"/>
      </object_component>
      <object_component id="oc-91">
         <name>.debug_info</name>
         <load_address>0xcb96</load_address>
         <run_address>0xcb96</run_address>
         <size>0x680</size>
         <input_file_ref idref="fl-33"/>
      </object_component>
      <object_component id="oc-95">
         <name>.debug_info</name>
         <load_address>0xd216</load_address>
         <run_address>0xd216</run_address>
         <size>0x7d4</size>
         <input_file_ref idref="fl-34"/>
      </object_component>
      <object_component id="oc-99">
         <name>.debug_info</name>
         <load_address>0xd9ea</load_address>
         <run_address>0xd9ea</run_address>
         <size>0xbd</size>
         <input_file_ref idref="fl-35"/>
      </object_component>
      <object_component id="oc-9e">
         <name>.debug_info</name>
         <load_address>0xdaa7</load_address>
         <run_address>0xdaa7</run_address>
         <size>0x144b</size>
         <input_file_ref idref="fl-36"/>
      </object_component>
      <object_component id="oc-a3">
         <name>.debug_info</name>
         <load_address>0xeef2</load_address>
         <run_address>0xeef2</run_address>
         <size>0x5ad</size>
         <input_file_ref idref="fl-37"/>
      </object_component>
      <object_component id="oc-a7">
         <name>.debug_info</name>
         <load_address>0xf49f</load_address>
         <run_address>0xf49f</run_address>
         <size>0x574</size>
         <input_file_ref idref="fl-38"/>
      </object_component>
      <object_component id="oc-ab">
         <name>.debug_info</name>
         <load_address>0xfa13</load_address>
         <run_address>0xfa13</run_address>
         <size>0xd1</size>
         <input_file_ref idref="fl-39"/>
      </object_component>
      <object_component id="oc-af">
         <name>.debug_info</name>
         <load_address>0xfae4</load_address>
         <run_address>0xfae4</run_address>
         <size>0x55b</size>
         <input_file_ref idref="fl-3a"/>
      </object_component>
      <object_component id="oc-b3">
         <name>.debug_info</name>
         <load_address>0x1003f</load_address>
         <run_address>0x1003f</run_address>
         <size>0x4b7</size>
         <input_file_ref idref="fl-3b"/>
      </object_component>
      <object_component id="oc-b7">
         <name>.debug_info</name>
         <load_address>0x104f6</load_address>
         <run_address>0x104f6</run_address>
         <size>0x4f2</size>
         <input_file_ref idref="fl-3c"/>
      </object_component>
      <object_component id="oc-bb">
         <name>.debug_info</name>
         <load_address>0x109e8</load_address>
         <run_address>0x109e8</run_address>
         <size>0x534</size>
         <input_file_ref idref="fl-3d"/>
      </object_component>
      <object_component id="oc-bf">
         <name>.debug_info</name>
         <load_address>0x10f1c</load_address>
         <run_address>0x10f1c</run_address>
         <size>0x4de</size>
         <input_file_ref idref="fl-3e"/>
      </object_component>
      <object_component id="oc-c4">
         <name>.debug_info</name>
         <load_address>0x113fa</load_address>
         <run_address>0x113fa</run_address>
         <size>0xed4</size>
         <input_file_ref idref="fl-3f"/>
      </object_component>
      <object_component id="oc-c8">
         <name>.debug_info</name>
         <load_address>0x122ce</load_address>
         <run_address>0x122ce</run_address>
         <size>0x744</size>
         <input_file_ref idref="fl-40"/>
      </object_component>
      <object_component id="oc-ce">
         <name>.debug_info</name>
         <load_address>0x12a12</load_address>
         <run_address>0x12a12</run_address>
         <size>0xef</size>
         <input_file_ref idref="fl-41"/>
      </object_component>
      <object_component id="oc-d2">
         <name>.debug_info</name>
         <load_address>0x12b01</load_address>
         <run_address>0x12b01</run_address>
         <size>0x662</size>
         <input_file_ref idref="fl-42"/>
      </object_component>
      <object_component id="oc-d6">
         <name>.debug_info</name>
         <load_address>0x13163</load_address>
         <run_address>0x13163</run_address>
         <size>0x5ab</size>
         <input_file_ref idref="fl-43"/>
      </object_component>
      <object_component id="oc-da">
         <name>.debug_info</name>
         <load_address>0x1370e</load_address>
         <run_address>0x1370e</run_address>
         <size>0x4f2</size>
         <input_file_ref idref="fl-44"/>
      </object_component>
      <object_component id="oc-de">
         <name>.debug_info</name>
         <load_address>0x13c00</load_address>
         <run_address>0x13c00</run_address>
         <size>0x706</size>
         <input_file_ref idref="fl-45"/>
      </object_component>
      <object_component id="oc-e2">
         <name>.debug_info</name>
         <load_address>0x14306</load_address>
         <run_address>0x14306</run_address>
         <size>0x4d2</size>
         <input_file_ref idref="fl-46"/>
      </object_component>
      <object_component id="oc-e6">
         <name>.debug_info</name>
         <load_address>0x147d8</load_address>
         <run_address>0x147d8</run_address>
         <size>0x5f7</size>
         <input_file_ref idref="fl-47"/>
      </object_component>
      <object_component id="oc-ea">
         <name>.debug_info</name>
         <load_address>0x14dcf</load_address>
         <run_address>0x14dcf</run_address>
         <size>0x64a</size>
         <input_file_ref idref="fl-48"/>
      </object_component>
      <object_component id="oc-ef">
         <name>.debug_info</name>
         <load_address>0x15419</load_address>
         <run_address>0x15419</run_address>
         <size>0xa1c</size>
         <input_file_ref idref="fl-49"/>
      </object_component>
      <object_component id="oc-f5">
         <name>.debug_info</name>
         <load_address>0x15e35</load_address>
         <run_address>0x15e35</run_address>
         <size>0xb97</size>
         <input_file_ref idref="fl-4a"/>
      </object_component>
      <object_component id="oc-fb">
         <name>.debug_info</name>
         <load_address>0x169cc</load_address>
         <run_address>0x169cc</run_address>
         <size>0x64f</size>
         <input_file_ref idref="fl-4b"/>
      </object_component>
      <object_component id="oc-ff">
         <name>.debug_info</name>
         <load_address>0x1701b</load_address>
         <run_address>0x1701b</run_address>
         <size>0x510</size>
         <input_file_ref idref="fl-4c"/>
      </object_component>
      <object_component id="oc-126">
         <name>.debug_info</name>
         <load_address>0x1752b</load_address>
         <run_address>0x1752b</run_address>
         <size>0x6e</size>
      </object_component>
      <object_component id="oc-15">
         <name>.debug_frame</name>
         <load_address>0x0</load_address>
         <run_address>0x0</run_address>
         <size>0xfe</size>
         <input_file_ref idref="fl-2"/>
      </object_component>
      <object_component id="oc-1c">
         <name>.debug_frame</name>
         <load_address>0xfe</load_address>
         <run_address>0xfe</run_address>
         <size>0x14a</size>
         <input_file_ref idref="fl-3"/>
      </object_component>
      <object_component id="oc-21">
         <name>.debug_frame</name>
         <load_address>0x248</load_address>
         <run_address>0x248</run_address>
         <size>0x135</size>
         <input_file_ref idref="fl-4"/>
      </object_component>
      <object_component id="oc-26">
         <name>.debug_frame</name>
         <load_address>0x37d</load_address>
         <run_address>0x37d</run_address>
         <size>0xe6</size>
         <input_file_ref idref="fl-5"/>
      </object_component>
      <object_component id="oc-2c">
         <name>.debug_frame</name>
         <load_address>0x463</load_address>
         <run_address>0x463</run_address>
         <size>0x11e</size>
         <input_file_ref idref="fl-6"/>
      </object_component>
      <object_component id="oc-31">
         <name>.debug_frame</name>
         <load_address>0x581</load_address>
         <run_address>0x581</run_address>
         <size>0xe6</size>
         <input_file_ref idref="fl-7"/>
      </object_component>
      <object_component id="oc-36">
         <name>.debug_frame</name>
         <load_address>0x667</load_address>
         <run_address>0x667</run_address>
         <size>0x116</size>
         <input_file_ref idref="fl-8"/>
      </object_component>
      <object_component id="oc-16">
         <name>.debug_line</name>
         <load_address>0x0</load_address>
         <run_address>0x0</run_address>
         <size>0x5f</size>
         <input_file_ref idref="fl-2"/>
      </object_component>
      <object_component id="oc-1d">
         <name>.debug_line</name>
         <load_address>0x5f</load_address>
         <run_address>0x5f</run_address>
         <size>0x10a</size>
         <input_file_ref idref="fl-3"/>
      </object_component>
      <object_component id="oc-22">
         <name>.debug_line</name>
         <load_address>0x169</load_address>
         <run_address>0x169</run_address>
         <size>0xd0</size>
         <input_file_ref idref="fl-4"/>
      </object_component>
      <object_component id="oc-27">
         <name>.debug_line</name>
         <load_address>0x239</load_address>
         <run_address>0x239</run_address>
         <size>0xc0</size>
         <input_file_ref idref="fl-5"/>
      </object_component>
      <object_component id="oc-2d">
         <name>.debug_line</name>
         <load_address>0x2f9</load_address>
         <run_address>0x2f9</run_address>
         <size>0x98</size>
         <input_file_ref idref="fl-6"/>
      </object_component>
      <object_component id="oc-32">
         <name>.debug_line</name>
         <load_address>0x391</load_address>
         <run_address>0x391</run_address>
         <size>0xe0</size>
         <input_file_ref idref="fl-7"/>
      </object_component>
      <object_component id="oc-37">
         <name>.debug_line</name>
         <load_address>0x471</load_address>
         <run_address>0x471</run_address>
         <size>0x7b</size>
         <input_file_ref idref="fl-8"/>
      </object_component>
      <object_component id="oc-3b">
         <name>.debug_line</name>
         <load_address>0x4ec</load_address>
         <run_address>0x4ec</run_address>
         <size>0x54</size>
         <input_file_ref idref="fl-1f"/>
      </object_component>
      <object_component id="oc-42">
         <name>.debug_line</name>
         <load_address>0x540</load_address>
         <run_address>0x540</run_address>
         <size>0x51</size>
         <input_file_ref idref="fl-20"/>
      </object_component>
      <object_component id="oc-46">
         <name>.debug_line</name>
         <load_address>0x591</load_address>
         <run_address>0x591</run_address>
         <size>0x69</size>
         <input_file_ref idref="fl-21"/>
      </object_component>
      <object_component id="oc-4a">
         <name>.debug_line</name>
         <load_address>0x5fa</load_address>
         <run_address>0x5fa</run_address>
         <size>0x37</size>
         <input_file_ref idref="fl-22"/>
      </object_component>
      <object_component id="oc-50">
         <name>.debug_line</name>
         <load_address>0x631</load_address>
         <run_address>0x631</run_address>
         <size>0x57</size>
         <input_file_ref idref="fl-23"/>
      </object_component>
      <object_component id="oc-56">
         <name>.debug_line</name>
         <load_address>0x688</load_address>
         <run_address>0x688</run_address>
         <size>0x328</size>
         <input_file_ref idref="fl-24"/>
      </object_component>
      <object_component id="oc-5a">
         <name>.debug_line</name>
         <load_address>0x9b0</load_address>
         <run_address>0x9b0</run_address>
         <size>0x41</size>
         <input_file_ref idref="fl-25"/>
      </object_component>
      <object_component id="oc-5e">
         <name>.debug_line</name>
         <load_address>0x9f1</load_address>
         <run_address>0x9f1</run_address>
         <size>0x46</size>
         <input_file_ref idref="fl-26"/>
      </object_component>
      <object_component id="oc-62">
         <name>.debug_line</name>
         <load_address>0xa37</load_address>
         <run_address>0xa37</run_address>
         <size>0x55</size>
         <input_file_ref idref="fl-27"/>
      </object_component>
      <object_component id="oc-66">
         <name>.debug_line</name>
         <load_address>0xa8c</load_address>
         <run_address>0xa8c</run_address>
         <size>0xad</size>
         <input_file_ref idref="fl-28"/>
      </object_component>
      <object_component id="oc-70">
         <name>.debug_line</name>
         <load_address>0xb39</load_address>
         <run_address>0xb39</run_address>
         <size>0x5b</size>
         <input_file_ref idref="fl-2b"/>
      </object_component>
      <object_component id="oc-74">
         <name>.debug_line</name>
         <load_address>0xb94</load_address>
         <run_address>0xb94</run_address>
         <size>0x44</size>
         <input_file_ref idref="fl-2c"/>
      </object_component>
      <object_component id="oc-78">
         <name>.debug_line</name>
         <load_address>0xbd8</load_address>
         <run_address>0xbd8</run_address>
         <size>0x3d</size>
         <input_file_ref idref="fl-2d"/>
      </object_component>
      <object_component id="oc-7c">
         <name>.debug_line</name>
         <load_address>0xc15</load_address>
         <run_address>0xc15</run_address>
         <size>0x3d</size>
         <input_file_ref idref="fl-2e"/>
      </object_component>
      <object_component id="oc-81">
         <name>.debug_line</name>
         <load_address>0xc52</load_address>
         <run_address>0xc52</run_address>
         <size>0x44</size>
         <input_file_ref idref="fl-2f"/>
      </object_component>
      <object_component id="oc-85">
         <name>.debug_line</name>
         <load_address>0xc96</load_address>
         <run_address>0xc96</run_address>
         <size>0x56</size>
         <input_file_ref idref="fl-30"/>
      </object_component>
      <object_component id="oc-8a">
         <name>.debug_line</name>
         <load_address>0xcec</load_address>
         <run_address>0xcec</run_address>
         <size>0xa8</size>
         <input_file_ref idref="fl-31"/>
      </object_component>
      <object_component id="oc-8e">
         <name>.debug_line</name>
         <load_address>0xd94</load_address>
         <run_address>0xd94</run_address>
         <size>0x40</size>
         <input_file_ref idref="fl-32"/>
      </object_component>
      <object_component id="oc-92">
         <name>.debug_line</name>
         <load_address>0xdd4</load_address>
         <run_address>0xdd4</run_address>
         <size>0x38</size>
         <input_file_ref idref="fl-33"/>
      </object_component>
      <object_component id="oc-96">
         <name>.debug_line</name>
         <load_address>0xe0c</load_address>
         <run_address>0xe0c</run_address>
         <size>0xa8</size>
         <input_file_ref idref="fl-34"/>
      </object_component>
      <object_component id="oc-9a">
         <name>.debug_line</name>
         <load_address>0xeb4</load_address>
         <run_address>0xeb4</run_address>
         <size>0x3c</size>
         <input_file_ref idref="fl-35"/>
      </object_component>
      <object_component id="oc-a0">
         <name>.debug_line</name>
         <load_address>0xef0</load_address>
         <run_address>0xef0</run_address>
         <size>0x1b0</size>
         <input_file_ref idref="fl-36"/>
      </object_component>
      <object_component id="oc-a4">
         <name>.debug_line</name>
         <load_address>0x10a0</load_address>
         <run_address>0x10a0</run_address>
         <size>0x40</size>
         <input_file_ref idref="fl-37"/>
      </object_component>
      <object_component id="oc-a8">
         <name>.debug_line</name>
         <load_address>0x10e0</load_address>
         <run_address>0x10e0</run_address>
         <size>0x3c</size>
         <input_file_ref idref="fl-38"/>
      </object_component>
      <object_component id="oc-ac">
         <name>.debug_line</name>
         <load_address>0x111c</load_address>
         <run_address>0x111c</run_address>
         <size>0x4d</size>
         <input_file_ref idref="fl-39"/>
      </object_component>
      <object_component id="oc-b0">
         <name>.debug_line</name>
         <load_address>0x1169</load_address>
         <run_address>0x1169</run_address>
         <size>0x3c</size>
         <input_file_ref idref="fl-3a"/>
      </object_component>
      <object_component id="oc-b4">
         <name>.debug_line</name>
         <load_address>0x11a5</load_address>
         <run_address>0x11a5</run_address>
         <size>0x37</size>
         <input_file_ref idref="fl-3b"/>
      </object_component>
      <object_component id="oc-b8">
         <name>.debug_line</name>
         <load_address>0x11dc</load_address>
         <run_address>0x11dc</run_address>
         <size>0x3c</size>
         <input_file_ref idref="fl-3c"/>
      </object_component>
      <object_component id="oc-bc">
         <name>.debug_line</name>
         <load_address>0x1218</load_address>
         <run_address>0x1218</run_address>
         <size>0x44</size>
         <input_file_ref idref="fl-3d"/>
      </object_component>
      <object_component id="oc-c0">
         <name>.debug_line</name>
         <load_address>0x125c</load_address>
         <run_address>0x125c</run_address>
         <size>0x37</size>
         <input_file_ref idref="fl-3e"/>
      </object_component>
      <object_component id="oc-c5">
         <name>.debug_line</name>
         <load_address>0x1293</load_address>
         <run_address>0x1293</run_address>
         <size>0x15d</size>
         <input_file_ref idref="fl-3f"/>
      </object_component>
      <object_component id="oc-cb">
         <name>.debug_line</name>
         <load_address>0x13f0</load_address>
         <run_address>0x13f0</run_address>
         <size>0x6a</size>
         <input_file_ref idref="fl-40"/>
      </object_component>
      <object_component id="oc-cf">
         <name>.debug_line</name>
         <load_address>0x145a</load_address>
         <run_address>0x145a</run_address>
         <size>0x58</size>
         <input_file_ref idref="fl-41"/>
      </object_component>
      <object_component id="oc-d3">
         <name>.debug_line</name>
         <load_address>0x14b2</load_address>
         <run_address>0x14b2</run_address>
         <size>0x57</size>
         <input_file_ref idref="fl-42"/>
      </object_component>
      <object_component id="oc-d7">
         <name>.debug_line</name>
         <load_address>0x1509</load_address>
         <run_address>0x1509</run_address>
         <size>0x5c</size>
         <input_file_ref idref="fl-43"/>
      </object_component>
      <object_component id="oc-db">
         <name>.debug_line</name>
         <load_address>0x1565</load_address>
         <run_address>0x1565</run_address>
         <size>0x3c</size>
         <input_file_ref idref="fl-44"/>
      </object_component>
      <object_component id="oc-df">
         <name>.debug_line</name>
         <load_address>0x15a1</load_address>
         <run_address>0x15a1</run_address>
         <size>0x5b</size>
         <input_file_ref idref="fl-45"/>
      </object_component>
      <object_component id="oc-e3">
         <name>.debug_line</name>
         <load_address>0x15fc</load_address>
         <run_address>0x15fc</run_address>
         <size>0x3a</size>
         <input_file_ref idref="fl-46"/>
      </object_component>
      <object_component id="oc-e7">
         <name>.debug_line</name>
         <load_address>0x1636</load_address>
         <run_address>0x1636</run_address>
         <size>0x3c</size>
         <input_file_ref idref="fl-47"/>
      </object_component>
      <object_component id="oc-eb">
         <name>.debug_line</name>
         <load_address>0x1672</load_address>
         <run_address>0x1672</run_address>
         <size>0x3f</size>
         <input_file_ref idref="fl-48"/>
      </object_component>
      <object_component id="oc-f1">
         <name>.debug_line</name>
         <load_address>0x16b1</load_address>
         <run_address>0x16b1</run_address>
         <size>0xd7</size>
         <input_file_ref idref="fl-49"/>
      </object_component>
      <object_component id="oc-f8">
         <name>.debug_line</name>
         <load_address>0x1788</load_address>
         <run_address>0x1788</run_address>
         <size>0x112</size>
         <input_file_ref idref="fl-4a"/>
      </object_component>
      <object_component id="oc-fc">
         <name>.debug_line</name>
         <load_address>0x189a</load_address>
         <run_address>0x189a</run_address>
         <size>0x3d</size>
         <input_file_ref idref="fl-4b"/>
      </object_component>
      <object_component id="oc-100">
         <name>.debug_line</name>
         <load_address>0x18d7</load_address>
         <run_address>0x18d7</run_address>
         <size>0x39</size>
         <input_file_ref idref="fl-4c"/>
      </object_component>
      <object_component id="oc-17">
         <name>.debug_abbrev</name>
         <load_address>0x0</load_address>
         <run_address>0x0</run_address>
         <size>0x10d</size>
         <input_file_ref idref="fl-2"/>
      </object_component>
      <object_component id="oc-1e">
         <name>.debug_abbrev</name>
         <load_address>0x10d</load_address>
         <run_address>0x10d</run_address>
         <size>0xe0</size>
         <input_file_ref idref="fl-3"/>
      </object_component>
      <object_component id="oc-23">
         <name>.debug_abbrev</name>
         <load_address>0x1ed</load_address>
         <run_address>0x1ed</run_address>
         <size>0x87</size>
         <input_file_ref idref="fl-4"/>
      </object_component>
      <object_component id="oc-28">
         <name>.debug_abbrev</name>
         <load_address>0x274</load_address>
         <run_address>0x274</run_address>
         <size>0xeb</size>
         <input_file_ref idref="fl-5"/>
      </object_component>
      <object_component id="oc-2e">
         <name>.debug_abbrev</name>
         <load_address>0x35f</load_address>
         <run_address>0x35f</run_address>
         <size>0xfa</size>
         <input_file_ref idref="fl-6"/>
      </object_component>
      <object_component id="oc-33">
         <name>.debug_abbrev</name>
         <load_address>0x459</load_address>
         <run_address>0x459</run_address>
         <size>0xc9</size>
         <input_file_ref idref="fl-7"/>
      </object_component>
      <object_component id="oc-38">
         <name>.debug_abbrev</name>
         <load_address>0x522</load_address>
         <run_address>0x522</run_address>
         <size>0xe7</size>
         <input_file_ref idref="fl-8"/>
      </object_component>
      <object_component id="oc-3c">
         <name>.debug_abbrev</name>
         <load_address>0x609</load_address>
         <run_address>0x609</run_address>
         <size>0x3a</size>
         <input_file_ref idref="fl-1f"/>
      </object_component>
      <object_component id="oc-43">
         <name>.debug_abbrev</name>
         <load_address>0x643</load_address>
         <run_address>0x643</run_address>
         <size>0xf7</size>
         <input_file_ref idref="fl-20"/>
      </object_component>
      <object_component id="oc-47">
         <name>.debug_abbrev</name>
         <load_address>0x73a</load_address>
         <run_address>0x73a</run_address>
         <size>0x145</size>
         <input_file_ref idref="fl-21"/>
      </object_component>
      <object_component id="oc-4b">
         <name>.debug_abbrev</name>
         <load_address>0x87f</load_address>
         <run_address>0x87f</run_address>
         <size>0x26</size>
         <input_file_ref idref="fl-22"/>
      </object_component>
      <object_component id="oc-51">
         <name>.debug_abbrev</name>
         <load_address>0x8a5</load_address>
         <run_address>0x8a5</run_address>
         <size>0x9f</size>
         <input_file_ref idref="fl-23"/>
      </object_component>
      <object_component id="oc-57">
         <name>.debug_abbrev</name>
         <load_address>0x944</load_address>
         <run_address>0x944</run_address>
         <size>0x1f8</size>
         <input_file_ref idref="fl-24"/>
      </object_component>
      <object_component id="oc-5b">
         <name>.debug_abbrev</name>
         <load_address>0xb3c</load_address>
         <run_address>0xb3c</run_address>
         <size>0xec</size>
         <input_file_ref idref="fl-25"/>
      </object_component>
      <object_component id="oc-5f">
         <name>.debug_abbrev</name>
         <load_address>0xc28</load_address>
         <run_address>0xc28</run_address>
         <size>0xd5</size>
         <input_file_ref idref="fl-26"/>
      </object_component>
      <object_component id="oc-63">
         <name>.debug_abbrev</name>
         <load_address>0xcfd</load_address>
         <run_address>0xcfd</run_address>
         <size>0x44</size>
         <input_file_ref idref="fl-27"/>
      </object_component>
      <object_component id="oc-67">
         <name>.debug_abbrev</name>
         <load_address>0xd41</load_address>
         <run_address>0xd41</run_address>
         <size>0xb7</size>
         <input_file_ref idref="fl-28"/>
      </object_component>
      <object_component id="oc-69">
         <name>.debug_abbrev</name>
         <load_address>0xdf8</load_address>
         <run_address>0xdf8</run_address>
         <size>0x68</size>
         <input_file_ref idref="fl-29"/>
      </object_component>
      <object_component id="oc-6d">
         <name>.debug_abbrev</name>
         <load_address>0xe60</load_address>
         <run_address>0xe60</run_address>
         <size>0x83</size>
         <input_file_ref idref="fl-2a"/>
      </object_component>
      <object_component id="oc-71">
         <name>.debug_abbrev</name>
         <load_address>0xee3</load_address>
         <run_address>0xee3</run_address>
         <size>0x112</size>
         <input_file_ref idref="fl-2b"/>
      </object_component>
      <object_component id="oc-75">
         <name>.debug_abbrev</name>
         <load_address>0xff5</load_address>
         <run_address>0xff5</run_address>
         <size>0xb5</size>
         <input_file_ref idref="fl-2c"/>
      </object_component>
      <object_component id="oc-79">
         <name>.debug_abbrev</name>
         <load_address>0x10aa</load_address>
         <run_address>0x10aa</run_address>
         <size>0x8f</size>
         <input_file_ref idref="fl-2d"/>
      </object_component>
      <object_component id="oc-7d">
         <name>.debug_abbrev</name>
         <load_address>0x1139</load_address>
         <run_address>0x1139</run_address>
         <size>0xb7</size>
         <input_file_ref idref="fl-2e"/>
      </object_component>
      <object_component id="oc-82">
         <name>.debug_abbrev</name>
         <load_address>0x11f0</load_address>
         <run_address>0x11f0</run_address>
         <size>0xc2</size>
         <input_file_ref idref="fl-2f"/>
      </object_component>
      <object_component id="oc-86">
         <name>.debug_abbrev</name>
         <load_address>0x12b2</load_address>
         <run_address>0x12b2</run_address>
         <size>0x103</size>
         <input_file_ref idref="fl-30"/>
      </object_component>
      <object_component id="oc-8b">
         <name>.debug_abbrev</name>
         <load_address>0x13b5</load_address>
         <run_address>0x13b5</run_address>
         <size>0x140</size>
         <input_file_ref idref="fl-31"/>
      </object_component>
      <object_component id="oc-8f">
         <name>.debug_abbrev</name>
         <load_address>0x14f5</load_address>
         <run_address>0x14f5</run_address>
         <size>0x9a</size>
         <input_file_ref idref="fl-32"/>
      </object_component>
      <object_component id="oc-93">
         <name>.debug_abbrev</name>
         <load_address>0x158f</load_address>
         <run_address>0x158f</run_address>
         <size>0xd0</size>
         <input_file_ref idref="fl-33"/>
      </object_component>
      <object_component id="oc-97">
         <name>.debug_abbrev</name>
         <load_address>0x165f</load_address>
         <run_address>0x165f</run_address>
         <size>0xb7</size>
         <input_file_ref idref="fl-34"/>
      </object_component>
      <object_component id="oc-9b">
         <name>.debug_abbrev</name>
         <load_address>0x1716</load_address>
         <run_address>0x1716</run_address>
         <size>0x38</size>
         <input_file_ref idref="fl-35"/>
      </object_component>
      <object_component id="oc-a1">
         <name>.debug_abbrev</name>
         <load_address>0x174e</load_address>
         <run_address>0x174e</run_address>
         <size>0x225</size>
         <input_file_ref idref="fl-36"/>
      </object_component>
      <object_component id="oc-a5">
         <name>.debug_abbrev</name>
         <load_address>0x1973</load_address>
         <run_address>0x1973</run_address>
         <size>0xec</size>
         <input_file_ref idref="fl-37"/>
      </object_component>
      <object_component id="oc-a9">
         <name>.debug_abbrev</name>
         <load_address>0x1a5f</load_address>
         <run_address>0x1a5f</run_address>
         <size>0xb7</size>
         <input_file_ref idref="fl-38"/>
      </object_component>
      <object_component id="oc-ad">
         <name>.debug_abbrev</name>
         <load_address>0x1b16</load_address>
         <run_address>0x1b16</run_address>
         <size>0x38</size>
         <input_file_ref idref="fl-39"/>
      </object_component>
      <object_component id="oc-b1">
         <name>.debug_abbrev</name>
         <load_address>0x1b4e</load_address>
         <run_address>0x1b4e</run_address>
         <size>0xdc</size>
         <input_file_ref idref="fl-3a"/>
      </object_component>
      <object_component id="oc-b5">
         <name>.debug_abbrev</name>
         <load_address>0x1c2a</load_address>
         <run_address>0x1c2a</run_address>
         <size>0x81</size>
         <input_file_ref idref="fl-3b"/>
      </object_component>
      <object_component id="oc-b9">
         <name>.debug_abbrev</name>
         <load_address>0x1cab</load_address>
         <run_address>0x1cab</run_address>
         <size>0xa6</size>
         <input_file_ref idref="fl-3c"/>
      </object_component>
      <object_component id="oc-bd">
         <name>.debug_abbrev</name>
         <load_address>0x1d51</load_address>
         <run_address>0x1d51</run_address>
         <size>0xb5</size>
         <input_file_ref idref="fl-3d"/>
      </object_component>
      <object_component id="oc-c1">
         <name>.debug_abbrev</name>
         <load_address>0x1e06</load_address>
         <run_address>0x1e06</run_address>
         <size>0x8f</size>
         <input_file_ref idref="fl-3e"/>
      </object_component>
      <object_component id="oc-c6">
         <name>.debug_abbrev</name>
         <load_address>0x1e95</load_address>
         <run_address>0x1e95</run_address>
         <size>0x15a</size>
         <input_file_ref idref="fl-3f"/>
      </object_component>
      <object_component id="oc-cc">
         <name>.debug_abbrev</name>
         <load_address>0x1fef</load_address>
         <run_address>0x1fef</run_address>
         <size>0xde</size>
         <input_file_ref idref="fl-40"/>
      </object_component>
      <object_component id="oc-d0">
         <name>.debug_abbrev</name>
         <load_address>0x20cd</load_address>
         <run_address>0x20cd</run_address>
         <size>0x38</size>
         <input_file_ref idref="fl-41"/>
      </object_component>
      <object_component id="oc-d4">
         <name>.debug_abbrev</name>
         <load_address>0x2105</load_address>
         <run_address>0x2105</run_address>
         <size>0xd1</size>
         <input_file_ref idref="fl-42"/>
      </object_component>
      <object_component id="oc-d8">
         <name>.debug_abbrev</name>
         <load_address>0x21d6</load_address>
         <run_address>0x21d6</run_address>
         <size>0xd4</size>
         <input_file_ref idref="fl-43"/>
      </object_component>
      <object_component id="oc-dc">
         <name>.debug_abbrev</name>
         <load_address>0x22aa</load_address>
         <run_address>0x22aa</run_address>
         <size>0xa6</size>
         <input_file_ref idref="fl-44"/>
      </object_component>
      <object_component id="oc-e0">
         <name>.debug_abbrev</name>
         <load_address>0x2350</load_address>
         <run_address>0x2350</run_address>
         <size>0x136</size>
         <input_file_ref idref="fl-45"/>
      </object_component>
      <object_component id="oc-e4">
         <name>.debug_abbrev</name>
         <load_address>0x2486</load_address>
         <run_address>0x2486</run_address>
         <size>0x81</size>
         <input_file_ref idref="fl-46"/>
      </object_component>
      <object_component id="oc-e8">
         <name>.debug_abbrev</name>
         <load_address>0x2507</load_address>
         <run_address>0x2507</run_address>
         <size>0xd1</size>
         <input_file_ref idref="fl-47"/>
      </object_component>
      <object_component id="oc-ec">
         <name>.debug_abbrev</name>
         <load_address>0x25d8</load_address>
         <run_address>0x25d8</run_address>
         <size>0x10b</size>
         <input_file_ref idref="fl-48"/>
      </object_component>
      <object_component id="oc-f2">
         <name>.debug_abbrev</name>
         <load_address>0x26e3</load_address>
         <run_address>0x26e3</run_address>
         <size>0x1a2</size>
         <input_file_ref idref="fl-49"/>
      </object_component>
      <object_component id="oc-f9">
         <name>.debug_abbrev</name>
         <load_address>0x2885</load_address>
         <run_address>0x2885</run_address>
         <size>0x1de</size>
         <input_file_ref idref="fl-4a"/>
      </object_component>
      <object_component id="oc-fd">
         <name>.debug_abbrev</name>
         <load_address>0x2a63</load_address>
         <run_address>0x2a63</run_address>
         <size>0x118</size>
         <input_file_ref idref="fl-4b"/>
      </object_component>
      <object_component id="oc-101">
         <name>.debug_abbrev</name>
         <load_address>0x2b7b</load_address>
         <run_address>0x2b7b</run_address>
         <size>0xbf</size>
         <input_file_ref idref="fl-4c"/>
      </object_component>
      <object_component id="oc-127">
         <name>.debug_abbrev</name>
         <load_address>0x2c3a</load_address>
         <run_address>0x2c3a</run_address>
         <size>0xd</size>
      </object_component>
   </object_component_list>
   <logical_group_list>
      <logical_group id="lg-121">
         <name>.text</name>
         <load_address>0x20000</load_address>
         <run_address>0x20000</run_address>
         <size>0x4933</size>
         <contents>
            <object_component_ref idref="oc-52"/>
            <object_component_ref idref="oc-9c"/>
            <object_component_ref idref="oc-c2"/>
            <object_component_ref idref="oc-f3"/>
            <object_component_ref idref="oc-6e"/>
            <object_component_ref idref="oc-ed"/>
            <object_component_ref idref="oc-94"/>
            <object_component_ref idref="oc-d5"/>
            <object_component_ref idref="oc-2f"/>
            <object_component_ref idref="oc-24"/>
            <object_component_ref idref="oc-64"/>
            <object_component_ref idref="oc-1f"/>
            <object_component_ref idref="oc-87"/>
            <object_component_ref idref="oc-ae"/>
            <object_component_ref idref="oc-18"/>
            <object_component_ref idref="oc-e9"/>
            <object_component_ref idref="oc-d1"/>
            <object_component_ref idref="oc-29"/>
            <object_component_ref idref="oc-dd"/>
            <object_component_ref idref="oc-ca"/>
            <object_component_ref idref="oc-83"/>
            <object_component_ref idref="oc-72"/>
            <object_component_ref idref="oc-12"/>
            <object_component_ref idref="oc-a2"/>
            <object_component_ref idref="oc-fa"/>
            <object_component_ref idref="oc-e1"/>
            <object_component_ref idref="oc-8c"/>
            <object_component_ref idref="oc-ba"/>
            <object_component_ref idref="oc-7a"/>
            <object_component_ref idref="oc-c7"/>
            <object_component_ref idref="oc-e5"/>
            <object_component_ref idref="oc-7e"/>
            <object_component_ref idref="oc-5c"/>
            <object_component_ref idref="oc-34"/>
            <object_component_ref idref="oc-44"/>
            <object_component_ref idref="oc-60"/>
            <object_component_ref idref="oc-58"/>
            <object_component_ref idref="oc-b6"/>
            <object_component_ref idref="oc-d9"/>
            <object_component_ref idref="oc-aa"/>
            <object_component_ref idref="oc-3d"/>
            <object_component_ref idref="oc-10"/>
            <object_component_ref idref="oc-76"/>
            <object_component_ref idref="oc-cd"/>
            <object_component_ref idref="oc-a6"/>
            <object_component_ref idref="oc-90"/>
            <object_component_ref idref="oc-be"/>
            <object_component_ref idref="oc-98"/>
            <object_component_ref idref="oc-4c"/>
            <object_component_ref idref="oc-b2"/>
            <object_component_ref idref="oc-fe"/>
            <object_component_ref idref="oc-41"/>
            <object_component_ref idref="oc-48"/>
         </contents>
      </logical_group>
      <split_section id="lg-2">
         <name>.text</name>
         <contents>
            <logical_group_ref idref="lg-121"/>
         </contents>
      </split_section>
      <logical_group id="lg-3">
         <name>.stack</name>
         <run_address>0xc0</run_address>
         <size>0x2000</size>
         <contents>
            <object_component_ref idref="oc-39"/>
            <object_component_ref idref="oc-11d"/>
         </contents>
[...]
      <symbol id="sm-84">
         <name>_I2C_read</name>
         <value>0x23b17</value>
         <object_component_ref idref="oc-18"/>
      </symbol>
      <symbol id="sm-85">
         <name>_I2C_write</name>
         <value>0x23a9d</value>
         <object_component_ref idref="oc-18"/>
      </symbol>
      <symbol id="sm-86">
         <name>_I2C_init</name>
         <value>0x23a67</value>
         <object_component_ref idref="oc-18"/>
      </symbol>
      <symbol id="sm-87">
         <name>_I2C_close</name>
         <value>0x23a86</value>
         <object_component_ref idref="oc-18"/>
      </symbol>
      <symbol id="sm-88">
         <name>_i2c_timeout</name>
         <value>0x5492</value>
         <object_component_ref idref="oc-19"/>
      </symbol>
      <symbol id="sm-9c">
         <name>_EVM5515_GPIO_getInput</name>
         <value>0x23760</value>
         <object_component_ref idref="oc-1f"/>
      </symbol>
      <symbol id="sm-9d">
         <name>_EVM5515_GPIO_setOutput</name>
         <value>0x236e3</value>
         <object_component_ref idref="oc-1f"/>
      </symbol>
      <symbol id="sm-9e">
         <name>_EVM5515_GPIO_setDirection</name>
         <value>0x23658</value>
         <object_component_ref idref="oc-1f"/>
      </symbol>
      <symbol id="sm-9f">
         <name>_EVM5515_GPIO_init</name>
         <value>0x23654</value>
         <object_component_ref idref="oc-1f"/>
      </symbol>
      <symbol id="sm-c6">
         <name>_aic3204_tone_headphone</name>
         <value>0x23220</value>
         <object_component_ref idref="oc-24"/>
      </symbol>
      <symbol id="sm-d5">
         <name>_AIC3204_rset</name>
         <value>0x23d9e</value>
         <object_component_ref idref="oc-29"/>
      </symbol>
      <symbol id="sm-d6">
         <name>_aic3204_test</name>
         <value>0x23dc0</value>
         <object_component_ref idref="oc-29"/>
      </symbol>
      <symbol id="sm-d7">
         <name>_AIC3204_rget</name>
         <value>0x23d53</value>
         <object_component_ref idref="oc-29"/>
      </symbol>
      <symbol id="sm-fd">
         <name>_aic3204_loop_mic_in</name>
         <value>0x22fc7</value>
         <object_component_ref idref="oc-2f"/>
      </symbol>
      <symbol id="sm-10b">
         <name>_EVM5515_init</name>
         <value>0x2460b</value>
         <object_component_ref idref="oc-34"/>
      </symbol>
      <symbol id="sm-10c">
         <name>_EVM5515_waitusec</name>
         <value>0x245f9</value>
         <object_component_ref idref="oc-34"/>
      </symbol>
      <symbol id="sm-10d">
         <name>_EVM5515_wait</name>
         <value>0x245c5</value>
         <object_component_ref idref="oc-34"/>
      </symbol>
      <symbol id="sm-119">
         <name>__sysstack</name>
         <value>0x20c0</value>
         <object_component_ref idref="oc-102"/>
      </symbol>
      <symbol id="sm-11a">
         <name>_c_int00</name>
         <value>0x24811</value>
         <object_component_ref idref="oc-10"/>
      </symbol>
      <symbol id="sm-11b">
         <name>__stack</name>
         <value>0xc0</value>
         <object_component_ref idref="oc-39"/>
      </symbol>
      <symbol id="sm-12b">
         <name>C$$EXIT</name>
         <value>0x2492a</value>
         <object_component_ref idref="oc-41"/>
      </symbol>
      <symbol id="sm-12c">
         <name>_exit</name>
         <value>0x247d3</value>
         <object_component_ref idref="oc-3d"/>
      </symbol>
      <symbol id="sm-12d">
         <name>_abort</name>
         <value>0x24929</value>
         <object_component_ref idref="oc-41"/>
      </symbol>
      <symbol id="sm-12e">
         <name>__cleanup_ptr</name>
         <value>0x558c</value>
         <object_component_ref idref="oc-3e"/>
      </symbol>
      <symbol id="sm-12f">
         <name>__dtors_ptr</name>
         <value>0x5590</value>
         <object_component_ref idref="oc-3e"/>
      </symbol>
      <symbol id="sm-139">
         <name>_printf</name>
         <value>0x24619</value>
         <object_component_ref idref="oc-44"/>
      </symbol>
      <symbol id="sm-143">
         <name>_Reset</name>
         <value>0x4fe00</value>
         <object_component_ref idref="oc-11"/>
      </symbol>
      <symbol id="sm-151">
         <name>__unlock</name>
         <value>0x5588</value>
         <object_component_ref idref="oc-4d"/>
      </symbol>
      <symbol id="sm-152">
         <name>__lock</name>
         <value>0x5584</value>
         <object_component_ref idref="oc-4d"/>
      </symbol>
      <symbol id="sm-153">
         <name>__register_lock</name>
         <value>0x24905</value>
         <object_component_ref idref="oc-4c"/>
      </symbol>
      <symbol id="sm-154">
         <name>__nop</name>
         <value>0x2490d</value>
         <object_component_ref idref="oc-4c"/>
      </symbol>
      <symbol id="sm-155">
         <name>__register_unlock</name>
         <value>0x248fd</value>
         <object_component_ref idref="oc-4c"/>
      </symbol>
      <symbol id="sm-167">
         <name>__printfi</name>
         <value>0x21362</value>
         <object_component_ref idref="oc-52"/>
      </symbol>
      <symbol id="sm-171">
         <name>__args_main</name>
         <value>0x246b6</value>
         <object_component_ref idref="oc-58"/>
      </symbol>
      <symbol id="sm-172">
         <name>__TI_args_main</name>
         <value>0x1</value>
      </symbol>
      <symbol id="sm-17c">
         <name>_atoi</name>
         <value>0x24569</value>
         <object_component_ref idref="oc-5c"/>
      </symbol>
      <symbol id="sm-184">
         <name>_auto_init</name>
         <value>0x24669</value>
         <object_component_ref idref="oc-60"/>
      </symbol>
      <symbol id="sm-18e">
         <name>__eqld</name>
         <value>0x235c8</value>
         <object_component_ref idref="oc-64"/>
      </symbol>
      <symbol id="sm-18f">
         <name>__cmpd</name>
         <value>0x235fc</value>
         <object_component_ref idref="oc-64"/>
      </symbol>
      <symbol id="sm-190">
         <name>__neqd</name>
         <value>0x2346a</value>
         <object_component_ref idref="oc-64"/>
      </symbol>
      <symbol id="sm-191">
         <name>__gtrd</name>
         <value>0x23533</value>
         <object_component_ref idref="oc-64"/>
      </symbol>
      <symbol id="sm-192">
         <name>__geqd</name>
         <value>0x2357e</value>
         <object_component_ref idref="oc-64"/>
      </symbol>
      <symbol id="sm-193">
         <name>__leqd</name>
         <value>0x234e6</value>
         <object_component_ref idref="oc-64"/>
      </symbol>
      <symbol id="sm-194">
         <name>__lssd</name>
         <value>0x2349e</value>
         <object_component_ref idref="oc-64"/>
      </symbol>
      <symbol id="sm-19c">
         <name>__ctypes_</name>
         <value>0x5594</value>
         <object_component_ref idref="oc-104"/>
      </symbol>
      <symbol id="sm-1a6">
         <name>__tmpnams</name>
         <value>0x51b0</value>
         <object_component_ref idref="oc-6a"/>
      </symbol>
      <symbol id="sm-1a7">
         <name>__ft_end</name>
         <value>0x52f0</value>
         <object_component_ref idref="oc-6a"/>
      </symbol>
      <symbol id="sm-1a8">
         <name>__ftable</name>
         <value>0x50c0</value>
         <object_component_ref idref="oc-6a"/>
      </symbol>
      <symbol id="sm-1b4">
         <name>__divd</name>
         <value>0x224c4</value>
         <object_component_ref idref="oc-6e"/>
      </symbol>
      <symbol id="sm-1bf">
         <name>__divul</name>
         <value>0x2403b</value>
         <object_component_ref idref="oc-72"/>
      </symbol>
      <symbol id="sm-1c9">
         <name>__fixdi</name>
         <value>0x24845</value>
         <object_component_ref idref="oc-76"/>
      </symbol>
      <symbol id="sm-1d3">
         <name>__fixdli</name>
         <value>0x243bb</value>
         <object_component_ref idref="oc-7a"/>
      </symbol>
      <symbol id="sm-1df">
         <name>__fltlid</name>
         <value>0x24502</value>
         <object_component_ref idref="oc-7e"/>
      </symbol>
      <symbol id="sm-1e9">
         <name>_putchar</name>
         <value>0x2402c</value>
         <object_component_ref idref="oc-83"/>
      </symbol>
      <symbol id="sm-1ea">
         <name>_putc</name>
         <value>0x23f95</value>
         <object_component_ref idref="oc-83"/>
      </symbol>
      <symbol id="sm-1eb">
         <name>_fputc</name>
         <value>0x23f95</value>
         <object_component_ref idref="oc-83"/>
      </symbol>
      <symbol id="sm-1f9">
         <name>_puts</name>
         <value>0x238ed</value>
         <object_component_ref idref="oc-87"/>
      </symbol>
      <symbol id="sm-1fa">
         <name>_fputs</name>
         <value>0x237b8</value>
         <object_component_ref idref="oc-87"/>
      </symbol>
      <symbol id="sm-204">
         <name>__frcmpyd_div</name>
         <value>0x242d6</value>
         <object_component_ref idref="oc-8c"/>
      </symbol>
      <symbol id="sm-20e">
         <name>___isinf</name>
         <value>0x248bc</value>
         <object_component_ref idref="oc-90"/>
      </symbol>
      <symbol id="sm-218">
         <name>__divull</name>
         <value>0x22c44</value>
         <object_component_ref idref="oc-94"/>
      </symbol>
      <symbol id="sm-219">
         <name>__mpylli</name>
         <value>0x22b8c</value>
         <object_component_ref idref="oc-94"/>
      </symbol>
      <symbol id="sm-21a">
         <name>__remlli</name>
         <value>0x22b5d</value>
         <object_component_ref idref="oc-94"/>
      </symbol>
      <symbol id="sm-21b">
         <name>__divlli</name>
         <value>0x22d38</value>
         <object_component_ref idref="oc-94"/>
      </symbol>
      <symbol id="sm-21c">
         <name>__remull</name>
         <value>0x22b0f</value>
         <object_component_ref idref="oc-94"/>
      </symbol>
      <symbol id="sm-224">
         <name>__mpyli</name>
         <value>0x248ea</value>
         <object_component_ref idref="oc-98"/>
      </symbol>
      <symbol id="sm-225">
         <name>I$$LMPY</name>
         <value>0x248ea</value>
         <object_component_ref idref="oc-98"/>
      </symbol>
      <symbol id="sm-237">
         <name>_add_device</name>
         <value>0x219f7</value>
         <object_component_ref idref="oc-9c"/>
      </symbol>
      <symbol id="sm-238">
         <name>_rename</name>
         <value>0x21719</value>
         <object_component_ref idref="oc-9c"/>
      </symbol>
      <symbol id="sm-239">
         <name>_read</name>
         <value>0x217a8</value>
         <object_component_ref idref="oc-9c"/>
      </symbol>
      <symbol id="sm-23a">
         <name>_unlink</name>
         <value>0x216e6</value>
         <object_component_ref idref="oc-9c"/>
      </symbol>
      <symbol id="sm-23b">
         <name>_remove_device</name>
         <value>0x21772</value>
         <object_component_ref idref="oc-9c"/>
      </symbol>
      <symbol id="sm-23c">
         <name>_open</name>
         <value>0x21856</value>
         <object_component_ref idref="oc-9c"/>
      </symbol>
      <symbol id="sm-23d">
         <name>_find_registered_device</name>
         <value>0x2197b</value>
         <object_component_ref idref="oc-9c"/>
      </symbol>
      <symbol id="sm-23e">
         <name>_lseek</name>
         <value>0x21915</value>
         <object_component_ref idref="oc-9c"/>
      </symbol>
      <symbol id="sm-23f">
         <name>_close</name>
         <value>0x21984</value>
         <object_component_ref idref="oc-9c"/>
      </symbol>
      <symbol id="sm-240">
         <name>_write</name>
         <value>0x215a4</value>
         <object_component_ref idref="oc-9c"/>
      </symbol>
      <symbol id="sm-24a">
         <name>_ltoa</name>
         <value>0x24168</value>
         <object_component_ref idref="oc-a2"/>
      </symbol>
      <symbol id="sm-255">
         <name>_memccpy</name>
         <value>0x24899</value>
         <object_component_ref idref="oc-a6"/>
      </symbol>
      <symbol id="sm-25d">
         <name>_memcpy</name>
         <value>0x24794</value>
         <object_component_ref idref="oc-aa"/>
      </symbol>
      <symbol id="sm-267">
         <name>__mpyd</name>
         <value>0x2391b</value>
         <object_component_ref idref="oc-ae"/>
      </symbol>
      <symbol id="sm-271">
         <name>__negd</name>
         <value>0x2490f</value>
         <object_component_ref idref="oc-b2"/>
      </symbol>
      <symbol id="sm-27b">
         <name>__remli</name>
         <value>0x24701</value>
         <object_component_ref idref="oc-b6"/>
      </symbol>
      <symbol id="sm-286">
         <name>__remul</name>
         <value>0x24349</value>
         <object_component_ref idref="oc-ba"/>
      </symbol>
      <symbol id="sm-290">
         <name>__subd</name>
         <value>0x248d6</value>
         <object_component_ref idref="oc-be"/>
      </symbol>
      <symbol id="sm-29c">
         <name>_HOSTopen</name>
         <value>0x21df2</value>
         <object_component_ref idref="oc-c2"/>
      </symbol>
      <symbol id="sm-29d">
         <name>_HOSTread</name>
         <value>0x21d65</value>
         <object_component_ref idref="oc-c2"/>
      </symbol>
      <symbol id="sm-29e">
         <name>_HOSTtime</name>
         <value>0x21c59</value>
         <object_component_ref idref="oc-c2"/>
      </symbol>
      <symbol id="sm-29f">
         <name>_getenv</name>
         <value>0x21ae7</value>
         <object_component_ref idref="oc-c2"/>
      </symbol>
      <symbol id="sm-2a0">
         <name>_HOSTrename</name>
         <value>0x21cb7</value>
         <object_component_ref idref="oc-c2"/>
      </symbol>
      <symbol id="sm-2a1">
         <name>_HOSTclock</name>
         <value>0x21fb1</value>
         <object_component_ref idref="oc-c2"/>
      </symbol>
      <symbol id="sm-2a2">
         <name>_HOSTwrite</name>
         <value>0x21b62</value>
         <object_component_ref idref="oc-c2"/>
      </symbol>
      <symbol id="sm-2a3">
         <name>_HOSTlseek</name>
         <value>0x21e91</value>
         <object_component_ref idref="oc-c2"/>
      </symbol>
      <symbol id="sm-2a4">
         <name>_HOSTunlink</name>
         <value>0x21bef</value>
         <object_component_ref idref="oc-c2"/>
      </symbol>
      <symbol id="sm-2a5">
         <name>_HOSTclose</name>
         <value>0x21f46</value>
         <object_component_ref idref="oc-c2"/>
      </symbol>
      <symbol id="sm-2b7">
         <name>C$$IO$$</name>
         <value>0x23f90</value>
         <object_component_ref idref="oc-ca"/>
      </symbol>
      <symbol id="sm-2b8">
         <name>__CIOBUF_</name>
         <value>0x40000</value>
         <object_component_ref idref="oc-c9"/>
      </symbol>
      <symbol id="sm-2b9">
         <name>_readmsg</name>
         <value>0x2442a</value>
         <object_component_ref idref="oc-c7"/>
      </symbol>
      <symbol id="sm-2ba">
         <name>_writemsg</name>
         <value>0x23edb</value>
         <object_component_ref idref="oc-ca"/>
      </symbol>
      <symbol id="sm-2c2">
         <name>__remu</name>
         <value>0x24884</value>
         <object_component_ref idref="oc-cd"/>
      </symbol>
      <symbol id="sm-2c3">
         <name>__divu</name>
         <value>0x2486f</value>
         <object_component_ref idref="oc-cd"/>
      </symbol>
      <symbol id="sm-2c4">
         <name>I$$UMOD</name>
         <value>0x24884</value>
         <object_component_ref idref="oc-cd"/>
      </symbol>
      <symbol id="sm-2c5">
         <name>I$$UDIV</name>
         <value>0x2486f</value>
         <object_component_ref idref="oc-cd"/>
      </symbol>
      <symbol id="sm-2cf">
         <name>__rd_ok</name>
         <value>0x23cf6</value>
         <object_component_ref idref="oc-d1"/>
      </symbol>
      <symbol id="sm-2d0">
         <name>__wrt_ok</name>
         <value>0x23c76</value>
         <object_component_ref idref="oc-d1"/>
      </symbol>
      <symbol id="sm-2da">
         <name>__addd</name>
         <value>0x22d6d</value>
         <object_component_ref idref="oc-d5"/>
      </symbol>
      <symbol id="sm-2e4">
         <name>__divli</name>
         <value>0x2474c</value>
         <object_component_ref idref="oc-d9"/>
      </symbol>
      <symbol id="sm-2ee">
         <name>__doflush</name>
         <value>0x23e19</value>
         <object_component_ref idref="oc-dd"/>
      </symbol>
      <symbol id="sm-2ef">
         <name>_fflush</name>
         <value>0x23e82</value>
         <object_component_ref idref="oc-dd"/>
      </symbol>
      <symbol id="sm-2f9">
         <name>__frcmpyd</name>
         <value>0x24260</value>
         <object_component_ref idref="oc-e1"/>
      </symbol>
      <symbol id="sm-303">
         <name>_fseek</name>
         <value>0x24497</value>
         <object_component_ref idref="oc-e5"/>
      </symbol>
      <symbol id="sm-30d">
         <name>_setvbuf</name>
         <value>0x23b90</value>
         <object_component_ref idref="oc-e9"/>
      </symbol>
      <symbol id="sm-31c">
         <name>__cleanup</name>
         <value>0x229b1</value>
         <object_component_ref idref="oc-ed"/>
      </symbol>
      <symbol id="sm-31d">
         <name>_fopen</name>
         <value>0x22ad4</value>
         <object_component_ref idref="oc-ed"/>
      </symbol>
      <symbol id="sm-31e">
         <name>_freopen</name>
         <value>0x22a0b</value>
         <object_component_ref idref="oc-ed"/>
      </symbol>
      <symbol id="sm-32e">
         <name>__sys_memory</name>
         <value>0x30c0</value>
         <object_component_ref idref="oc-f7"/>
      </symbol>
      <symbol id="sm-32f">
         <name>_chkheap</name>
         <value>0x22496</value>
         <object_component_ref idref="oc-f3"/>
      </symbol>
      <symbol id="sm-330">
         <name>_realloc</name>
         <value>0x22235</value>
         <object_component_ref idref="oc-f3"/>
      </symbol>
      <symbol id="sm-331">
         <name>_free_memory</name>
         <value>0x22440</value>
         <object_component_ref idref="oc-f3"/>
      </symbol>
      <symbol id="sm-332">
         <name>_max_free</name>
         <value>0x223e6</value>
         <object_component_ref idref="oc-f3"/>
      </symbol>
      <symbol id="sm-333">
         <name>_free</name>
         <value>0x2200f</value>
         <object_component_ref idref="oc-f3"/>
      </symbol>
      <symbol id="sm-334">
         <name>_calloc</name>
         <value>0x2249e</value>
         <object_component_ref idref="oc-f3"/>
      </symbol>
      <symbol id="sm-335">
         <name>_malloc</name>
         <value>0x22140</value>
         <object_component_ref idref="oc-f3"/>
      </symbol>
      <symbol id="sm-336">
         <name>_minit</name>
         <value>0x220db</value>
         <object_component_ref idref="oc-f3"/>
      </symbol>
      <symbol id="sm-340">
         <name>_fclose</name>
         <value>0x241e5</value>
         <object_component_ref idref="oc-fa"/>
      </symbol>
      <symbol id="sm-34a">
         <name>_remove</name>
         <value>0x2491f</value>
         <object_component_ref idref="oc-fe"/>
      </symbol>
   </symbol_table>
</link_info>
