******************************************************************************
              TMS320C55x Linker PC v4.4.1                      
******************************************************************************
>> Linked Mon Oct 12 21:17:19 2015

OUTPUT FILE NAME:   <audio_proj2.out>
ENTRY POINT SYMBOL: "_c_int00"  address: 00024ee5


MEMORY CONFIGURATION

         name            origin    length      used     unused   attr    fill
                        (bytes)   (bytes)    (bytes)   (bytes)
----------------------  --------  ---------  --------  --------  ----  --------
PAGE 0:
  MMR                   00000000   000000c0  00000000  000000c0  RWIX
  DARAM0                000000c0   0000ff40  00005938  0000a608  RWIX
  SARAM0                00010000   00010000  00000000  00010000  RWIX
  SARAM1                00020000   00020000  00005007  0001aff9  RWIX
  SARAM2                00040000   0000fe00  00000330  0000fad0  RWIX
  VECS                  0004fe00   00000200  00000100  00000100  RWIX
  PDROM                 00ff8000   00008000  00000000  00008000  R IX

PAGE 2:
  IOPORT                00000000   00020000  00000000  00020000  RWI 


SECTION ALLOCATION MAP
(Addresses surrounded by []'s are displayed for convenience only!)

output                                                          attributes/
section   page  orgn(bytes) orgn(words) len(bytes) len(words)   input sections
--------  ----  ----------- ----------- ---------- ----------   --------------
.pinit       0   [ 00040000 ]  00020000          *   00000000   UNINITIALIZED

.stack       0   [ 000000c0 ]  00000060          *   00001000   UNINITIALIZED
                 [ 000000c0 ]  00000060          *   00001000   --HOLE--

.data        0   [ 000000c0 ]  00000060          *   00000000   UNINITIALIZED

.sysstack 
*            0   [ 000020c0 ]  00001060          *   00000800   UNINITIALIZED
                 [ 000020c0 ]  00001060          *   00000800   --HOLE--

.sysmem      0   [ 000030c0 ]  00001860          *   00001000   UNINITIALIZED
                 [ 000030c0 ]  00001860          *   00001000   --HOLE--

.bss         0   [ 000050c0 ]  00002860          *   0000026a   UNINITIALIZED
                 [ 000050c0 ]  00002860          *   00000119   rts55x.lib : defs.obj (.bss)
                 [ 000052f2 ]  00002979          *   000000d0              : trgdrv.obj (.bss)
                 [ 00005492 ]  00002a49          *   00000001   evm5515_i2c.obj (.bss)
                 [ 00005494 ]  00002a4a          *   00000071   rts55x.lib : lowlev.obj (.bss)
                 [ 00005576 ]  00002abb          *   00000001              : fopen.obj (.bss)
                 [ 00005578 ]  00002abc          *   00000006              : memory.obj (.bss)
                 [ 00005584 ]  00002ac2          *   00000004              : _lock.obj (.bss)
                 [ 0000558c ]  00002ac6          *   00000004              : exit.obj (.bss)

.const.1     0   [ 00005594 ]  00002aca          *   00000101   
                 [ 00005594 ]  00002aca          *   00000101   rts55x.lib : ctype.obj (.const:__ctypes_)

.const.2     0   [ 00005798 ]  00002bcc          *   000000db   
                 [ 00005798 ]  00002bcc          *   0000007b   main.obj (.const:.string)
                 [ 0000588e ]  00002c47          *   00000030   aic3204_tone_headphone.obj (.const:_$P$T0$1)
                 [ 000058ee ]  00002c77          *   00000030   aic3204_tone_stereo_out.obj (.const:_$P$T0$1)

.const.3     0   [ 00005950 ]  00002ca8          *   00000056   
                 [ 00005950 ]  00002ca8          *   00000024   rts55x.lib : _printfi.obj (.const:.string)
                 [ 00005998 ]  00002ccc          *   0000001a   aic3204_test.obj (.const:.string)
                 [ 000059cc ]  00002ce6          *   0000000c   rts55x.lib : _printfi.obj (.const)
                 [ 000059e4 ]  00002cf2          *   00000008              : divd.obj (.const:_initial_approx$1)
                 [ 000059f4 ]  00002cfa          *   00000002              : fputs.obj (.const:.string)
                 [ 000059f8 ]  00002cfc          *   00000002              : fltlid.obj (.const)

.text        0     00020000  [ 00010000 ] 00005007          *   
                   00020000  [ 00010000 ] 000015a4          *   rts55x.lib : _printfi.obj (.text)
                   000215a4  [ 00010ad2 ] 00000543          *              : lowlev.obj (.text)
                   00021ae7  [ 00010d73+] 00000528          *              : trgdrv.obj (.text)
                   0002200f  [ 00011007+] 000004b5          *              : memory.obj (.text)
                   000224c4  [ 00011262 ] 000003cc          *              : divd.obj (.text)
                   00022890  [ 00011448 ] 0000027f          *              : fopen.obj (.text)
                   00022b0f  [ 00011587+] 0000025e          *              : llmpy.obj (.text)
                   00022d6d  [ 000116b6+] 0000025a          *              : addd.obj (.text)
                   00022fc7  [ 000117e3+] 00000259          *   aic3204_loop_mic_in.obj (.text)
                   00023220  [ 00011910 ] 0000024a          *   aic3204_tone_headphone.obj (.text)
                   0002346a  [ 00011a35 ] 00000249          *   aic3204_loop_stereo_in1.obj (.text)
                   000236b3  [ 00011b59+] 00000248          *   aic3204_tone_stereo_out.obj (.text)
                   000238fb  [ 00011c7d+] 00000243          *   aic3204_loop_stereo_in2.obj (.text)
                   00023b3e  [ 00011d9f ] 000001ea          *   rts55x.lib : cmpd.obj (.text)
                   00023d28  [ 00011e94 ] 00000164          *   evm5515_gpio.obj (.text)
                   00023e8c  [ 00011f46 ] 00000163          *   rts55x.lib : fputs.obj (.text)
                   00023fef  [ 00011ff7+] 0000014c          *              : mpyd.obj (.text)
                   0002413b  [ 0001209d+] 00000129          *   evm5515_i2c.obj (.text)
                   00024264  [ 00012132 ] 000000e6          *   rts55x.lib : setvbuf.obj (.text)
                   0002434a  [ 000121a5 ] 000000dd          *              : _io_perm.obj (.text)
                   00024427  [ 00012213+] 000000c6          *   aic3204_test.obj (.text)
                   000244ed  [ 00012276+] 000000c2          *   rts55x.lib : fflush.obj (.text)
                   000245af  [ 000122d7+] 000000ba          *              : trgmsg.obj (.text:CIO_breakpoint)
                   00024669  [ 00012334+] 000000a6          *              : fputc.obj (.text)
                   0002470f  [ 00012387+] 000000a1          *              : divul.obj (.text)
                   000247b0  [ 000123d8 ] 0000008c          *   main.obj (.text)
                   0002483c  [ 0001241e ] 0000007d          *   rts55x.lib : ltoa.obj (.text)
                   000248b9  [ 0001245c+] 0000007b          *              : fclose.obj (.text)
                   00024934  [ 0001249a ] 00000076          *              : frcmpyd.obj (.text)
                   000249aa  [ 000124d5 ] 00000073          *              : frcmpyd_div.obj (.text)
                   00024a1d  [ 0001250e+] 00000072          *              : remul.obj (.text)
                   00024a8f  [ 00012547+] 0000006f          *              : fixdli.obj (.text)
                   00024afe  [ 0001257f ] 0000006d          *              : trgmsg.obj (.text)
                   00024b6b  [ 000125b5+] 0000006b          *              : fseek.obj (.text)
                   00024bd6  [ 000125eb ] 00000067          *              : fltlid.obj (.text)
                   00024c3d  [ 0001261e+] 0000005c          *              : atoi.obj (.text)
                   00024c99  [ 0001264c+] 00000054          *   evm5515.obj (.text)
                   00024ced  [ 00012676+] 00000050          *   rts55x.lib : printf.obj (.text)
                   00024d3d  [ 0001269e+] 0000004d          *              : autoinit.obj (.text)
                   00024d8a  [ 000126c5 ] 0000004b          *              : args_main.obj (.text)
                   00024dd5  [ 000126ea+] 0000004b          *              : remli.obj (.text)
                   00024e20  [ 00012710 ] 00000048          *              : divli.obj (.text)
                   00024e68  [ 00012734 ] 0000003f          *              : memcpy.obj (.text)
                   00024ea7  [ 00012753+] 0000003e          *              : exit.obj (.text)
                   00024ee5  [ 00012772+] 00000034          *              : boot.obj (.text)
                   00024f19  [ 0001278c+] 0000002a          *              : fixdi.obj (.text)
                   00024f43  [ 000127a1+] 0000002a          *              : udiv.obj (.text)
                   00024f6d  [ 000127b6+] 00000023          *              : memccpy.obj (.text)
                   00024f90  [ 000127c8 ] 0000001a          *              : isinf.obj (.text)
                   00024faa  [ 000127d5 ] 00000014          *              : subd.obj (.text)
                   00024fbe  [ 000127df ] 00000013          *              : lmpy.obj (.text)
                   00024fd1  [ 000127e8+] 00000012          *              : _lock.obj (.text)
                   00024fe3  [ 000127f1+] 00000010          *              : negd.obj (.text)
                   00024ff3  [ 000127f9+] 0000000a          *              : remove.obj (.text)
                   00024ffd  [ 000127fe+] 00000007          *              : exit.obj (.text:CIO_breakpoint)
                   00025004  [ 00012802 ] 00000002          *              : vectors.obj (.text)
                   00025006  [ 00012803 ] 00000001          *   --HOLE-- [fill = 20]

.cio         0   [ 00040000 ]  00020000          *   00000120   UNINITIALIZED
                 [ 00040000 ]  00020000          *   00000120   rts55x.lib : trgmsg.obj (.cio)

.cinit       0   [ 00040240 ]  00020120          *   00000078   
                 [ 00040240 ]  00020120          *   0000002d   rts55x.lib : lowlev.obj (.cinit)
                 [ 0004029a ]  0002014d          *   0000002a              : defs.obj (.cinit)
                 [ 000402ee ]  00020177          *   0000000a              : _lock.obj (.cinit)
                 [ 00040302 ]  00020181          *   0000000a              : exit.obj (.cinit)
                 [ 00040316 ]  0002018b          *   00000004   evm5515_i2c.obj (.cinit)
                 [ 0004031e ]  0002018f          *   00000004   rts55x.lib : fopen.obj (.cinit)
                 [ 00040326 ]  00020193          *   00000004              : memory.obj (.cinit)
                 [ 0004032e ]  00020197          *   00000001   --HOLE-- [fill = 0]

vectors      0     0004fe00  [ 00027f00 ] 00000100          *   
                   0004fe00  [ 00027f00 ] 00000100          *   rts55x.lib : vectors.obj (vectors)


GLOBAL SYMBOLS: SORTED ALPHABETICALLY BY Name 

abs. value/
byte addr   word addr   name
---------   ---------   ----
00000002                $TI_capability$C5500$CallingConvention
00000002                $TI_capability$C5500$MemoryModel
00000001                $TI_capability_requires_rev3
ffffffff                .bss
ffffffff                .data
ffffffff                .text
00024ffe                C$$EXIT
00024664                C$$IO$$
00024fbe                I$$LMPY
00024f43                I$$UDIV
00024f58                I$$UMOD
00024427                _AIC3204_rget
00024472                _AIC3204_rset
00023e34                _EVM5515_GPIO_getInput
00023d28                _EVM5515_GPIO_init
00023d2c                _EVM5515_GPIO_setDirection
00023db7                _EVM5515_GPIO_setOutput
0002415a                _EVM5515_I2C_close
0002413b                _EVM5515_I2C_init
000241eb                _EVM5515_I2C_read
00024163                _EVM5515_I2C_reset
00024171                _EVM5515_I2C_write
00024cdf                _EVM5515_init
00024c99                _EVM5515_wait
00024ccd                _EVM5515_waitusec
00021fb1                _HOSTclock
00021f46                _HOSTclose
00021e91                _HOSTlseek
00021df2                _HOSTopen
00021d65                _HOSTread
00021cb7                _HOSTrename
00021c59                _HOSTtime
00021bef                _HOSTunlink
00021b62                _HOSTwrite
0004fe00                _Reset
000247b0                _TEST_execute
            00020000    __CIOBUF_
            00001060    __STACK_END
00002000                __STACK_SIZE
00002000                __SYSMEM_SIZE
00001000                __SYSSTACK_SIZE
00000001                __TI_args_main
ffffffff                ___binit__
ffffffff                ___bss__
ffffffff                ___c_args__
            00020120    ___cinit__
ffffffff                ___data__
ffffffff                ___edata__
ffffffff                ___end__
ffffffff                ___etext__
00024f90                ___isinf
ffffffff                ___pinit__
ffffffff                ___text__
00022d6d                __addd
00024d8a                __args_main
000229b1                __cleanup
            00002ac6    __cleanup_ptr
00023cd0                __cmpd
            00002aca    __ctypes_
000224c4                __divd
00024e20                __divli
00022d38                __divlli
00024f43                __divu
0002470f                __divul
00022c44                __divull
000244ed                __doflush
            00002ac8    __dtors_ptr
00023c9c                __eqld
00024f19                __fixdi
00024a8f                __fixdli
00024bd6                __fltlid
00024934                __frcmpyd
000249aa                __frcmpyd_div
            00002978    __ft_end
            00002860    __ftable
00023c52                __geqd
00023c07                __gtrd
00023bba                __leqd
            00002ac2    __lock
00023b72                __lssd
00023fef                __mpyd
00024fbe                __mpyli
00022b8c                __mpylli
00024fe3                __negd
00023b3e                __neqd
00024fe1                __nop
00021362                __printfi
000243ca                __rd_ok
00024fd9                __register_lock
00024fd1                __register_unlock
00024dd5                __remli
00022b5d                __remlli
00024f58                __remu
00024a1d                __remul
00022b0f                __remull
            00000060    __stack
00024faa                __subd
            00001860    __sys_memory
            00001060    __sysstack
            000028d8    __tmpnams
            00002ac4    __unlock
0002434a                __wrt_ok
00024ffd                _abort
000219f7                _add_device
00022fc7                _aic3204_loop_mic_in
0002346a                _aic3204_loop_stereo_in1
000238fb                _aic3204_loop_stereo_in2
00024494                _aic3204_test
00023220                _aic3204_tone_headphone
000236b3                _aic3204_tone_stereo_out
00024c3d                _atoi
00024d3d                _auto_init
00024ee5                _c_int00
0002249e                _calloc
00022496                _chkheap
00021984                _close
00024ea7                _exit
000248b9                _fclose
00024556                _fflush
0002197b                _find_registered_device
00022ad4                _fopen
00024669                _fputc
00023e8c                _fputs
0002200f                _free
00022440                _free_memory
00022a0b                _freopen
00024b6b                _fseek
00021ae7                _getenv
            00002a49    _i2c_timeout
00021915                _lseek
0002483c                _ltoa
00024801                _main
00022140                _malloc
000223e6                _max_free
00024f6d                _memccpy
00024e68                _memcpy
000220db                _minit
00021856                _open
00024ced                _printf
00024669                _putc
00024700                _putchar
00023fc1                _puts
000217a8                _read
00024afe                _readmsg
00022235                _realloc
00024ff3                _remove
00021772                _remove_device
00021719                _rename
00024264                _setvbuf
000216e6                _unlink
000215a4                _write
000245af                _writemsg
ffffffff                binit
            00020120    cinit
ffffffff                edata
ffffffff                end
ffffffff                etext
ffffffff                pinit


GLOBAL SYMBOLS: SORTED BY Symbol Address 

abs. value/
byte addr   word addr   name
---------   ---------   ----
00000001                $TI_capability_requires_rev3
00000001                __TI_args_main
00000002                $TI_capability$C5500$CallingConvention
00000002                $TI_capability$C5500$MemoryModel
            00000060    __stack
00001000                __SYSSTACK_SIZE
00002000                __STACK_SIZE
00002000                __SYSMEM_SIZE
            00001060    __STACK_END
            00001060    __sysstack
            00001860    __sys_memory
            00002860    __ftable
            000028d8    __tmpnams
            00002978    __ft_end
            00002a49    _i2c_timeout
            00002ac2    __lock
            00002ac4    __unlock
            00002ac6    __cleanup_ptr
            00002ac8    __dtors_ptr
            00002aca    __ctypes_
00021362                __printfi
000215a4                _write
000216e6                _unlink
00021719                _rename
00021772                _remove_device
000217a8                _read
00021856                _open
00021915                _lseek
0002197b                _find_registered_device
00021984                _close
000219f7                _add_device
00021ae7                _getenv
00021b62                _HOSTwrite
00021bef                _HOSTunlink
00021c59                _HOSTtime
00021cb7                _HOSTrename
00021d65                _HOSTread
00021df2                _HOSTopen
00021e91                _HOSTlseek
00021f46                _HOSTclose
00021fb1                _HOSTclock
0002200f                _free
000220db                _minit
00022140                _malloc
00022235                _realloc
000223e6                _max_free
00022440                _free_memory
00022496                _chkheap
0002249e                _calloc
000224c4                __divd
000229b1                __cleanup
00022a0b                _freopen
00022ad4                _fopen
00022b0f                __remull
00022b5d                __remlli
00022b8c                __mpylli
00022c44                __divull
00022d38                __divlli
00022d6d                __addd
00022fc7                _aic3204_loop_mic_in
00023220                _aic3204_tone_headphone
0002346a                _aic3204_loop_stereo_in1
000236b3                _aic3204_tone_stereo_out
000238fb                _aic3204_loop_stereo_in2
00023b3e                __neqd
00023b72                __lssd
00023bba                __leqd
00023c07                __gtrd
00023c52                __geqd
00023c9c                __eqld
00023cd0                __cmpd
00023d28                _EVM5515_GPIO_init
00023d2c                _EVM5515_GPIO_setDirection
00023db7                _EVM5515_GPIO_setOutput
00023e34                _EVM5515_GPIO_getInput
00023e8c                _fputs
00023fc1                _puts
00023fef                __mpyd
0002413b                _EVM5515_I2C_init
0002415a                _EVM5515_I2C_close
00024163                _EVM5515_I2C_reset
00024171                _EVM5515_I2C_write
000241eb                _EVM5515_I2C_read
00024264                _setvbuf
0002434a                __wrt_ok
000243ca                __rd_ok
00024427                _AIC3204_rget
00024472                _AIC3204_rset
00024494                _aic3204_test
000244ed                __doflush
00024556                _fflush
000245af                _writemsg
00024664                C$$IO$$
00024669                _fputc
00024669                _putc
00024700                _putchar
0002470f                __divul
000247b0                _TEST_execute
00024801                _main
0002483c                _ltoa
000248b9                _fclose
00024934                __frcmpyd
000249aa                __frcmpyd_div
00024a1d                __remul
00024a8f                __fixdli
00024afe                _readmsg
00024b6b                _fseek
00024bd6                __fltlid
00024c3d                _atoi
00024c99                _EVM5515_wait
00024ccd                _EVM5515_waitusec
00024cdf                _EVM5515_init
00024ced                _printf
00024d3d                _auto_init
00024d8a                __args_main
00024dd5                __remli
00024e20                __divli
00024e68                _memcpy
00024ea7                _exit
00024ee5                _c_int00
00024f19                __fixdi
00024f43                I$$UDIV
00024f43                __divu
00024f58                I$$UMOD
00024f58                __remu
00024f6d                _memccpy
00024f90                ___isinf
00024faa                __subd
00024fbe                I$$LMPY
00024fbe                __mpyli
00024fd1                __register_unlock
00024fd9                __register_lock
00024fe1                __nop
00024fe3                __negd
00024ff3                _remove
00024ffd                _abort
00024ffe                C$$EXIT
            00020000    __CIOBUF_
            00020120    ___cinit__
            00020120    cinit
0004fe00                _Reset
ffffffff                .bss
ffffffff                .data
ffffffff                .text
ffffffff                ___binit__
ffffffff                ___bss__
ffffffff                ___c_args__
ffffffff                ___data__
ffffffff                ___edata__
ffffffff                ___end__
ffffffff                ___etext__
ffffffff                ___pinit__
ffffffff                ___text__
ffffffff                binit
ffffffff                edata
ffffffff                end
ffffffff                etext
ffffffff                pinit

[158 symbols]
