******************************************************************************
              TMS320C55x Linker PC v4.4.1                      
******************************************************************************
>> Linked Mon Oct 12 19:21:20 2015

OUTPUT FILE NAME:   <aic3204.out>
ENTRY POINT SYMBOL: "_c_int00"  address: 00024fb1


MEMORY CONFIGURATION

         name            origin    length      used     unused   attr    fill
                        (bytes)   (bytes)    (bytes)   (bytes)
----------------------  --------  ---------  --------  --------  ----  --------
PAGE 0:
  MMR                   00000000   000000c0  00000000  000000c0  RWIX
  DARAM0                000000c0   0000ff40  00005a84  0000a4bc  RWIX
  SARAM0                00010000   00010000  00000000  00010000  RWIX
  SARAM1                00020000   00020000  000050d3  0001af2d  RWIX
  SARAM2                00040000   0000fe00  00000330  0000fad0  RWIX
  VECS                  0004fe00   00000200  00000100  00000100  RWIX
  PDROM                 00ff8000   00008000  00000000  00008000  R IX

PAGE 2:
  IOPORT                00000000   00020000  00000000  00020000  RWI 


SECTION ALLOCATION MAP
(Addresses surrounded by []'s are displayed for convenience only!)

output                                                          attributes/
section   page  orgn(bytes) orgn(words) len(bytes) len(words)   input sections
--------  ----  ----------- ----------- ---------- ----------   --------------
.pinit       0   [ 00040000 ]  00020000          *   00000000   UNINITIALIZED

.stack       0   [ 000000c0 ]  00000060          *   00001000   UNINITIALIZED
                 [ 000000c0 ]  00000060          *   00001000   --HOLE--

.data        0   [ 000000c0 ]  00000060          *   00000000   UNINITIALIZED

.sysstack 
*            0   [ 000020c0 ]  00001060          *   00000800   UNINITIALIZED
                 [ 000020c0 ]  00001060          *   00000800   --HOLE--

.sysmem      0   [ 000030c0 ]  00001860          *   00001000   UNINITIALIZED
                 [ 000030c0 ]  00001860          *   00001000   --HOLE--

.const.1     0   [ 000050c0 ]  00002860          *   00000101   
                 [ 000050c0 ]  00002860          *   00000101   rts55x_eh.lib : ctype.obj (.const:__ctypes_)

.const.2     0   [ 000052c4 ]  00002962          *   0000019b   
                 [ 000052c4 ]  00002962          *   000000c0   aic3204_test.obj (.const:.string)
                 [ 00005444 ]  00002a22          *   0000007b   main.obj (.const:.string)
                 [ 0000553a ]  00002a9d          *   00000030   aic3204_tone_headphone.obj (.const:_$P$T0$1)
                 [ 0000559a ]  00002acd          *   00000030   aic3204_tone_stereo_out.obj (.const:_$P$T0$1)

.const.3     0   [ 000055fc ]  00002afe          *   0000003c   
                 [ 000055fc ]  00002afe          *   00000024   rts55x_eh.lib : _printfi.obj (.const:.string)
                 [ 00005644 ]  00002b22          *   0000000c                 : _printfi.obj (.const)
                 [ 0000565c ]  00002b2e          *   00000008                 : divd.obj (.const:_initial_approx$1)
                 [ 0000566c ]  00002b36          *   00000002                 : fputs.obj (.const:.string)
                 [ 00005670 ]  00002b38          *   00000002                 : fltlid.obj (.const)

.bss         0   [ 00005674 ]  00002b3a          *   0000026a   UNINITIALIZED
                 [ 00005674 ]  00002b3a          *   00000119   rts55x_eh.lib : defs.obj (.bss)
                 [ 000058a6 ]  00002c53          *   000000d0                 : trgdrv.obj (.bss)
                 [ 00005a46 ]  00002d23          *   00000001   evm5515bsl.lib : evm5515_i2c.obj (.bss)
                 [ 00005a48 ]  00002d24          *   00000071   rts55x_eh.lib : lowlev.obj (.bss)
                 [ 00005b2a ]  00002d95          *   00000001                 : fopen.obj (.bss)
                 [ 00005b2c ]  00002d96          *   00000006                 : memory.obj (.bss)
                 [ 00005b38 ]  00002d9c          *   00000004                 : _lock.obj (.bss)
                 [ 00005b40 ]  00002da0          *   00000004                 : exit.obj (.bss)

.text        0     00020000  [ 00010000 ] 000050d3          *   
                   00020000  [ 00010000 ] 000015a4          *   rts55x_eh.lib : _printfi.obj (.text)
                   000215a4  [ 00010ad2 ] 00000543          *                 : lowlev.obj (.text)
                   00021ae7  [ 00010d73+] 00000528          *                 : trgdrv.obj (.text)
                   0002200f  [ 00011007+] 000004b5          *                 : memory.obj (.text)
                   000224c4  [ 00011262 ] 000003cc          *                 : divd.obj (.text)
                   00022890  [ 00011448 ] 0000027f          *                 : fopen.obj (.text)
                   00022b0f  [ 00011587+] 00000261          *   aic3204_loop_mic_in.obj (.text)
                   00022d70  [ 000116b8 ] 0000025e          *   rts55x_eh.lib : llmpy.obj (.text)
                   00022fce  [ 000117e7 ] 0000025a          *                 : addd.obj (.text)
                   00023228  [ 00011914 ] 00000251          *   aic3204_loop_stereo_in1.obj (.text)
                   00023479  [ 00011a3c+] 0000024d          *   aic3204_tone_headphone.obj (.text)
                   000236c6  [ 00011b63 ] 0000024b          *   aic3204_loop_stereo_in2.obj (.text)
                   00023911  [ 00011c88+] 0000024b          *   aic3204_tone_stereo_out.obj (.text)
                   00023b5c  [ 00011dae ] 000001ea          *   rts55x_eh.lib : cmpd.obj (.text)
                   00023d46  [ 00011ea3 ] 00000166          *   evm5515bsl.lib : evm5515_gpio.obj (.text)
                   00023eac  [ 00011f56 ] 00000164          *   aic3204_test.obj (.text)
                   00024010  [ 00012008 ] 00000163          *   rts55x_eh.lib : fputs.obj (.text)
                   00024173  [ 000120b9+] 0000014c          *                 : mpyd.obj (.text)
                   000242bf  [ 0001215f+] 00000137          *   evm5515bsl.lib : evm5515_i2c.obj (.text)
                   000243f6  [ 000121fb ] 000000e6          *   rts55x_eh.lib : setvbuf.obj (.text)
                   000244dc  [ 0001226e ] 000000dd          *                 : _io_perm.obj (.text)
                   000245b9  [ 000122dc+] 000000c2          *                 : fflush.obj (.text)
                   0002467b  [ 0001233d+] 000000ba          *                 : trgmsg.obj (.text:CIO_breakpoint)
                   00024735  [ 0001239a+] 000000a6          *                 : fputc.obj (.text)
                   000247db  [ 000123ed+] 000000a1          *                 : divul.obj (.text)
                   0002487c  [ 0001243e ] 0000008c          *   main.obj (.text)
                   00024908  [ 00012484 ] 0000007d          *   rts55x_eh.lib : ltoa.obj (.text)
                   00024985  [ 000124c2+] 0000007b          *                 : fclose.obj (.text)
                   00024a00  [ 00012500 ] 00000076          *                 : frcmpyd.obj (.text)
                   00024a76  [ 0001253b ] 00000073          *                 : frcmpyd_div.obj (.text)
                   00024ae9  [ 00012574+] 00000072          *                 : remul.obj (.text)
                   00024b5b  [ 000125ad+] 0000006f          *                 : fixdli.obj (.text)
                   00024bca  [ 000125e5 ] 0000006d          *                 : trgmsg.obj (.text)
                   00024c37  [ 0001261b+] 0000006b          *                 : fseek.obj (.text)
                   00024ca2  [ 00012651 ] 00000067          *                 : fltlid.obj (.text)
                   00024d09  [ 00012684+] 0000005c          *                 : atoi.obj (.text)
                   00024d65  [ 000126b2+] 00000054          *   evm5515bsl.lib : evm5515.obj (.text)
                   00024db9  [ 000126dc+] 00000050          *   rts55x_eh.lib : printf.obj (.text)
                   00024e09  [ 00012704+] 0000004d          *                 : autoinit.obj (.text)
                   00024e56  [ 0001272b ] 0000004b          *                 : args_main.obj (.text)
                   00024ea1  [ 00012750+] 0000004b          *                 : remli.obj (.text)
                   00024eec  [ 00012776 ] 00000048          *                 : divli.obj (.text)
                   00024f34  [ 0001279a ] 0000003f          *                 : memcpy.obj (.text)
                   00024f73  [ 000127b9+] 0000003e          *                 : exit.obj (.text)
                   00024fb1  [ 000127d8+] 00000034          *                 : boot.obj (.text)
                   00024fe5  [ 000127f2+] 0000002a          *                 : fixdi.obj (.text)
                   0002500f  [ 00012807+] 0000002a          *                 : udiv.obj (.text)
                   00025039  [ 0001281c+] 00000023          *                 : memccpy.obj (.text)
                   0002505c  [ 0001282e ] 0000001a          *                 : isinf.obj (.text)
                   00025076  [ 0001283b ] 00000014          *                 : subd.obj (.text)
                   0002508a  [ 00012845 ] 00000013          *                 : lmpy.obj (.text)
                   0002509d  [ 0001284e+] 00000012          *                 : _lock.obj (.text)
                   000250af  [ 00012857+] 00000010          *                 : negd.obj (.text)
                   000250bf  [ 0001285f+] 0000000a          *                 : remove.obj (.text)
                   000250c9  [ 00012864+] 00000007          *                 : exit.obj (.text:CIO_breakpoint)
                   000250d0  [ 00012868 ] 00000002          *                 : vectors.obj (.text)
                   000250d2  [ 00012869 ] 00000001          *   --HOLE-- [fill = 20]

.cio         0   [ 00040000 ]  00020000          *   00000120   UNINITIALIZED
                 [ 00040000 ]  00020000          *   00000120   rts55x_eh.lib : trgmsg.obj (.cio)

.cinit       0   [ 00040240 ]  00020120          *   00000078   
                 [ 00040240 ]  00020120          *   0000002d   rts55x_eh.lib : lowlev.obj (.cinit)
                 [ 0004029a ]  0002014d          *   0000002a                 : defs.obj (.cinit)
                 [ 000402ee ]  00020177          *   0000000a                 : _lock.obj (.cinit)
                 [ 00040302 ]  00020181          *   0000000a                 : exit.obj (.cinit)
                 [ 00040316 ]  0002018b          *   00000004   evm5515bsl.lib : evm5515_i2c.obj (.cinit)
                 [ 0004031e ]  0002018f          *   00000004   rts55x_eh.lib : fopen.obj (.cinit)
                 [ 00040326 ]  00020193          *   00000004                 : memory.obj (.cinit)
                 [ 0004032e ]  00020197          *   00000001   --HOLE-- [fill = 0]

vectors      0     0004fe00  [ 00027f00 ] 00000100          *   
                   0004fe00  [ 00027f00 ] 00000100          *   rts55x_eh.lib : vectors.obj (vectors)


GLOBAL SYMBOLS: SORTED ALPHABETICALLY BY Name 

abs. value/
byte addr   word addr   name
---------   ---------   ----
00000002                $TI_capability$C5500$CallingConvention
00000002                $TI_capability$C5500$MemoryModel
00000001                $TI_capability_requires_rev2
ffffffff                .bss
ffffffff                .data
ffffffff                .text
000250ca                C$$EXIT
00024730                C$$IO$$
0002508a                I$$LMPY
0002500f                I$$UDIV
00025024                I$$UMOD
00023eac                _AIC3204_rget
00023efd                _AIC3204_rset
00023e54                _EVM5515_GPIO_getInput
00023d46                _EVM5515_GPIO_init
00023d4a                _EVM5515_GPIO_setDirection
00023dd7                _EVM5515_GPIO_setOutput
000242de                _EVM5515_I2C_close
000242bf                _EVM5515_I2C_init
00024376                _EVM5515_I2C_read
000242e7                _EVM5515_I2C_reset
000242f5                _EVM5515_I2C_write
00024dab                _EVM5515_init
00024d65                _EVM5515_wait
00024d99                _EVM5515_waitusec
00021fb1                _HOSTclock
00021f46                _HOSTclose
00021e91                _HOSTlseek
00021df2                _HOSTopen
00021d65                _HOSTread
00021cb7                _HOSTrename
00021c59                _HOSTtime
00021bef                _HOSTunlink
00021b62                _HOSTwrite
0004fe00                _Reset
0002487c                _TEST_execute
            00020000    __CIOBUF_
            00001060    __STACK_END
00002000                __STACK_SIZE
00002000                __SYSMEM_SIZE
00001000                __SYSSTACK_SIZE
00000001                __TI_args_main
ffffffff                ___binit__
ffffffff                ___bss__
ffffffff                ___c_args__
            00020120    ___cinit__
ffffffff                ___data__
ffffffff                ___edata__
ffffffff                ___end__
ffffffff                ___etext__
0002505c                ___isinf
ffffffff                ___pinit__
ffffffff                ___text__
00022fce                __addd
00024e56                __args_main
000229b1                __cleanup
            00002da0    __cleanup_ptr
00023cee                __cmpd
            00002860    __ctypes_
000224c4                __divd
00024eec                __divli
00022f99                __divlli
0002500f                __divu
000247db                __divul
00022ea5                __divull
000245b9                __doflush
            00002da2    __dtors_ptr
00023cba                __eqld
00024fe5                __fixdi
00024b5b                __fixdli
00024ca2                __fltlid
00024a00                __frcmpyd
00024a76                __frcmpyd_div
            00002c52    __ft_end
            00002b3a    __ftable
00023c70                __geqd
00023c25                __gtrd
00023bd8                __leqd
            00002d9c    __lock
00023b90                __lssd
00024173                __mpyd
0002508a                __mpyli
00022ded                __mpylli
000250af                __negd
00023b5c                __neqd
000250ad                __nop
00021362                __printfi
0002455c                __rd_ok
000250a5                __register_lock
0002509d                __register_unlock
00024ea1                __remli
00022dbe                __remlli
00025024                __remu
00024ae9                __remul
00022d70                __remull
            00000060    __stack
00025076                __subd
            00001860    __sys_memory
            00001060    __sysstack
            00002bb2    __tmpnams
            00002d9e    __unlock
000244dc                __wrt_ok
000250c9                _abort
000219f7                _add_device
00022b0f                _aic3204_loop_mic_in
00023228                _aic3204_loop_stereo_in1
000236c6                _aic3204_loop_stereo_in2
00023f22                _aic3204_test
00023479                _aic3204_tone_headphone
00023911                _aic3204_tone_stereo_out
00024d09                _atoi
00024e09                _auto_init
00024fb1                _c_int00
0002249e                _calloc
00022496                _chkheap
00021984                _close
00024f73                _exit
00024985                _fclose
00024622                _fflush
0002197b                _find_registered_device
00022ad4                _fopen
00024735                _fputc
00024010                _fputs
0002200f                _free
00022440                _free_memory
00022a0b                _freopen
00024c37                _fseek
00021ae7                _getenv
            00002d23    _i2c_timeout
00021915                _lseek
00024908                _ltoa
000248cd                _main
00022140                _malloc
000223e6                _max_free
00025039                _memccpy
00024f34                _memcpy
000220db                _minit
00021856                _open
00024db9                _printf
00024735                _putc
000247cc                _putchar
00024145                _puts
000217a8                _read
00024bca                _readmsg
00022235                _realloc
000250bf                _remove
00021772                _remove_device
00021719                _rename
000243f6                _setvbuf
000216e6                _unlink
000215a4                _write
0002467b                _writemsg
ffffffff                binit
            00020120    cinit
ffffffff                edata
ffffffff                end
ffffffff                etext
ffffffff                pinit


GLOBAL SYMBOLS: SORTED BY Symbol Address 

abs. value/
byte addr   word addr   name
---------   ---------   ----
00000001                $TI_capability_requires_rev2
00000001                __TI_args_main
00000002                $TI_capability$C5500$CallingConvention
00000002                $TI_capability$C5500$MemoryModel
            00000060    __stack
00001000                __SYSSTACK_SIZE
00002000                __STACK_SIZE
00002000                __SYSMEM_SIZE
            00001060    __STACK_END
            00001060    __sysstack
            00001860    __sys_memory
            00002860    __ctypes_
            00002b3a    __ftable
            00002bb2    __tmpnams
            00002c52    __ft_end
            00002d23    _i2c_timeout
            00002d9c    __lock
            00002d9e    __unlock
            00002da0    __cleanup_ptr
            00002da2    __dtors_ptr
00021362                __printfi
000215a4                _write
000216e6                _unlink
00021719                _rename
00021772                _remove_device
000217a8                _read
00021856                _open
00021915                _lseek
0002197b                _find_registered_device
00021984                _close
000219f7                _add_device
00021ae7                _getenv
00021b62                _HOSTwrite
00021bef                _HOSTunlink
00021c59                _HOSTtime
00021cb7                _HOSTrename
00021d65                _HOSTread
00021df2                _HOSTopen
00021e91                _HOSTlseek
00021f46                _HOSTclose
00021fb1                _HOSTclock
0002200f                _free
000220db                _minit
00022140                _malloc
00022235                _realloc
000223e6                _max_free
00022440                _free_memory
00022496                _chkheap
0002249e                _calloc
000224c4                __divd
000229b1                __cleanup
00022a0b                _freopen
00022ad4                _fopen
00022b0f                _aic3204_loop_mic_in
00022d70                __remull
00022dbe                __remlli
00022ded                __mpylli
00022ea5                __divull
00022f99                __divlli
00022fce                __addd
00023228                _aic3204_loop_stereo_in1
00023479                _aic3204_tone_headphone
000236c6                _aic3204_loop_stereo_in2
00023911                _aic3204_tone_stereo_out
00023b5c                __neqd
00023b90                __lssd
00023bd8                __leqd
00023c25                __gtrd
00023c70                __geqd
00023cba                __eqld
00023cee                __cmpd
00023d46                _EVM5515_GPIO_init
00023d4a                _EVM5515_GPIO_setDirection
00023dd7                _EVM5515_GPIO_setOutput
00023e54                _EVM5515_GPIO_getInput
00023eac                _AIC3204_rget
00023efd                _AIC3204_rset
00023f22                _aic3204_test
00024010                _fputs
00024145                _puts
00024173                __mpyd
000242bf                _EVM5515_I2C_init
000242de                _EVM5515_I2C_close
000242e7                _EVM5515_I2C_reset
000242f5                _EVM5515_I2C_write
00024376                _EVM5515_I2C_read
000243f6                _setvbuf
000244dc                __wrt_ok
0002455c                __rd_ok
000245b9                __doflush
00024622                _fflush
0002467b                _writemsg
00024730                C$$IO$$
00024735                _fputc
00024735                _putc
000247cc                _putchar
000247db                __divul
0002487c                _TEST_execute
000248cd                _main
00024908                _ltoa
00024985                _fclose
00024a00                __frcmpyd
00024a76                __frcmpyd_div
00024ae9                __remul
00024b5b                __fixdli
00024bca                _readmsg
00024c37                _fseek
00024ca2                __fltlid
00024d09                _atoi
00024d65                _EVM5515_wait
00024d99                _EVM5515_waitusec
00024dab                _EVM5515_init
00024db9                _printf
00024e09                _auto_init
00024e56                __args_main
00024ea1                __remli
00024eec                __divli
00024f34                _memcpy
00024f73                _exit
00024fb1                _c_int00
00024fe5                __fixdi
0002500f                I$$UDIV
0002500f                __divu
00025024                I$$UMOD
00025024                __remu
00025039                _memccpy
0002505c                ___isinf
00025076                __subd
0002508a                I$$LMPY
0002508a                __mpyli
0002509d                __register_unlock
000250a5                __register_lock
000250ad                __nop
000250af                __negd
000250bf                _remove
000250c9                _abort
000250ca                C$$EXIT
            00020000    __CIOBUF_
            00020120    ___cinit__
            00020120    cinit
0004fe00                _Reset
ffffffff                .bss
ffffffff                .data
ffffffff                .text
ffffffff                ___binit__
ffffffff                ___bss__
ffffffff                ___c_args__
ffffffff                ___data__
ffffffff                ___edata__
ffffffff                ___end__
ffffffff                ___etext__
ffffffff                ___pinit__
ffffffff                ___text__
ffffffff                binit
ffffffff                edata
ffffffff                end
ffffffff                etext
ffffffff                pinit

[158 symbols]
