<?xml version="1.0"?>
<link_info>
   <banner>TMS320C55x Linker PC v4.4.1</banner>
   <copyright>Copyright (c) 1996-2012 Texas Instruments Incorporated</copyright>
   <link_time>0x561be6ea</link_time>
   <output_file>aic3204.out</output_file>
   <entry_point>
      <name>_c_int00</name>
      <address>0x24f32</address>
   </entry_point>
   <input_file_list>
      <input_file id="fl-2">
         <path>.\</path>
         <kind>object</kind>
         <file>main.obj</file>
         <name>main.obj</name>
      </input_file>
      <input_file id="fl-3">
         <path>.\</path>
         <kind>object</kind>
         <file>aic3204_tone_stereo_out.obj</file>
         <name>aic3204_tone_stereo_out.obj</name>
      </input_file>
      <input_file id="fl-4">
         <path>.\</path>
         <kind>object</kind>
         <file>aic3204_tone_headphone.obj</file>
         <name>aic3204_tone_headphone.obj</name>
      </input_file>
      <input_file id="fl-5">
         <path>.\</path>
         <kind>object</kind>
         <file>aic3204_test.obj</file>
         <name>aic3204_test.obj</name>
      </input_file>
      <input_file id="fl-6">
         <path>.\</path>
         <kind>object</kind>
         <file>aic3204_loop_stereo_in2.obj</file>
         <name>aic3204_loop_stereo_in2.obj</name>
      </input_file>
      <input_file id="fl-7">
         <path>.\</path>
         <kind>object</kind>
         <file>aic3204_loop_stereo_in1.obj</file>
         <name>aic3204_loop_stereo_in1.obj</name>
      </input_file>
      <input_file id="fl-8">
         <path>.\</path>
         <kind>object</kind>
         <file>aic3204_loop_mic_in.obj</file>
         <name>aic3204_loop_mic_in.obj</name>
      </input_file>
      <input_file id="fl-d">
         <path>E:\evm5515_v1\lib\</path>
         <kind>archive</kind>
         <file>evm5515bsl.lib</file>
         <name>evm5515_i2c.obj</name>
      </input_file>
      <input_file id="fl-e">
         <path>E:\evm5515_v1\lib\</path>
         <kind>archive</kind>
         <file>evm5515bsl.lib</file>
         <name>evm5515_gpio.obj</name>
      </input_file>
      <input_file id="fl-f">
         <path>E:\evm5515_v1\lib\</path>
         <kind>archive</kind>
         <file>evm5515bsl.lib</file>
         <name>evm5515.obj</name>
      </input_file>
      <input_file id="fl-10">
         <path>E:\ti_ccs5\ccsv5\tools\compiler\c5500_4.4.1\lib\</path>
         <kind>archive</kind>
         <file>rts55x_eh.lib</file>
         <name>boot.obj</name>
      </input_file>
      <input_file id="fl-11">
         <path>E:\ti_ccs5\ccsv5\tools\compiler\c5500_4.4.1\lib\</path>
         <kind>archive</kind>
         <file>rts55x_eh.lib</file>
         <name>exit.obj</name>
      </input_file>
      <input_file id="fl-12">
         <path>E:\ti_ccs5\ccsv5\tools\compiler\c5500_4.4.1\lib\</path>
         <kind>archive</kind>
         <file>rts55x_eh.lib</file>
         <name>printf.obj</name>
      </input_file>
      <input_file id="fl-13">
         <path>E:\ti_ccs5\ccsv5\tools\compiler\c5500_4.4.1\lib\</path>
         <kind>archive</kind>
         <file>rts55x_eh.lib</file>
         <name>vectors.obj</name>
      </input_file>
      <input_file id="fl-14">
         <path>E:\ti_ccs5\ccsv5\tools\compiler\c5500_4.4.1\lib\</path>
         <kind>archive</kind>
         <file>rts55x_eh.lib</file>
         <name>_lock.obj</name>
      </input_file>
      <input_file id="fl-15">
         <path>E:\ti_ccs5\ccsv5\tools\compiler\c5500_4.4.1\lib\</path>
         <kind>archive</kind>
         <file>rts55x_eh.lib</file>
         <name>_printfi.obj</name>
      </input_file>
      <input_file id="fl-16">
         <path>E:\ti_ccs5\ccsv5\tools\compiler\c5500_4.4.1\lib\</path>
         <kind>archive</kind>
         <file>rts55x_eh.lib</file>
         <name>args_main.obj</name>
      </input_file>
      <input_file id="fl-17">
         <path>E:\ti_ccs5\ccsv5\tools\compiler\c5500_4.4.1\lib\</path>
         <kind>archive</kind>
         <file>rts55x_eh.lib</file>
         <name>atoi.obj</name>
      </input_file>
      <input_file id="fl-18">
         <path>E:\ti_ccs5\ccsv5\tools\compiler\c5500_4.4.1\lib\</path>
         <kind>archive</kind>
         <file>rts55x_eh.lib</file>
         <name>autoinit.obj</name>
      </input_file>
      <input_file id="fl-19">
         <path>E:\ti_ccs5\ccsv5\tools\compiler\c5500_4.4.1\lib\</path>
         <kind>archive</kind>
         <file>rts55x_eh.lib</file>
         <name>cmpd.obj</name>
      </input_file>
      <input_file id="fl-1a">
         <path>E:\ti_ccs5\ccsv5\tools\compiler\c5500_4.4.1\lib\</path>
         <kind>archive</kind>
         <file>rts55x_eh.lib</file>
         <name>ctype.obj</name>
      </input_file>
      <input_file id="fl-1b">
         <path>E:\ti_ccs5\ccsv5\tools\compiler\c5500_4.4.1\lib\</path>
         <kind>archive</kind>
         <file>rts55x_eh.lib</file>
         <name>defs.obj</name>
      </input_file>
      <input_file id="fl-1c">
         <path>E:\ti_ccs5\ccsv5\tools\compiler\c5500_4.4.1\lib\</path>
         <kind>archive</kind>
         <file>rts55x_eh.lib</file>
         <name>divd.obj</name>
      </input_file>
      <input_file id="fl-1d">
         <path>E:\ti_ccs5\ccsv5\tools\compiler\c5500_4.4.1\lib\</path>
         <kind>archive</kind>
         <file>rts55x_eh.lib</file>
         <name>divul.obj</name>
      </input_file>
      <input_file id="fl-1e">
         <path>E:\ti_ccs5\ccsv5\tools\compiler\c5500_4.4.1\lib\</path>
         <kind>archive</kind>
         <file>rts55x_eh.lib</file>
         <name>fixdi.obj</name>
      </input_file>
      <input_file id="fl-1f">
         <path>E:\ti_ccs5\ccsv5\tools\compiler\c5500_4.4.1\lib\</path>
         <kind>archive</kind>
         <file>rts55x_eh.lib</file>
         <name>fixdli.obj</name>
      </input_file>
      <input_file id="fl-20">
         <path>E:\ti_ccs5\ccsv5\tools\compiler\c5500_4.4.1\lib\</path>
         <kind>archive</kind>
         <file>rts55x_eh.lib</file>
         <name>fltlid.obj</name>
      </input_file>
      <input_file id="fl-21">
         <path>E:\ti_ccs5\ccsv5\tools\compiler\c5500_4.4.1\lib\</path>
         <kind>archive</kind>
         <file>rts55x_eh.lib</file>
         <name>fputc.obj</name>
      </input_file>
      <input_file id="fl-22">
         <path>E:\ti_ccs5\ccsv5\tools\compiler\c5500_4.4.1\lib\</path>
         <kind>archive</kind>
         <file>rts55x_eh.lib</file>
         <name>fputs.obj</name>
      </input_file>
      <input_file id="fl-23">
         <path>E:\ti_ccs5\ccsv5\tools\compiler\c5500_4.4.1\lib\</path>
         <kind>archive</kind>
         <file>rts55x_eh.lib</file>
         <name>frcmpyd_div.obj</name>
      </input_file>
      <input_file id="fl-24">
         <path>E:\ti_ccs5\ccsv5\tools\compiler\c5500_4.4.1\lib\</path>
         <kind>archive</kind>
         <file>rts55x_eh.lib</file>
         <name>isinf.obj</name>
      </input_file>
      <input_file id="fl-25">
         <path>E:\ti_ccs5\ccsv5\tools\compiler\c5500_4.4.1\lib\</path>
         <kind>archive</kind>
         <file>rts55x_eh.lib</file>
         <name>llmpy.obj</name>
      </input_file>
      <input_file id="fl-26">
         <path>E:\ti_ccs5\ccsv5\tools\compiler\c5500_4.4.1\lib\</path>
         <kind>archive</kind>
         <file>rts55x_eh.lib</file>
         <name>lmpy.obj</name>
      </input_file>
      <input_file id="fl-27">
         <path>E:\ti_ccs5\ccsv5\tools\compiler\c5500_4.4.1\lib\</path>
         <kind>archive</kind>
         <file>rts55x_eh.lib</file>
         <name>lowlev.obj</name>
      </input_file>
      <input_file id="fl-28">
         <path>E:\ti_ccs5\ccsv5\tools\compiler\c5500_4.4.1\lib\</path>
         <kind>archive</kind>
         <file>rts55x_eh.lib</file>
         <name>ltoa.obj</name>
      </input_file>
      <input_file id="fl-29">
         <path>E:\ti_ccs5\ccsv5\tools\compiler\c5500_4.4.1\lib\</path>
         <kind>archive</kind>
         <file>rts55x_eh.lib</file>
         <name>memccpy.obj</name>
      </input_file>
      <input_file id="fl-2a">
         <path>E:\ti_ccs5\ccsv5\tools\compiler\c5500_4.4.1\lib\</path>
         <kind>archive</kind>
         <file>rts55x_eh.lib</file>
         <name>memcpy.obj</name>
      </input_file>
      <input_file id="fl-2b">
         <path>E:\ti_ccs5\ccsv5\tools\compiler\c5500_4.4.1\lib\</path>
         <kind>archive</kind>
         <file>rts55x_eh.lib</file>
         <name>mpyd.obj</name>
      </input_file>
      <input_file id="fl-2c">
         <path>E:\ti_ccs5\ccsv5\tools\compiler\c5500_4.4.1\lib\</path>
         <kind>archive</kind>
         <file>rts55x_eh.lib</file>
         <name>negd.obj</name>
      </input_file>
      <input_file id="fl-2d">
         <path>E:\ti_ccs5\ccsv5\tools\compiler\c5500_4.4.1\lib\</path>
         <kind>archive</kind>
         <file>rts55x_eh.lib</file>
         <name>remli.obj</name>
      </input_file>
      <input_file id="fl-2e">
         <path>E:\ti_ccs5\ccsv5\tools\compiler\c5500_4.4.1\lib\</path>
         <kind>archive</kind>
         <file>rts55x_eh.lib</file>
         <name>remul.obj</name>
      </input_file>
      <input_file id="fl-2f">
         <path>E:\ti_ccs5\ccsv5\tools\compiler\c5500_4.4.1\lib\</path>
         <kind>archive</kind>
         <file>rts55x_eh.lib</file>
         <name>subd.obj</name>
      </input_file>
      <input_file id="fl-30">
         <path>E:\ti_ccs5\ccsv5\tools\compiler\c5500_4.4.1\lib\</path>
         <kind>archive</kind>
         <file>rts55x_eh.lib</file>
         <name>trgdrv.obj</name>
      </input_file>
      <input_file id="fl-31">
         <path>E:\ti_ccs5\ccsv5\tools\compiler\c5500_4.4.1\lib\</path>
         <kind>archive</kind>
         <file>rts55x_eh.lib</file>
         <name>trgmsg.obj</name>
      </input_file>
      <input_file id="fl-32">
         <path>E:\ti_ccs5\ccsv5\tools\compiler\c5500_4.4.1\lib\</path>
         <kind>archive</kind>
         <file>rts55x_eh.lib</file>
         <name>udiv.obj</name>
      </input_file>
      <input_file id="fl-33">
         <path>E:\ti_ccs5\ccsv5\tools\compiler\c5500_4.4.1\lib\</path>
         <kind>archive</kind>
         <file>rts55x_eh.lib</file>
         <name>_io_perm.obj</name>
      </input_file>
      <input_file id="fl-34">
         <path>E:\ti_ccs5\ccsv5\tools\compiler\c5500_4.4.1\lib\</path>
         <kind>archive</kind>
         <file>rts55x_eh.lib</file>
         <name>addd.obj</name>
      </input_file>
      <input_file id="fl-35">
         <path>E:\ti_ccs5\ccsv5\tools\compiler\c5500_4.4.1\lib\</path>
         <kind>archive</kind>
         <file>rts55x_eh.lib</file>
         <name>divli.obj</name>
      </input_file>
      <input_file id="fl-36">
         <path>E:\ti_ccs5\ccsv5\tools\compiler\c5500_4.4.1\lib\</path>
         <kind>archive</kind>
         <file>rts55x_eh.lib</file>
         <name>fflush.obj</name>
      </input_file>
      <input_file id="fl-37">
         <path>E:\ti_ccs5\ccsv5\tools\compiler\c5500_4.4.1\lib\</path>
         <kind>archive</kind>
         <file>rts55x_eh.lib</file>
         <name>frcmpyd.obj</name>
      </input_file>
      <input_file id="fl-38">
         <path>E:\ti_ccs5\ccsv5\tools\compiler\c5500_4.4.1\lib\</path>
         <kind>archive</kind>
         <file>rts55x_eh.lib</file>
         <name>fseek.obj</name>
      </input_file>
      <input_file id="fl-39">
         <path>E:\ti_ccs5\ccsv5\tools\compiler\c5500_4.4.1\lib\</path>
         <kind>archive</kind>
         <file>rts55x_eh.lib</file>
         <name>setvbuf.obj</name>
      </input_file>
      <input_file id="fl-3a">
         <path>E:\ti_ccs5\ccsv5\tools\compiler\c5500_4.4.1\lib\</path>
         <kind>archive</kind>
         <file>rts55x_eh.lib</file>
         <name>fopen.obj</name>
      </input_file>
      <input_file id="fl-3b">
         <path>E:\ti_ccs5\ccsv5\tools\compiler\c5500_4.4.1\lib\</path>
         <kind>archive</kind>
         <file>rts55x_eh.lib</file>
         <name>memory.obj</name>
      </input_file>
      <input_file id="fl-3c">
         <path>E:\ti_ccs5\ccsv5\tools\compiler\c5500_4.4.1\lib\</path>
         <kind>archive</kind>
         <file>rts55x_eh.lib</file>
         <name>fclose.obj</name>
      </input_file>
      <input_file id="fl-3d">
         <path>E:\ti_ccs5\ccsv5\tools\compiler\c5500_4.4.1\lib\</path>
         <kind>archive</kind>
         <file>rts55x_eh.lib</file>
         <name>remove.obj</name>
      </input_file>
   </input_file_list>
   <object_component_list>
      <object_component id="oc-61">
         <name>.text</name>
         <load_address>0x20000</load_address>
         <run_address>0x20000</run_address>
         <size>0x15a4</size>
         <input_file_ref idref="fl-15"/>
      </object_component>
      <object_component id="oc-ab">
         <name>.text</name>
         <load_address>0x215a4</load_address>
         <run_address>0x215a4</run_address>
         <size>0x543</size>
         <input_file_ref idref="fl-27"/>
      </object_component>
      <object_component id="oc-d1">
         <name>.text</name>
         <load_address>0x21ae7</load_address>
         <run_address>0x21ae7</run_address>
         <size>0x528</size>
         <input_file_ref idref="fl-30"/>
      </object_component>
      <object_component id="oc-102">
         <name>.text</name>
         <load_address>0x2200f</load_address>
         <run_address>0x2200f</run_address>
         <size>0x4b5</size>
         <input_file_ref idref="fl-3b"/>
      </object_component>
      <object_component id="oc-7d">
         <name>.text</name>
         <load_address>0x224c4</load_address>
         <run_address>0x224c4</run_address>
         <size>0x3cc</size>
         <input_file_ref idref="fl-1c"/>
      </object_component>
      <object_component id="oc-fc">
         <name>.text</name>
         <load_address>0x22890</load_address>
         <run_address>0x22890</run_address>
         <size>0x27f</size>
         <input_file_ref idref="fl-3a"/>
      </object_component>
      <object_component id="oc-32">
         <name>.text</name>
         <load_address>0x22b0f</load_address>
         <run_address>0x22b0f</run_address>
         <size>0x261</size>
         <input_file_ref idref="fl-8"/>
      </object_component>
      <object_component id="oc-a3">
         <name>.text</name>
         <load_address>0x22d70</load_address>
         <run_address>0x22d70</run_address>
         <size>0x25e</size>
         <input_file_ref idref="fl-25"/>
      </object_component>
      <object_component id="oc-e4">
         <name>.text</name>
         <load_address>0x22fce</load_address>
         <run_address>0x22fce</run_address>
         <size>0x25a</size>
         <input_file_ref idref="fl-34"/>
      </object_component>
      <object_component id="oc-2d">
         <name>.text</name>
         <load_address>0x23228</load_address>
         <run_address>0x23228</run_address>
         <size>0x251</size>
         <input_file_ref idref="fl-7"/>
      </object_component>
      <object_component id="oc-1d">
         <name>.text</name>
         <load_address>0x23479</load_address>
         <run_address>0x23479</run_address>
         <size>0x24d</size>
         <input_file_ref idref="fl-4"/>
      </object_component>
      <object_component id="oc-28">
         <name>.text</name>
         <load_address>0x236c6</load_address>
         <run_address>0x236c6</run_address>
         <size>0x24b</size>
         <input_file_ref idref="fl-6"/>
      </object_component>
      <object_component id="oc-18">
         <name>.text</name>
         <load_address>0x23911</load_address>
         <run_address>0x23911</run_address>
         <size>0x24b</size>
         <input_file_ref idref="fl-3"/>
      </object_component>
      <object_component id="oc-73">
         <name>.text</name>
         <load_address>0x23b5c</load_address>
         <run_address>0x23b5c</run_address>
         <size>0x1ea</size>
         <input_file_ref idref="fl-19"/>
      </object_component>
      <object_component id="oc-3e">
         <name>.text</name>
         <load_address>0x23d46</load_address>
         <run_address>0x23d46</run_address>
         <size>0x166</size>
         <input_file_ref idref="fl-e"/>
      </object_component>
      <object_component id="oc-96">
         <name>.text</name>
         <load_address>0x23eac</load_address>
         <run_address>0x23eac</run_address>
         <size>0x163</size>
         <input_file_ref idref="fl-22"/>
      </object_component>
      <object_component id="oc-bd">
         <name>.text</name>
         <load_address>0x2400f</load_address>
         <run_address>0x2400f</run_address>
         <size>0x14c</size>
         <input_file_ref idref="fl-2b"/>
      </object_component>
      <object_component id="oc-37">
         <name>.text</name>
         <load_address>0x2415b</load_address>
         <run_address>0x2415b</run_address>
         <size>0x137</size>
         <input_file_ref idref="fl-d"/>
      </object_component>
      <object_component id="oc-f8">
         <name>.text</name>
         <load_address>0x24292</load_address>
         <run_address>0x24292</run_address>
         <size>0xe6</size>
         <input_file_ref idref="fl-39"/>
      </object_component>
      <object_component id="oc-22">
         <name>.text</name>
         <load_address>0x24378</load_address>
         <run_address>0x24378</run_address>
         <size>0xe5</size>
         <input_file_ref idref="fl-5"/>
      </object_component>
      <object_component id="oc-e0">
         <name>.text</name>
         <load_address>0x2445d</load_address>
         <run_address>0x2445d</run_address>
         <size>0xdd</size>
         <input_file_ref idref="fl-33"/>
      </object_component>
      <object_component id="oc-ec">
         <name>.text</name>
         <load_address>0x2453a</load_address>
         <run_address>0x2453a</run_address>
         <size>0xc2</size>
         <input_file_ref idref="fl-36"/>
      </object_component>
      <object_component id="oc-d9">
         <name>.text:CIO_breakpoint</name>
         <load_address>0x245fc</load_address>
         <run_address>0x245fc</run_address>
         <size>0xba</size>
         <input_file_ref idref="fl-31"/>
      </object_component>
      <object_component id="oc-92">
         <name>.text</name>
         <load_address>0x246b6</load_address>
         <run_address>0x246b6</run_address>
         <size>0xa6</size>
         <input_file_ref idref="fl-21"/>
      </object_component>
      <object_component id="oc-81">
         <name>.text</name>
         <load_address>0x2475c</load_address>
         <run_address>0x2475c</run_address>
         <size>0xa1</size>
         <input_file_ref idref="fl-1d"/>
      </object_component>
      <object_component id="oc-12">
         <name>.text</name>
         <load_address>0x247fd</load_address>
         <run_address>0x247fd</run_address>
         <size>0x8c</size>
         <input_file_ref idref="fl-2"/>
      </object_component>
      <object_component id="oc-b1">
         <name>.text</name>
         <load_address>0x24889</load_address>
         <run_address>0x24889</run_address>
         <size>0x7d</size>
         <input_file_ref idref="fl-28"/>
      </object_component>
      <object_component id="oc-109">
         <name>.text</name>
         <load_address>0x24906</load_address>
         <run_address>0x24906</run_address>
         <size>0x7b</size>
         <input_file_ref idref="fl-3c"/>
      </object_component>
      <object_component id="oc-f0">
         <name>.text</name>
         <load_address>0x24981</load_address>
         <run_address>0x24981</run_address>
         <size>0x76</size>
         <input_file_ref idref="fl-37"/>
      </object_component>
      <object_component id="oc-9b">
         <name>.text</name>
         <load_address>0x249f7</load_address>
         <run_address>0x249f7</run_address>
         <size>0x73</size>
         <input_file_ref idref="fl-23"/>
      </object_component>
      <object_component id="oc-c9">
         <name>.text</name>
         <load_address>0x24a6a</load_address>
         <run_address>0x24a6a</run_address>
         <size>0x72</size>
         <input_file_ref idref="fl-2e"/>
      </object_component>
      <object_component id="oc-89">
         <name>.text</name>
         <load_address>0x24adc</load_address>
         <run_address>0x24adc</run_address>
         <size>0x6f</size>
         <input_file_ref idref="fl-1f"/>
      </object_component>
      <object_component id="oc-d6">
         <name>.text</name>
         <load_address>0x24b4b</load_address>
         <run_address>0x24b4b</run_address>
         <size>0x6d</size>
         <input_file_ref idref="fl-31"/>
      </object_component>
      <object_component id="oc-f4">
         <name>.text</name>
         <load_address>0x24bb8</load_address>
         <run_address>0x24bb8</run_address>
         <size>0x6b</size>
         <input_file_ref idref="fl-38"/>
      </object_component>
      <object_component id="oc-8d">
         <name>.text</name>
         <load_address>0x24c23</load_address>
         <run_address>0x24c23</run_address>
         <size>0x67</size>
         <input_file_ref idref="fl-20"/>
      </object_component>
      <object_component id="oc-6b">
         <name>.text</name>
         <load_address>0x24c8a</load_address>
         <run_address>0x24c8a</run_address>
         <size>0x5c</size>
         <input_file_ref idref="fl-17"/>
      </object_component>
      <object_component id="oc-43">
         <name>.text</name>
         <load_address>0x24ce6</load_address>
         <run_address>0x24ce6</run_address>
         <size>0x54</size>
         <input_file_ref idref="fl-f"/>
      </object_component>
      <object_component id="oc-53">
         <name>.text</name>
         <load_address>0x24d3a</load_address>
         <run_address>0x24d3a</run_address>
         <size>0x50</size>
         <input_file_ref idref="fl-12"/>
      </object_component>
      <object_component id="oc-6f">
         <name>.text</name>
         <load_address>0x24d8a</load_address>
         <run_address>0x24d8a</run_address>
         <size>0x4d</size>
         <input_file_ref idref="fl-18"/>
      </object_component>
      <object_component id="oc-67">
         <name>.text</name>
         <load_address>0x24dd7</load_address>
         <run_address>0x24dd7</run_address>
         <size>0x4b</size>
         <input_file_ref idref="fl-16"/>
      </object_component>
      <object_component id="oc-c5">
         <name>.text</name>
         <load_address>0x24e22</load_address>
         <run_address>0x24e22</run_address>
         <size>0x4b</size>
         <input_file_ref idref="fl-2d"/>
      </object_component>
      <object_component id="oc-e8">
         <name>.text</name>
         <load_address>0x24e6d</load_address>
         <run_address>0x24e6d</run_address>
         <size>0x48</size>
         <input_file_ref idref="fl-35"/>
      </object_component>
      <object_component id="oc-b9">
         <name>.text</name>
         <load_address>0x24eb5</load_address>
         <run_address>0x24eb5</run_address>
         <size>0x3f</size>
         <input_file_ref idref="fl-2a"/>
      </object_component>
      <object_component id="oc-4c">
         <name>.text</name>
         <load_address>0x24ef4</load_address>
         <run_address>0x24ef4</run_address>
         <size>0x3e</size>
         <input_file_ref idref="fl-11"/>
      </object_component>
      <object_component id="oc-10">
         <name>.text</name>
         <load_address>0x24f32</load_address>
         <run_address>0x24f32</run_address>
         <size>0x34</size>
         <input_file_ref idref="fl-10"/>
      </object_component>
      <object_component id="oc-85">
         <name>.text</name>
         <load_address>0x24f66</load_address>
         <run_address>0x24f66</run_address>
         <size>0x2a</size>
         <input_file_ref idref="fl-1e"/>
      </object_component>
      <object_component id="oc-dc">
         <name>.text</name>
         <load_address>0x24f90</load_address>
         <run_address>0x24f90</run_address>
         <size>0x2a</size>
         <input_file_ref idref="fl-32"/>
      </object_component>
      <object_component id="oc-b5">
         <name>.text</name>
         <load_address>0x24fba</load_address>
         <run_address>0x24fba</run_address>
         <size>0x23</size>
         <input_file_ref idref="fl-29"/>
      </object_component>
      <object_component id="oc-9f">
         <name>.text</name>
         <load_address>0x24fdd</load_address>
         <run_address>0x24fdd</run_address>
         <size>0x1a</size>
         <input_file_ref idref="fl-24"/>
      </object_component>
      <object_component id="oc-cd">
         <name>.text</name>
         <load_address>0x24ff7</load_address>
         <run_address>0x24ff7</run_address>
         <size>0x14</size>
         <input_file_ref idref="fl-2f"/>
      </object_component>
      <object_component id="oc-a7">
         <name>.text</name>
         <load_address>0x2500b</load_address>
         <run_address>0x2500b</run_address>
         <size>0x13</size>
         <input_file_ref idref="fl-26"/>
      </object_component>
      <object_component id="oc-5b">
         <name>.text</name>
         <load_address>0x2501e</load_address>
         <run_address>0x2501e</run_address>
         <size>0x12</size>
         <input_file_ref idref="fl-14"/>
      </object_component>
      <object_component id="oc-c1">
         <name>.text</name>
         <load_address>0x25030</load_address>
         <run_address>0x25030</run_address>
         <size>0x10</size>
         <input_file_ref idref="fl-2c"/>
      </object_component>
      <object_component id="oc-10d">
         <name>.text</name>
         <load_address>0x25040</load_address>
         <run_address>0x25040</run_address>
         <size>0xa</size>
         <input_file_ref idref="fl-3d"/>
      </object_component>
      <object_component id="oc-50">
         <name>.text:CIO_breakpoint</name>
         <load_address>0x2504a</load_address>
         <run_address>0x2504a</run_address>
         <size>0x7</size>
         <input_file_ref idref="fl-11"/>
      </object_component>
      <object_component id="oc-57">
         <name>.text</name>
         <load_address>0x25051</load_address>
         <run_address>0x25051</run_address>
         <size>0x2</size>
         <input_file_ref idref="fl-13"/>
      </object_component>
      <object_component id="oc-48">
         <name>.stack</name>
         <uninitialized>true</uninitialized>
         <run_address>0xc0</run_address>
         <size>0x0</size>
         <input_file_ref idref="fl-10"/>
      </object_component>
      <object_component id="oc-12d">
         <name>.stack</name>
         <uninitialized>true</uninitialized>
         <run_address>0xc0</run_address>
         <size>0x0</size>
      </object_component>
      <object_component id="oc-111">
         <name>.sysstack</name>
         <uninitialized>true</uninitialized>
         <run_address>0x20c0</run_address>
         <size>0x0</size>
         <input_file_ref idref="fl-10"/>
      </object_component>
      <object_component id="oc-12f">
         <name>.sysstack</name>
         <uninitialized>true</uninitialized>
         <run_address>0x20c0</run_address>
         <size>0x0</size>
      </object_component>
      <object_component id="oc-79">
         <name>.bss</name>
         <uninitialized>true</uninitialized>
         <run_address>0x50c0</run_address>
         <size>0x232</size>
         <input_file_ref idref="fl-1b"/>
      </object_component>
      <object_component id="oc-d2">
         <name>.bss</name>
         <uninitialized>true</uninitialized>
         <run_address>0x52f2</run_address>
         <size>0x1a0</size>
         <input_file_ref idref="fl-30"/>
      </object_component>
      <object_component id="oc-38">
         <name>.bss</name>
         <uninitialized>true</uninitialized>
         <run_address>0x5492</run_address>
         <size>0x2</size>
         <input_file_ref idref="fl-d"/>
      </object_component>
      <object_component id="oc-ac">
         <name>.bss</name>
         <uninitialized>true</uninitialized>
         <run_address>0x5494</run_address>
         <size>0xe2</size>
         <input_file_ref idref="fl-27"/>
      </object_component>
      <object_component id="oc-fd">
         <name>.bss</name>
         <uninitialized>true</uninitialized>
         <run_address>0x5576</run_address>
         <size>0x2</size>
         <input_file_ref idref="fl-3a"/>
      </object_component>
      <object_component id="oc-103">
         <name>.bss</name>
         <uninitialized>true</uninitialized>
         <run_address>0x5578</run_address>
         <size>0xc</size>
         <input_file_ref idref="fl-3b"/>
      </object_component>
      <object_component id="oc-5c">
         <name>.bss</name>
         <uninitialized>true</uninitialized>
         <run_address>0x5584</run_address>
         <size>0x8</size>
         <input_file_ref idref="fl-14"/>
      </object_component>
      <object_component id="oc-4d">
         <name>.bss</name>
         <uninitialized>true</uninitialized>
         <run_address>0x558c</run_address>
         <size>0x8</size>
         <input_file_ref idref="fl-11"/>
      </object_component>
      <object_component id="oc-114">
         <name>.const:__ctypes_</name>
         <load_address>0x5594</load_address>
         <run_address>0x5594</run_address>
         <size>0x202</size>
         <input_file_ref idref="fl-1a"/>
      </object_component>
      <object_component id="oc-14">
         <name>.const:.string</name>
         <load_address>0x5798</load_address>
         <run_address>0x5798</run_address>
         <size>0xf6</size>
         <input_file_ref idref="fl-2"/>
      </object_component>
      <object_component id="oc-113">
         <name>.const:_$P$T0$1</name>
         <load_address>0x588e</load_address>
         <run_address>0x588e</run_address>
         <size>0x60</size>
         <input_file_ref idref="fl-4"/>
      </object_component>
      <object_component id="oc-112">
         <name>.const:_$P$T0$1</name>
         <load_address>0x58ee</load_address>
         <run_address>0x58ee</run_address>
         <size>0x60</size>
         <input_file_ref idref="fl-3"/>
      </object_component>
      <object_component id="oc-64">
         <name>.const:.string</name>
         <load_address>0x5950</load_address>
         <run_address>0x5950</run_address>
         <size>0x48</size>
         <input_file_ref idref="fl-15"/>
      </object_component>
      <object_component id="oc-24">
         <name>.const:.string</name>
         <load_address>0x5998</load_address>
         <run_address>0x5998</run_address>
         <size>0x34</size>
         <input_file_ref idref="fl-5"/>
      </object_component>
      <object_component id="oc-63">
         <name>.const</name>
         <load_address>0x59cc</load_address>
         <run_address>0x59cc</run_address>
         <size>0x18</size>
         <input_file_ref idref="fl-15"/>
      </object_component>
      <object_component id="oc-115">
         <name>.const:_initial_approx$1</name>
         <load_address>0x59e4</load_address>
         <run_address>0x59e4</run_address>
         <size>0x10</size>
         <input_file_ref idref="fl-1c"/>
      </object_component>
      <object_component id="oc-98">
         <name>.const:.string</name>
         <load_address>0x59f4</load_address>
         <run_address>0x59f4</run_address>
         <size>0x4</size>
         <input_file_ref idref="fl-22"/>
      </object_component>
      <object_component id="oc-8f">
         <name>.const</name>
         <load_address>0x59f8</load_address>
         <run_address>0x59f8</run_address>
         <size>0x4</size>
         <input_file_ref idref="fl-20"/>
      </object_component>
      <object_component id="oc-106">
         <name>.sysmem</name>
         <uninitialized>true</uninitialized>
         <run_address>0x30c0</run_address>
         <size>0x0</size>
         <input_file_ref idref="fl-3b"/>
      </object_component>
      <object_component id="oc-12e">
         <name>.sysmem</name>
         <uninitialized>true</uninitialized>
         <run_address>0x30c0</run_address>
         <size>0x0</size>
      </object_component>
      <object_component id="oc-ae">
         <name>.cinit</name>
         <load_address>0x40240</load_address>
         <run_address>0x40240</run_address>
         <size>0x5a</size>
         <input_file_ref idref="fl-27"/>
      </object_component>
      <object_component id="oc-7b">
         <name>.cinit</name>
         <load_address>0x4029a</load_address>
         <run_address>0x4029a</run_address>
         <size>0x54</size>
         <input_file_ref idref="fl-1b"/>
      </object_component>
      <object_component id="oc-5e">
         <name>.cinit</name>
         <load_address>0x402ee</load_address>
         <run_address>0x402ee</run_address>
         <size>0x14</size>
         <input_file_ref idref="fl-14"/>
      </object_component>
      <object_component id="oc-4f">
         <name>.cinit</name>
         <load_address>0x40302</load_address>
         <run_address>0x40302</run_address>
         <size>0x14</size>
         <input_file_ref idref="fl-11"/>
      </object_component>
      <object_component id="oc-3a">
         <name>.cinit</name>
         <load_address>0x40316</load_address>
         <run_address>0x40316</run_address>
         <size>0x8</size>
         <input_file_ref idref="fl-d"/>
      </object_component>
      <object_component id="oc-ff">
         <name>.cinit</name>
         <load_address>0x4031e</load_address>
         <run_address>0x4031e</run_address>
         <size>0x8</size>
         <input_file_ref idref="fl-3a"/>
      </object_component>
      <object_component id="oc-105">
         <name>.cinit</name>
         <load_address>0x40326</load_address>
         <run_address>0x40326</run_address>
         <size>0x8</size>
         <input_file_ref idref="fl-3b"/>
      </object_component>
      <object_component id="oc-d8">
         <name>.cio</name>
         <uninitialized>true</uninitialized>
         <run_address>0x40000</run_address>
         <size>0x240</size>
         <input_file_ref idref="fl-31"/>
      </object_component>
      <object_component id="oc-11">
         <name>vectors</name>
         <load_address>0x4fe00</load_address>
         <run_address>0x4fe00</run_address>
         <size>0x100</size>
         <input_file_ref idref="fl-13"/>
      </object_component>
      <object_component id="oc-13">
         <name>.debug_info</name>
         <load_address>0x0</load_address>
         <run_address>0x0</run_address>
         <size>0x76b</size>
         <input_file_ref idref="fl-2"/>
      </object_component>
      <object_component id="oc-19">
         <name>.debug_info</name>
         <load_address>0x76b</load_address>
         <run_address>0x76b</run_address>
         <size>0xbac</size>
         <input_file_ref idref="fl-3"/>
      </object_component>
      <object_component id="oc-1e">
         <name>.debug_info</name>
         <load_address>0x1317</load_address>
         <run_address>0x1317</run_address>
         <size>0xba2</size>
         <input_file_ref idref="fl-4"/>
      </object_component>
      <object_component id="oc-23">
         <name>.debug_info</name>
         <load_address>0x1eb9</load_address>
         <run_address>0x1eb9</run_address>
         <size>0x994</size>
         <input_file_ref idref="fl-5"/>
      </object_component>
      <object_component id="oc-29">
         <name>.debug_info</name>
         <load_address>0x284d</load_address>
         <run_address>0x284d</run_address>
         <size>0xb89</size>
         <input_file_ref idref="fl-6"/>
      </object_component>
      <object_component id="oc-2e">
         <name>.debug_info</name>
         <load_address>0x33d6</load_address>
         <run_address>0x33d6</run_address>
         <size>0xb89</size>
         <input_file_ref idref="fl-7"/>
      </object_component>
      <object_component id="oc-33">
         <name>.debug_info</name>
         <load_address>0x3f5f</load_address>
         <run_address>0x3f5f</run_address>
         <size>0xb75</size>
         <input_file_ref idref="fl-8"/>
      </object_component>
      <object_component id="oc-39">
         <name>.debug_info</name>
         <load_address>0x4ad4</load_address>
         <run_address>0x4ad4</run_address>
         <size>0xd45</size>
         <input_file_ref idref="fl-d"/>
      </object_component>
      <object_component id="oc-3f">
         <name>.debug_info</name>
         <load_address>0x5819</load_address>
         <run_address>0x5819</run_address>
         <size>0x97b</size>
         <input_file_ref idref="fl-e"/>
      </object_component>
      <object_component id="oc-44">
         <name>.debug_info</name>
         <load_address>0x6194</load_address>
         <run_address>0x6194</run_address>
         <size>0x7bf</size>
         <input_file_ref idref="fl-f"/>
      </object_component>
      <object_component id="oc-49">
         <name>.debug_info</name>
         <load_address>0x6953</load_address>
         <run_address>0x6953</run_address>
         <size>0x100</size>
         <input_file_ref idref="fl-10"/>
      </object_component>
      <object_component id="oc-4e">
         <name>.debug_info</name>
         <load_address>0x6a53</load_address>
         <run_address>0x6a53</run_address>
         <size>0x62d</size>
         <input_file_ref idref="fl-11"/>
      </object_component>
      <object_component id="oc-54">
         <name>.debug_info</name>
         <load_address>0x7080</load_address>
         <run_address>0x7080</run_address>
         <size>0x784</size>
         <input_file_ref idref="fl-12"/>
      </object_component>
      <object_component id="oc-58">
         <name>.debug_info</name>
         <load_address>0x7804</load_address>
         <run_address>0x7804</run_address>
         <size>0xd4</size>
         <input_file_ref idref="fl-13"/>
      </object_component>
      <object_component id="oc-5d">
         <name>.debug_info</name>
         <load_address>0x78d8</load_address>
         <run_address>0x78d8</run_address>
         <size>0x5d4</size>
         <input_file_ref idref="fl-14"/>
      </object_component>
      <object_component id="oc-62">
         <name>.debug_info</name>
         <load_address>0x7eac</load_address>
         <run_address>0x7eac</run_address>
         <size>0x2e89</size>
         <input_file_ref idref="fl-15"/>
      </object_component>
      <object_component id="oc-68">
         <name>.debug_info</name>
         <load_address>0xad35</load_address>
         <run_address>0xad35</run_address>
         <size>0x59e</size>
         <input_file_ref idref="fl-16"/>
      </object_component>
      <object_component id="oc-6c">
         <name>.debug_info</name>
         <load_address>0xb2d3</load_address>
         <run_address>0xb2d3</run_address>
         <size>0x5f0</size>
         <input_file_ref idref="fl-17"/>
      </object_component>
      <object_component id="oc-70">
         <name>.debug_info</name>
         <load_address>0xb8c3</load_address>
         <run_address>0xb8c3</run_address>
         <size>0xe5</size>
         <input_file_ref idref="fl-18"/>
      </object_component>
      <object_component id="oc-74">
         <name>.debug_info</name>
         <load_address>0xb9a8</load_address>
         <run_address>0xb9a8</run_address>
         <size>0x837</size>
         <input_file_ref idref="fl-19"/>
      </object_component>
      <object_component id="oc-77">
         <name>.debug_info</name>
         <load_address>0xc1df</load_address>
         <run_address>0xc1df</run_address>
         <size>0x4b0</size>
         <input_file_ref idref="fl-1a"/>
      </object_component>
      <object_component id="oc-7a">
         <name>.debug_info</name>
         <load_address>0xc68f</load_address>
         <run_address>0xc68f</run_address>
         <size>0x596</size>
         <input_file_ref idref="fl-1b"/>
      </object_component>
      <object_component id="oc-7e">
         <name>.debug_info</name>
         <load_address>0xcc25</load_address>
         <run_address>0xcc25</run_address>
         <size>0x81a</size>
         <input_file_ref idref="fl-1c"/>
      </object_component>
      <object_component id="oc-82">
         <name>.debug_info</name>
         <load_address>0xd43f</load_address>
         <run_address>0xd43f</run_address>
         <size>0x566</size>
         <input_file_ref idref="fl-1d"/>
      </object_component>
      <object_component id="oc-86">
         <name>.debug_info</name>
         <load_address>0xd9a5</load_address>
         <run_address>0xd9a5</run_address>
         <size>0x4e7</size>
         <input_file_ref idref="fl-1e"/>
      </object_component>
      <object_component id="oc-8a">
         <name>.debug_info</name>
         <load_address>0xde8c</load_address>
         <run_address>0xde8c</run_address>
         <size>0x54c</size>
         <input_file_ref idref="fl-1f"/>
      </object_component>
      <object_component id="oc-8e">
         <name>.debug_info</name>
         <load_address>0xe3d8</load_address>
         <run_address>0xe3d8</run_address>
         <size>0x57b</size>
         <input_file_ref idref="fl-20"/>
      </object_component>
      <object_component id="oc-93">
         <name>.debug_info</name>
         <load_address>0xe953</load_address>
         <run_address>0xe953</run_address>
         <size>0x6c2</size>
         <input_file_ref idref="fl-21"/>
      </object_component>
      <object_component id="oc-97">
         <name>.debug_info</name>
         <load_address>0xf015</load_address>
         <run_address>0xf015</run_address>
         <size>0xa2a</size>
         <input_file_ref idref="fl-22"/>
      </object_component>
      <object_component id="oc-9c">
         <name>.debug_info</name>
         <load_address>0xfa3f</load_address>
         <run_address>0xfa3f</run_address>
         <size>0x556</size>
         <input_file_ref idref="fl-23"/>
      </object_component>
      <object_component id="oc-a0">
         <name>.debug_info</name>
         <load_address>0xff95</load_address>
         <run_address>0xff95</run_address>
         <size>0x698</size>
         <input_file_ref idref="fl-24"/>
      </object_component>
      <object_component id="oc-a4">
         <name>.debug_info</name>
         <load_address>0x1062d</load_address>
         <run_address>0x1062d</run_address>
         <size>0x83a</size>
         <input_file_ref idref="fl-25"/>
      </object_component>
      <object_component id="oc-a8">
         <name>.debug_info</name>
         <load_address>0x10e67</load_address>
         <run_address>0x10e67</run_address>
         <size>0xd5</size>
         <input_file_ref idref="fl-26"/>
      </object_component>
      <object_component id="oc-ad">
         <name>.debug_info</name>
         <load_address>0x10f3c</load_address>
         <run_address>0x10f3c</run_address>
         <size>0x161d</size>
         <input_file_ref idref="fl-27"/>
      </object_component>
      <object_component id="oc-b2">
         <name>.debug_info</name>
         <load_address>0x12559</load_address>
         <run_address>0x12559</run_address>
         <size>0x5df</size>
         <input_file_ref idref="fl-28"/>
      </object_component>
      <object_component id="oc-b6">
         <name>.debug_info</name>
         <load_address>0x12b38</load_address>
         <run_address>0x12b38</run_address>
         <size>0x5a6</size>
         <input_file_ref idref="fl-29"/>
      </object_component>
      <object_component id="oc-ba">
         <name>.debug_info</name>
         <load_address>0x130de</load_address>
         <run_address>0x130de</run_address>
         <size>0xe9</size>
         <input_file_ref idref="fl-2a"/>
      </object_component>
      <object_component id="oc-be">
         <name>.debug_info</name>
         <load_address>0x131c7</load_address>
         <run_address>0x131c7</run_address>
         <size>0x573</size>
         <input_file_ref idref="fl-2b"/>
      </object_component>
      <object_component id="oc-c2">
         <name>.debug_info</name>
         <load_address>0x1373a</load_address>
         <run_address>0x1373a</run_address>
         <size>0x4cf</size>
         <input_file_ref idref="fl-2c"/>
      </object_component>
      <object_component id="oc-c6">
         <name>.debug_info</name>
         <load_address>0x13c09</load_address>
         <run_address>0x13c09</run_address>
         <size>0x50a</size>
         <input_file_ref idref="fl-2d"/>
      </object_component>
      <object_component id="oc-ca">
         <name>.debug_info</name>
         <load_address>0x14113</load_address>
         <run_address>0x14113</run_address>
         <size>0x566</size>
         <input_file_ref idref="fl-2e"/>
      </object_component>
      <object_component id="oc-ce">
         <name>.debug_info</name>
         <load_address>0x14679</load_address>
         <run_address>0x14679</run_address>
         <size>0x4f6</size>
         <input_file_ref idref="fl-2f"/>
      </object_component>
      <object_component id="oc-d3">
         <name>.debug_info</name>
         <load_address>0x14b6f</load_address>
         <run_address>0x14b6f</run_address>
         <size>0x108c</size>
         <input_file_ref idref="fl-30"/>
      </object_component>
      <object_component id="oc-d7">
         <name>.debug_info</name>
         <load_address>0x15bfb</load_address>
         <run_address>0x15bfb</run_address>
         <size>0x7c4</size>
         <input_file_ref idref="fl-31"/>
      </object_component>
      <object_component id="oc-dd">
         <name>.debug_info</name>
         <load_address>0x163bf</load_address>
         <run_address>0x163bf</run_address>
         <size>0x107</size>
         <input_file_ref idref="fl-32"/>
      </object_component>
      <object_component id="oc-e1">
         <name>.debug_info</name>
         <load_address>0x164c6</load_address>
         <run_address>0x164c6</run_address>
         <size>0x67a</size>
         <input_file_ref idref="fl-33"/>
      </object_component>
      <object_component id="oc-e5">
         <name>.debug_info</name>
         <load_address>0x16b40</load_address>
         <run_address>0x16b40</run_address>
         <size>0x5dd</size>
         <input_file_ref idref="fl-34"/>
      </object_component>
      <object_component id="oc-e9">
         <name>.debug_info</name>
         <load_address>0x1711d</load_address>
         <run_address>0x1711d</run_address>
         <size>0x50a</size>
         <input_file_ref idref="fl-35"/>
      </object_component>
      <object_component id="oc-ed">
         <name>.debug_info</name>
         <load_address>0x17627</load_address>
         <run_address>0x17627</run_address>
         <size>0x738</size>
         <input_file_ref idref="fl-36"/>
      </object_component>
      <object_component id="oc-f1">
         <name>.debug_info</name>
         <load_address>0x17d5f</load_address>
         <run_address>0x17d5f</run_address>
         <size>0x4ea</size>
         <input_file_ref idref="fl-37"/>
      </object_component>
      <object_component id="oc-f5">
         <name>.debug_info</name>
         <load_address>0x18249</load_address>
         <run_address>0x18249</run_address>
         <size>0x60f</size>
         <input_file_ref idref="fl-38"/>
      </object_component>
      <object_component id="oc-f9">
         <name>.debug_info</name>
         <load_address>0x18858</load_address>
         <run_address>0x18858</run_address>
         <size>0x662</size>
         <input_file_ref idref="fl-39"/>
      </object_component>
      <object_component id="oc-fe">
         <name>.debug_info</name>
         <load_address>0x18eba</load_address>
         <run_address>0x18eba</run_address>
         <size>0xab6</size>
         <input_file_ref idref="fl-3a"/>
      </object_component>
      <object_component id="oc-104">
         <name>.debug_info</name>
         <load_address>0x19970</load_address>
         <run_address>0x19970</run_address>
         <size>0xc4b</size>
         <input_file_ref idref="fl-3b"/>
      </object_component>
      <object_component id="oc-10a">
         <name>.debug_info</name>
         <load_address>0x1a5bb</load_address>
         <run_address>0x1a5bb</run_address>
         <size>0x667</size>
         <input_file_ref idref="fl-3c"/>
      </object_component>
      <object_component id="oc-10e">
         <name>.debug_info</name>
         <load_address>0x1ac22</load_address>
         <run_address>0x1ac22</run_address>
         <size>0x528</size>
         <input_file_ref idref="fl-3d"/>
      </object_component>
      <object_component id="oc-136">
         <name>.debug_info</name>
         <load_address>0x1b14a</load_address>
         <run_address>0x1b14a</run_address>
         <size>0x6e</size>
      </object_component>
      <object_component id="oc-15">
         <name>.debug_frame</name>
         <load_address>0x0</load_address>
         <run_address>0x0</run_address>
         <size>0xfe</size>
         <input_file_ref idref="fl-2"/>
      </object_component>
      <object_component id="oc-1a">
         <name>.debug_frame</name>
         <load_address>0xfe</load_address>
         <run_address>0xfe</run_address>
         <size>0xe6</size>
         <input_file_ref idref="fl-3"/>
      </object_component>
      <object_component id="oc-1f">
         <name>.debug_frame</name>
         <load_address>0x1e4</load_address>
         <run_address>0x1e4</run_address>
         <size>0xe6</size>
         <input_file_ref idref="fl-4"/>
      </object_component>
      <object_component id="oc-25">
         <name>.debug_frame</name>
         <load_address>0x2ca</load_address>
         <run_address>0x2ca</run_address>
         <size>0x11e</size>
         <input_file_ref idref="fl-5"/>
      </object_component>
      <object_component id="oc-2a">
         <name>.debug_frame</name>
         <load_address>0x3e8</load_address>
         <run_address>0x3e8</run_address>
         <size>0xe6</size>
         <input_file_ref idref="fl-6"/>
      </object_component>
      <object_component id="oc-2f">
         <name>.debug_frame</name>
         <load_address>0x4ce</load_address>
         <run_address>0x4ce</run_address>
         <size>0xe6</size>
         <input_file_ref idref="fl-7"/>
      </object_component>
      <object_component id="oc-34">
         <name>.debug_frame</name>
         <load_address>0x5b4</load_address>
         <run_address>0x5b4</run_address>
         <size>0xe6</size>
         <input_file_ref idref="fl-8"/>
      </object_component>
      <object_component id="oc-3b">
         <name>.debug_frame</name>
         <load_address>0x69a</load_address>
         <run_address>0x69a</run_address>
         <size>0x14a</size>
         <input_file_ref idref="fl-d"/>
      </object_component>
      <object_component id="oc-40">
         <name>.debug_frame</name>
         <load_address>0x7e4</load_address>
         <run_address>0x7e4</run_address>
         <size>0x135</size>
         <input_file_ref idref="fl-e"/>
      </object_component>
      <object_component id="oc-45">
         <name>.debug_frame</name>
         <load_address>0x919</load_address>
         <run_address>0x919</run_address>
         <size>0x116</size>
         <input_file_ref idref="fl-f"/>
      </object_component>
      <object_component id="oc-16">
         <name>.debug_line</name>
         <load_address>0x0</load_address>
         <run_address>0x0</run_address>
         <size>0x5f</size>
         <input_file_ref idref="fl-2"/>
      </object_component>
      <object_component id="oc-1b">
         <name>.debug_line</name>
         <load_address>0x5f</load_address>
         <run_address>0x5f</run_address>
         <size>0xc7</size>
         <input_file_ref idref="fl-3"/>
      </object_component>
      <object_component id="oc-20">
         <name>.debug_line</name>
         <load_address>0x126</load_address>
         <run_address>0x126</run_address>
         <size>0xc6</size>
         <input_file_ref idref="fl-4"/>
      </object_component>
      <object_component id="oc-26">
         <name>.debug_line</name>
         <load_address>0x1ec</load_address>
         <run_address>0x1ec</run_address>
         <size>0x99</size>
         <input_file_ref idref="fl-5"/>
      </object_component>
      <object_component id="oc-2b">
         <name>.debug_line</name>
         <load_address>0x285</load_address>
         <run_address>0x285</run_address>
         <size>0xdb</size>
         <input_file_ref idref="fl-6"/>
      </object_component>
      <object_component id="oc-30">
         <name>.debug_line</name>
         <load_address>0x360</load_address>
         <run_address>0x360</run_address>
         <size>0xdf</size>
         <input_file_ref idref="fl-7"/>
      </object_component>
      <object_component id="oc-35">
         <name>.debug_line</name>
         <load_address>0x43f</load_address>
         <run_address>0x43f</run_address>
         <size>0xe2</size>
         <input_file_ref idref="fl-8"/>
      </object_component>
      <object_component id="oc-3c">
         <name>.debug_line</name>
         <load_address>0x521</load_address>
         <run_address>0x521</run_address>
         <size>0x196</size>
         <input_file_ref idref="fl-d"/>
      </object_component>
      <object_component id="oc-41">
         <name>.debug_line</name>
         <load_address>0x6b7</load_address>
         <run_address>0x6b7</run_address>
         <size>0x104</size>
         <input_file_ref idref="fl-e"/>
      </object_component>
      <object_component id="oc-46">
         <name>.debug_line</name>
         <load_address>0x7bb</load_address>
         <run_address>0x7bb</run_address>
         <size>0xa9</size>
         <input_file_ref idref="fl-f"/>
      </object_component>
      <object_component id="oc-4a">
         <name>.debug_line</name>
         <load_address>0x864</load_address>
         <run_address>0x864</run_address>
         <size>0x54</size>
         <input_file_ref idref="fl-10"/>
      </object_component>
      <object_component id="oc-51">
         <name>.debug_line</name>
         <load_address>0x8b8</load_address>
         <run_address>0x8b8</run_address>
         <size>0x51</size>
         <input_file_ref idref="fl-11"/>
      </object_component>
      <object_component id="oc-55">
         <name>.debug_line</name>
         <load_address>0x909</load_address>
         <run_address>0x909</run_address>
         <size>0x69</size>
         <input_file_ref idref="fl-12"/>
      </object_component>
      <object_component id="oc-59">
         <name>.debug_line</name>
         <load_address>0x972</load_address>
         <run_address>0x972</run_address>
         <size>0x37</size>
         <input_file_ref idref="fl-13"/>
      </object_component>
      <object_component id="oc-5f">
         <name>.debug_line</name>
         <load_address>0x9a9</load_address>
         <run_address>0x9a9</run_address>
         <size>0x57</size>
         <input_file_ref idref="fl-14"/>
      </object_component>
      <object_component id="oc-65">
         <name>.debug_line</name>
         <load_address>0xa00</load_address>
         <run_address>0xa00</run_address>
         <size>0x35c</size>
         <input_file_ref idref="fl-15"/>
      </object_component>
      <object_component id="oc-69">
         <name>.debug_line</name>
         <load_address>0xd5c</load_address>
         <run_address>0xd5c</run_address>
         <size>0x41</size>
         <input_file_ref idref="fl-16"/>
      </object_component>
      <object_component id="oc-6d">
         <name>.debug_line</name>
         <load_address>0xd9d</load_address>
         <run_address>0xd9d</run_address>
         <size>0x46</size>
         <input_file_ref idref="fl-17"/>
      </object_component>
      <object_component id="oc-71">
         <name>.debug_line</name>
         <load_address>0xde3</load_address>
         <run_address>0xde3</run_address>
         <size>0x55</size>
         <input_file_ref idref="fl-18"/>
      </object_component>
      <object_component id="oc-75">
         <name>.debug_line</name>
         <load_address>0xe38</load_address>
         <run_address>0xe38</run_address>
         <size>0xad</size>
         <input_file_ref idref="fl-19"/>
      </object_component>
      <object_component id="oc-7f">
         <name>.debug_line</name>
         <load_address>0xee5</load_address>
         <run_address>0xee5</run_address>
         <size>0x5b</size>
         <input_file_ref idref="fl-1c"/>
      </object_component>
      <object_component id="oc-83">
         <name>.debug_line</name>
         <load_address>0xf40</load_address>
         <run_address>0xf40</run_address>
         <size>0x44</size>
         <input_file_ref idref="fl-1d"/>
      </object_component>
      <object_component id="oc-87">
         <name>.debug_line</name>
         <load_address>0xf84</load_address>
         <run_address>0xf84</run_address>
         <size>0x3d</size>
         <input_file_ref idref="fl-1e"/>
      </object_component>
      <object_component id="oc-8b">
         <name>.debug_line</name>
         <load_address>0xfc1</load_address>
         <run_address>0xfc1</run_address>
         <size>0x3d</size>
         <input_file_ref idref="fl-1f"/>
      </object_component>
      <object_component id="oc-90">
         <name>.debug_line</name>
         <load_address>0xffe</load_address>
         <run_address>0xffe</run_address>
         <size>0x44</size>
         <input_file_ref idref="fl-20"/>
      </object_component>
      <object_component id="oc-94">
         <name>.debug_line</name>
         <load_address>0x1042</load_address>
         <run_address>0x1042</run_address>
         <size>0x56</size>
         <input_file_ref idref="fl-21"/>
      </object_component>
      <object_component id="oc-99">
         <name>.debug_line</name>
         <load_address>0x1098</load_address>
         <run_address>0x1098</run_address>
         <size>0xc2</size>
         <input_file_ref idref="fl-22"/>
      </object_component>
      <object_component id="oc-9d">
         <name>.debug_line</name>
         <load_address>0x115a</load_address>
         <run_address>0x115a</run_address>
         <size>0x40</size>
         <input_file_ref idref="fl-23"/>
      </object_component>
      <object_component id="oc-a1">
         <name>.debug_line</name>
         <load_address>0x119a</load_address>
         <run_address>0x119a</run_address>
         <size>0x38</size>
         <input_file_ref idref="fl-24"/>
      </object_component>
      <object_component id="oc-a5">
         <name>.debug_line</name>
         <load_address>0x11d2</load_address>
         <run_address>0x11d2</run_address>
         <size>0xa8</size>
         <input_file_ref idref="fl-25"/>
      </object_component>
      <object_component id="oc-a9">
         <name>.debug_line</name>
         <load_address>0x127a</load_address>
         <run_address>0x127a</run_address>
         <size>0x3c</size>
         <input_file_ref idref="fl-26"/>
      </object_component>
      <object_component id="oc-af">
         <name>.debug_line</name>
         <load_address>0x12b6</load_address>
         <run_address>0x12b6</run_address>
         <size>0x1ca</size>
         <input_file_ref idref="fl-27"/>
      </object_component>
      <object_component id="oc-b3">
         <name>.debug_line</name>
         <load_address>0x1480</load_address>
         <run_address>0x1480</run_address>
         <size>0x40</size>
         <input_file_ref idref="fl-28"/>
      </object_component>
      <object_component id="oc-b7">
         <name>.debug_line</name>
         <load_address>0x14c0</load_address>
         <run_address>0x14c0</run_address>
         <size>0x3c</size>
         <input_file_ref idref="fl-29"/>
      </object_component>
      <object_component id="oc-bb">
         <name>.debug_line</name>
         <load_address>0x14fc</load_address>
         <run_address>0x14fc</run_address>
         <size>0x4d</size>
         <input_file_ref idref="fl-2a"/>
      </object_component>
      <object_component id="oc-bf">
         <name>.debug_line</name>
         <load_address>0x1549</load_address>
         <run_address>0x1549</run_address>
         <size>0x3c</size>
         <input_file_ref idref="fl-2b"/>
      </object_component>
      <object_component id="oc-c3">
         <name>.debug_line</name>
         <load_address>0x1585</load_address>
         <run_address>0x1585</run_address>
         <size>0x37</size>
         <input_file_ref idref="fl-2c"/>
      </object_component>
      <object_component id="oc-c7">
         <name>.debug_line</name>
         <load_address>0x15bc</load_address>
         <run_address>0x15bc</run_address>
         <size>0x3c</size>
         <input_file_ref idref="fl-2d"/>
      </object_component>
      <object_component id="oc-cb">
         <name>.debug_line</name>
         <load_address>0x15f8</load_address>
         <run_address>0x15f8</run_address>
         <size>0x44</size>
         <input_file_ref idref="fl-2e"/>
      </object_component>
      <object_component id="oc-cf">
         <name>.debug_line</name>
         <load_address>0x163c</load_address>
         <run_address>0x163c</run_address>
         <size>0x37</size>
         <input_file_ref idref="fl-2f"/>
      </object_component>
      <object_component id="oc-d4">
         <name>.debug_line</name>
         <load_address>0x1673</load_address>
         <run_address>0x1673</run_address>
         <size>0x177</size>
         <input_file_ref idref="fl-30"/>
      </object_component>
      <object_component id="oc-da">
         <name>.debug_line</name>
         <load_address>0x17ea</load_address>
         <run_address>0x17ea</run_address>
         <size>0x6a</size>
         <input_file_ref idref="fl-31"/>
      </object_component>
      <object_component id="oc-de">
         <name>.debug_line</name>
         <load_address>0x1854</load_address>
         <run_address>0x1854</run_address>
         <size>0x58</size>
         <input_file_ref idref="fl-32"/>
      </object_component>
      <object_component id="oc-e2">
         <name>.debug_line</name>
         <load_address>0x18ac</load_address>
         <run_address>0x18ac</run_address>
         <size>0x57</size>
         <input_file_ref idref="fl-33"/>
      </object_component>
      <object_component id="oc-e6">
         <name>.debug_line</name>
         <load_address>0x1903</load_address>
         <run_address>0x1903</run_address>
         <size>0x5c</size>
         <input_file_ref idref="fl-34"/>
      </object_component>
      <object_component id="oc-ea">
         <name>.debug_line</name>
         <load_address>0x195f</load_address>
         <run_address>0x195f</run_address>
         <size>0x3c</size>
         <input_file_ref idref="fl-35"/>
      </object_component>
      <object_component id="oc-ee">
         <name>.debug_line</name>
         <load_address>0x199b</load_address>
         <run_address>0x199b</run_address>
         <size>0x5b</size>
         <input_file_ref idref="fl-36"/>
      </object_component>
      <object_component id="oc-f2">
         <name>.debug_line</name>
         <load_address>0x19f6</load_address>
         <run_address>0x19f6</run_address>
         <size>0x3a</size>
         <input_file_ref idref="fl-37"/>
      </object_component>
      <object_component id="oc-f6">
         <name>.debug_line</name>
         <load_address>0x1a30</load_address>
         <run_address>0x1a30</run_address>
         <size>0x3c</size>
         <input_file_ref idref="fl-38"/>
      </object_component>
      <object_component id="oc-fa">
         <name>.debug_line</name>
         <load_address>0x1a6c</load_address>
         <run_address>0x1a6c</run_address>
         <size>0x3f</size>
         <input_file_ref idref="fl-39"/>
      </object_component>
      <object_component id="oc-100">
         <name>.debug_line</name>
         <load_address>0x1aab</load_address>
         <run_address>0x1aab</run_address>
         <size>0xf1</size>
         <input_file_ref idref="fl-3a"/>
      </object_component>
      <object_component id="oc-107">
         <name>.debug_line</name>
         <load_address>0x1b9c</load_address>
         <run_address>0x1b9c</run_address>
         <size>0x112</size>
         <input_file_ref idref="fl-3b"/>
      </object_component>
      <object_component id="oc-10b">
         <name>.debug_line</name>
         <load_address>0x1cae</load_address>
         <run_address>0x1cae</run_address>
         <size>0x3d</size>
         <input_file_ref idref="fl-3c"/>
      </object_component>
      <object_component id="oc-10f">
         <name>.debug_line</name>
         <load_address>0x1ceb</load_address>
         <run_address>0x1ceb</run_address>
         <size>0x39</size>
         <input_file_ref idref="fl-3d"/>
      </object_component>
      <object_component id="oc-17">
         <name>.debug_abbrev</name>
         <load_address>0x0</load_address>
         <run_address>0x0</run_address>
         <size>0x10d</size>
         <input_file_ref idref="fl-2"/>
      </object_component>
      <object_component id="oc-1c">
         <name>.debug_abbrev</name>
         <load_address>0x10d</load_address>
         <run_address>0x10d</run_address>
         <size>0xeb</size>
         <input_file_ref idref="fl-3"/>
      </object_component>
      <object_component id="oc-21">
         <name>.debug_abbrev</name>
         <load_address>0x1f8</load_address>
         <run_address>0x1f8</run_address>
         <size>0xeb</size>
         <input_file_ref idref="fl-4"/>
      </object_component>
      <object_component id="oc-27">
         <name>.debug_abbrev</name>
         <load_address>0x2e3</load_address>
         <run_address>0x2e3</run_address>
         <size>0xfa</size>
         <input_file_ref idref="fl-5"/>
      </object_component>
      <object_component id="oc-2c">
         <name>.debug_abbrev</name>
         <load_address>0x3dd</load_address>
         <run_address>0x3dd</run_address>
         <size>0xc9</size>
         <input_file_ref idref="fl-6"/>
      </object_component>
      <object_component id="oc-31">
         <name>.debug_abbrev</name>
         <load_address>0x4a6</load_address>
         <run_address>0x4a6</run_address>
         <size>0xc9</size>
         <input_file_ref idref="fl-7"/>
      </object_component>
      <object_component id="oc-36">
         <name>.debug_abbrev</name>
         <load_address>0x56f</load_address>
         <run_address>0x56f</run_address>
         <size>0xc9</size>
         <input_file_ref idref="fl-8"/>
      </object_component>
      <object_component id="oc-3d">
         <name>.debug_abbrev</name>
         <load_address>0x638</load_address>
         <run_address>0x638</run_address>
         <size>0xf2</size>
         <input_file_ref idref="fl-d"/>
      </object_component>
      <object_component id="oc-42">
         <name>.debug_abbrev</name>
         <load_address>0x72a</load_address>
         <run_address>0x72a</run_address>
         <size>0x8d</size>
         <input_file_ref idref="fl-e"/>
      </object_component>
      <object_component id="oc-47">
         <name>.debug_abbrev</name>
         <load_address>0x7b7</load_address>
         <run_address>0x7b7</run_address>
         <size>0xf3</size>
         <input_file_ref idref="fl-f"/>
      </object_component>
      <object_component id="oc-4b">
         <name>.debug_abbrev</name>
         <load_address>0x8aa</load_address>
         <run_address>0x8aa</run_address>
         <size>0x3a</size>
         <input_file_ref idref="fl-10"/>
      </object_component>
      <object_component id="oc-52">
         <name>.debug_abbrev</name>
         <load_address>0x8e4</load_address>
         <run_address>0x8e4</run_address>
         <size>0xf7</size>
         <input_file_ref idref="fl-11"/>
      </object_component>
      <object_component id="oc-56">
         <name>.debug_abbrev</name>
         <load_address>0x9db</load_address>
         <run_address>0x9db</run_address>
         <size>0x145</size>
         <input_file_ref idref="fl-12"/>
      </object_component>
      <object_component id="oc-5a">
         <name>.debug_abbrev</name>
         <load_address>0xb20</load_address>
         <run_address>0xb20</run_address>
         <size>0x26</size>
         <input_file_ref idref="fl-13"/>
      </object_component>
      <object_component id="oc-60">
         <name>.debug_abbrev</name>
         <load_address>0xb46</load_address>
         <run_address>0xb46</run_address>
         <size>0x9f</size>
         <input_file_ref idref="fl-14"/>
      </object_component>
      <object_component id="oc-66">
         <name>.debug_abbrev</name>
         <load_address>0xbe5</load_address>
         <run_address>0xbe5</run_address>
         <size>0x1f8</size>
         <input_file_ref idref="fl-15"/>
      </object_component>
      <object_component id="oc-6a">
         <name>.debug_abbrev</name>
         <load_address>0xddd</load_address>
         <run_address>0xddd</run_address>
         <size>0xec</size>
         <input_file_ref idref="fl-16"/>
      </object_component>
      <object_component id="oc-6e">
         <name>.debug_abbrev</name>
         <load_address>0xec9</load_address>
         <run_address>0xec9</run_address>
         <size>0xd5</size>
         <input_file_ref idref="fl-17"/>
      </object_component>
      <object_component id="oc-72">
         <name>.debug_abbrev</name>
         <load_address>0xf9e</load_address>
         <run_address>0xf9e</run_address>
         <size>0x44</size>
         <input_file_ref idref="fl-18"/>
      </object_component>
      <object_component id="oc-76">
         <name>.debug_abbrev</name>
         <load_address>0xfe2</load_address>
         <run_address>0xfe2</run_address>
         <size>0xb7</size>
         <input_file_ref idref="fl-19"/>
      </object_component>
      <object_component id="oc-78">
         <name>.debug_abbrev</name>
         <load_address>0x1099</load_address>
         <run_address>0x1099</run_address>
         <size>0x68</size>
         <input_file_ref idref="fl-1a"/>
      </object_component>
      <object_component id="oc-7c">
         <name>.debug_abbrev</name>
         <load_address>0x1101</load_address>
         <run_address>0x1101</run_address>
         <size>0x83</size>
         <input_file_ref idref="fl-1b"/>
      </object_component>
      <object_component id="oc-80">
         <name>.debug_abbrev</name>
         <load_address>0x1184</load_address>
         <run_address>0x1184</run_address>
         <size>0x112</size>
         <input_file_ref idref="fl-1c"/>
      </object_component>
      <object_component id="oc-84">
         <name>.debug_abbrev</name>
         <load_address>0x1296</load_address>
         <run_address>0x1296</run_address>
         <size>0xb5</size>
         <input_file_ref idref="fl-1d"/>
      </object_component>
      <object_component id="oc-88">
         <name>.debug_abbrev</name>
         <load_address>0x134b</load_address>
         <run_address>0x134b</run_address>
         <size>0x8f</size>
         <input_file_ref idref="fl-1e"/>
      </object_component>
      <object_component id="oc-8c">
         <name>.debug_abbrev</name>
         <load_address>0x13da</load_address>
         <run_address>0x13da</run_address>
         <size>0xb7</size>
         <input_file_ref idref="fl-1f"/>
      </object_component>
      <object_component id="oc-91">
         <name>.debug_abbrev</name>
         <load_address>0x1491</load_address>
         <run_address>0x1491</run_address>
         <size>0xc2</size>
         <input_file_ref idref="fl-20"/>
      </object_component>
      <object_component id="oc-95">
         <name>.debug_abbrev</name>
         <load_address>0x1553</load_address>
         <run_address>0x1553</run_address>
         <size>0x103</size>
         <input_file_ref idref="fl-21"/>
      </object_component>
      <object_component id="oc-9a">
         <name>.debug_abbrev</name>
         <load_address>0x1656</load_address>
         <run_address>0x1656</run_address>
         <size>0x140</size>
         <input_file_ref idref="fl-22"/>
      </object_component>
      <object_component id="oc-9e">
         <name>.debug_abbrev</name>
         <load_address>0x1796</load_address>
         <run_address>0x1796</run_address>
         <size>0x9a</size>
         <input_file_ref idref="fl-23"/>
      </object_component>
      <object_component id="oc-a2">
         <name>.debug_abbrev</name>
         <load_address>0x1830</load_address>
         <run_address>0x1830</run_address>
         <size>0xd0</size>
         <input_file_ref idref="fl-24"/>
      </object_component>
      <object_component id="oc-a6">
         <name>.debug_abbrev</name>
         <load_address>0x1900</load_address>
         <run_address>0x1900</run_address>
         <size>0xb7</size>
         <input_file_ref idref="fl-25"/>
      </object_component>
      <object_component id="oc-aa">
         <name>.debug_abbrev</name>
         <load_address>0x19b7</load_address>
         <run_address>0x19b7</run_address>
         <size>0x38</size>
         <input_file_ref idref="fl-26"/>
      </object_component>
      <object_component id="oc-b0">
         <name>.debug_abbrev</name>
         <load_address>0x19ef</load_address>
         <run_address>0x19ef</run_address>
         <size>0x225</size>
         <input_file_ref idref="fl-27"/>
      </object_component>
      <object_component id="oc-b4">
         <name>.debug_abbrev</name>
         <load_address>0x1c14</load_address>
         <run_address>0x1c14</run_address>
         <size>0xec</size>
         <input_file_ref idref="fl-28"/>
      </object_component>
      <object_component id="oc-b8">
         <name>.debug_abbrev</name>
         <load_address>0x1d00</load_address>
         <run_address>0x1d00</run_address>
         <size>0xb7</size>
         <input_file_ref idref="fl-29"/>
      </object_component>
      <object_component id="oc-bc">
         <name>.debug_abbrev</name>
         <load_address>0x1db7</load_address>
         <run_address>0x1db7</run_address>
         <size>0x38</size>
         <input_file_ref idref="fl-2a"/>
      </object_component>
      <object_component id="oc-c0">
         <name>.debug_abbrev</name>
         <load_address>0x1def</load_address>
         <run_address>0x1def</run_address>
         <size>0xdc</size>
         <input_file_ref idref="fl-2b"/>
      </object_component>
      <object_component id="oc-c4">
         <name>.debug_abbrev</name>
         <load_address>0x1ecb</load_address>
         <run_address>0x1ecb</run_address>
         <size>0x81</size>
         <input_file_ref idref="fl-2c"/>
      </object_component>
      <object_component id="oc-c8">
         <name>.debug_abbrev</name>
         <load_address>0x1f4c</load_address>
         <run_address>0x1f4c</run_address>
         <size>0xa6</size>
         <input_file_ref idref="fl-2d"/>
      </object_component>
      <object_component id="oc-cc">
         <name>.debug_abbrev</name>
         <load_address>0x1ff2</load_address>
         <run_address>0x1ff2</run_address>
         <size>0xb5</size>
         <input_file_ref idref="fl-2e"/>
      </object_component>
      <object_component id="oc-d0">
         <name>.debug_abbrev</name>
         <load_address>0x20a7</load_address>
         <run_address>0x20a7</run_address>
         <size>0x8f</size>
         <input_file_ref idref="fl-2f"/>
      </object_component>
      <object_component id="oc-d5">
         <name>.debug_abbrev</name>
         <load_address>0x2136</load_address>
         <run_address>0x2136</run_address>
         <size>0x15a</size>
         <input_file_ref idref="fl-30"/>
      </object_component>
      <object_component id="oc-db">
         <name>.debug_abbrev</name>
         <load_address>0x2290</load_address>
         <run_address>0x2290</run_address>
         <size>0xde</size>
         <input_file_ref idref="fl-31"/>
      </object_component>
      <object_component id="oc-df">
         <name>.debug_abbrev</name>
         <load_address>0x236e</load_address>
         <run_address>0x236e</run_address>
         <size>0x38</size>
         <input_file_ref idref="fl-32"/>
      </object_component>
      <object_component id="oc-e3">
         <name>.debug_abbrev</name>
         <load_address>0x23a6</load_address>
         <run_address>0x23a6</run_address>
         <size>0xd1</size>
         <input_file_ref idref="fl-33"/>
      </object_component>
      <object_component id="oc-e7">
         <name>.debug_abbrev</name>
         <load_address>0x2477</load_address>
         <run_address>0x2477</run_address>
         <size>0xd4</size>
         <input_file_ref idref="fl-34"/>
      </object_component>
      <object_component id="oc-eb">
         <name>.debug_abbrev</name>
         <load_address>0x254b</load_address>
         <run_address>0x254b</run_address>
         <size>0xa6</size>
         <input_file_ref idref="fl-35"/>
      </object_component>
      <object_component id="oc-ef">
         <name>.debug_abbrev</name>
         <load_address>0x25f1</load_address>
         <run_address>0x25f1</run_address>
         <size>0x136</size>
         <input_file_ref idref="fl-36"/>
      </object_component>
      <object_component id="oc-f3">
         <name>.debug_abbrev</name>
         <load_address>0x2727</load_address>
         <run_address>0x2727</run_address>
         <size>0x81</size>
         <input_file_ref idref="fl-37"/>
      </object_component>
      <object_component id="oc-f7">
         <name>.debug_abbrev</name>
         <load_address>0x27a8</load_address>
         <run_address>0x27a8</run_address>
         <size>0xd1</size>
         <input_file_ref idref="fl-38"/>
[...]
         <object_component_ref idref="oc-22"/>
      </symbol>
      <symbol id="sm-e0">
         <name>_aic3204_loop_stereo_in2</name>
         <value>0x236c6</value>
         <object_component_ref idref="oc-28"/>
      </symbol>
      <symbol id="sm-106">
         <name>_aic3204_loop_stereo_in1</name>
         <value>0x23228</value>
         <object_component_ref idref="oc-2d"/>
      </symbol>
      <symbol id="sm-12c">
         <name>_aic3204_loop_mic_in</name>
         <value>0x22b0f</value>
         <object_component_ref idref="oc-32"/>
      </symbol>
      <symbol id="sm-154">
         <name>_EVM5515_I2C_write</name>
         <value>0x24191</value>
         <object_component_ref idref="oc-37"/>
      </symbol>
      <symbol id="sm-155">
         <name>_EVM5515_I2C_read</name>
         <value>0x24212</value>
         <object_component_ref idref="oc-37"/>
      </symbol>
      <symbol id="sm-156">
         <name>_EVM5515_I2C_reset</name>
         <value>0x24183</value>
         <object_component_ref idref="oc-37"/>
      </symbol>
      <symbol id="sm-157">
         <name>_i2c_timeout</name>
         <value>0x5492</value>
         <object_component_ref idref="oc-38"/>
      </symbol>
      <symbol id="sm-158">
         <name>_EVM5515_I2C_close</name>
         <value>0x2417a</value>
         <object_component_ref idref="oc-37"/>
      </symbol>
      <symbol id="sm-159">
         <name>_EVM5515_I2C_init</name>
         <value>0x2415b</value>
         <object_component_ref idref="oc-37"/>
      </symbol>
      <symbol id="sm-16d">
         <name>_EVM5515_GPIO_setOutput</name>
         <value>0x23dd7</value>
         <object_component_ref idref="oc-3e"/>
      </symbol>
      <symbol id="sm-16e">
         <name>_EVM5515_GPIO_init</name>
         <value>0x23d46</value>
         <object_component_ref idref="oc-3e"/>
      </symbol>
      <symbol id="sm-16f">
         <name>_EVM5515_GPIO_getInput</name>
         <value>0x23e54</value>
         <object_component_ref idref="oc-3e"/>
      </symbol>
      <symbol id="sm-170">
         <name>_EVM5515_GPIO_setDirection</name>
         <value>0x23d4a</value>
         <object_component_ref idref="oc-3e"/>
      </symbol>
      <symbol id="sm-17e">
         <name>_EVM5515_init</name>
         <value>0x24d2c</value>
         <object_component_ref idref="oc-43"/>
      </symbol>
      <symbol id="sm-17f">
         <name>_EVM5515_waitusec</name>
         <value>0x24d1a</value>
         <object_component_ref idref="oc-43"/>
      </symbol>
      <symbol id="sm-180">
         <name>_EVM5515_wait</name>
         <value>0x24ce6</value>
         <object_component_ref idref="oc-43"/>
      </symbol>
      <symbol id="sm-18c">
         <name>__sysstack</name>
         <value>0x20c0</value>
         <object_component_ref idref="oc-111"/>
      </symbol>
      <symbol id="sm-18d">
         <name>_c_int00</name>
         <value>0x24f32</value>
         <object_component_ref idref="oc-10"/>
      </symbol>
      <symbol id="sm-18e">
         <name>__stack</name>
         <value>0xc0</value>
         <object_component_ref idref="oc-48"/>
      </symbol>
      <symbol id="sm-19e">
         <name>C$$EXIT</name>
         <value>0x2504b</value>
         <object_component_ref idref="oc-50"/>
      </symbol>
      <symbol id="sm-19f">
         <name>_exit</name>
         <value>0x24ef4</value>
         <object_component_ref idref="oc-4c"/>
      </symbol>
      <symbol id="sm-1a0">
         <name>_abort</name>
         <value>0x2504a</value>
         <object_component_ref idref="oc-50"/>
      </symbol>
      <symbol id="sm-1a1">
         <name>__cleanup_ptr</name>
         <value>0x558c</value>
         <object_component_ref idref="oc-4d"/>
      </symbol>
      <symbol id="sm-1a2">
         <name>__dtors_ptr</name>
         <value>0x5590</value>
         <object_component_ref idref="oc-4d"/>
      </symbol>
      <symbol id="sm-1ac">
         <name>_printf</name>
         <value>0x24d3a</value>
         <object_component_ref idref="oc-53"/>
      </symbol>
      <symbol id="sm-1b6">
         <name>_Reset</name>
         <value>0x4fe00</value>
         <object_component_ref idref="oc-11"/>
      </symbol>
      <symbol id="sm-1c4">
         <name>__unlock</name>
         <value>0x5588</value>
         <object_component_ref idref="oc-5c"/>
      </symbol>
      <symbol id="sm-1c5">
         <name>__lock</name>
         <value>0x5584</value>
         <object_component_ref idref="oc-5c"/>
      </symbol>
      <symbol id="sm-1c6">
         <name>__register_lock</name>
         <value>0x25026</value>
         <object_component_ref idref="oc-5b"/>
      </symbol>
      <symbol id="sm-1c7">
         <name>__nop</name>
         <value>0x2502e</value>
         <object_component_ref idref="oc-5b"/>
      </symbol>
      <symbol id="sm-1c8">
         <name>__register_unlock</name>
         <value>0x2501e</value>
         <object_component_ref idref="oc-5b"/>
      </symbol>
      <symbol id="sm-1da">
         <name>__printfi</name>
         <value>0x21362</value>
         <object_component_ref idref="oc-61"/>
      </symbol>
      <symbol id="sm-1e4">
         <name>__args_main</name>
         <value>0x24dd7</value>
         <object_component_ref idref="oc-67"/>
      </symbol>
      <symbol id="sm-1e5">
         <name>__TI_args_main</name>
         <value>0x1</value>
      </symbol>
      <symbol id="sm-1ef">
         <name>_atoi</name>
         <value>0x24c8a</value>
         <object_component_ref idref="oc-6b"/>
      </symbol>
      <symbol id="sm-1f7">
         <name>_auto_init</name>
         <value>0x24d8a</value>
         <object_component_ref idref="oc-6f"/>
      </symbol>
      <symbol id="sm-201">
         <name>__eqld</name>
         <value>0x23cba</value>
         <object_component_ref idref="oc-73"/>
      </symbol>
      <symbol id="sm-202">
         <name>__cmpd</name>
         <value>0x23cee</value>
         <object_component_ref idref="oc-73"/>
      </symbol>
      <symbol id="sm-203">
         <name>__neqd</name>
         <value>0x23b5c</value>
         <object_component_ref idref="oc-73"/>
      </symbol>
      <symbol id="sm-204">
         <name>__gtrd</name>
         <value>0x23c25</value>
         <object_component_ref idref="oc-73"/>
      </symbol>
      <symbol id="sm-205">
         <name>__geqd</name>
         <value>0x23c70</value>
         <object_component_ref idref="oc-73"/>
      </symbol>
      <symbol id="sm-206">
         <name>__leqd</name>
         <value>0x23bd8</value>
         <object_component_ref idref="oc-73"/>
      </symbol>
      <symbol id="sm-207">
         <name>__lssd</name>
         <value>0x23b90</value>
         <object_component_ref idref="oc-73"/>
      </symbol>
      <symbol id="sm-20f">
         <name>__ctypes_</name>
         <value>0x5594</value>
         <object_component_ref idref="oc-114"/>
      </symbol>
      <symbol id="sm-219">
         <name>__tmpnams</name>
         <value>0x51b0</value>
         <object_component_ref idref="oc-79"/>
      </symbol>
      <symbol id="sm-21a">
         <name>__ft_end</name>
         <value>0x52f0</value>
         <object_component_ref idref="oc-79"/>
      </symbol>
      <symbol id="sm-21b">
         <name>__ftable</name>
         <value>0x50c0</value>
         <object_component_ref idref="oc-79"/>
      </symbol>
      <symbol id="sm-227">
         <name>__divd</name>
         <value>0x224c4</value>
         <object_component_ref idref="oc-7d"/>
      </symbol>
      <symbol id="sm-232">
         <name>__divul</name>
         <value>0x2475c</value>
         <object_component_ref idref="oc-81"/>
      </symbol>
      <symbol id="sm-23c">
         <name>__fixdi</name>
         <value>0x24f66</value>
         <object_component_ref idref="oc-85"/>
      </symbol>
      <symbol id="sm-246">
         <name>__fixdli</name>
         <value>0x24adc</value>
         <object_component_ref idref="oc-89"/>
      </symbol>
      <symbol id="sm-252">
         <name>__fltlid</name>
         <value>0x24c23</value>
         <object_component_ref idref="oc-8d"/>
      </symbol>
      <symbol id="sm-25c">
         <name>_putchar</name>
         <value>0x2474d</value>
         <object_component_ref idref="oc-92"/>
      </symbol>
      <symbol id="sm-25d">
         <name>_putc</name>
         <value>0x246b6</value>
         <object_component_ref idref="oc-92"/>
      </symbol>
      <symbol id="sm-25e">
         <name>_fputc</name>
         <value>0x246b6</value>
         <object_component_ref idref="oc-92"/>
      </symbol>
      <symbol id="sm-26c">
         <name>_puts</name>
         <value>0x23fe1</value>
         <object_component_ref idref="oc-96"/>
      </symbol>
      <symbol id="sm-26d">
         <name>_fputs</name>
         <value>0x23eac</value>
         <object_component_ref idref="oc-96"/>
      </symbol>
      <symbol id="sm-277">
         <name>__frcmpyd_div</name>
         <value>0x249f7</value>
         <object_component_ref idref="oc-9b"/>
      </symbol>
      <symbol id="sm-281">
         <name>___isinf</name>
         <value>0x24fdd</value>
         <object_component_ref idref="oc-9f"/>
      </symbol>
      <symbol id="sm-28b">
         <name>__divull</name>
         <value>0x22ea5</value>
         <object_component_ref idref="oc-a3"/>
      </symbol>
      <symbol id="sm-28c">
         <name>__mpylli</name>
         <value>0x22ded</value>
         <object_component_ref idref="oc-a3"/>
      </symbol>
      <symbol id="sm-28d">
         <name>__remlli</name>
         <value>0x22dbe</value>
         <object_component_ref idref="oc-a3"/>
      </symbol>
      <symbol id="sm-28e">
         <name>__divlli</name>
         <value>0x22f99</value>
         <object_component_ref idref="oc-a3"/>
      </symbol>
      <symbol id="sm-28f">
         <name>__remull</name>
         <value>0x22d70</value>
         <object_component_ref idref="oc-a3"/>
      </symbol>
      <symbol id="sm-297">
         <name>__mpyli</name>
         <value>0x2500b</value>
         <object_component_ref idref="oc-a7"/>
      </symbol>
      <symbol id="sm-298">
         <name>I$$LMPY</name>
         <value>0x2500b</value>
         <object_component_ref idref="oc-a7"/>
      </symbol>
      <symbol id="sm-2aa">
         <name>_add_device</name>
         <value>0x219f7</value>
         <object_component_ref idref="oc-ab"/>
      </symbol>
      <symbol id="sm-2ab">
         <name>_rename</name>
         <value>0x21719</value>
         <object_component_ref idref="oc-ab"/>
      </symbol>
      <symbol id="sm-2ac">
         <name>_read</name>
         <value>0x217a8</value>
         <object_component_ref idref="oc-ab"/>
      </symbol>
      <symbol id="sm-2ad">
         <name>_unlink</name>
         <value>0x216e6</value>
         <object_component_ref idref="oc-ab"/>
      </symbol>
      <symbol id="sm-2ae">
         <name>_remove_device</name>
         <value>0x21772</value>
         <object_component_ref idref="oc-ab"/>
      </symbol>
      <symbol id="sm-2af">
         <name>_open</name>
         <value>0x21856</value>
         <object_component_ref idref="oc-ab"/>
      </symbol>
      <symbol id="sm-2b0">
         <name>_find_registered_device</name>
         <value>0x2197b</value>
         <object_component_ref idref="oc-ab"/>
      </symbol>
      <symbol id="sm-2b1">
         <name>_lseek</name>
         <value>0x21915</value>
         <object_component_ref idref="oc-ab"/>
      </symbol>
      <symbol id="sm-2b2">
         <name>_close</name>
         <value>0x21984</value>
         <object_component_ref idref="oc-ab"/>
      </symbol>
      <symbol id="sm-2b3">
         <name>_write</name>
         <value>0x215a4</value>
         <object_component_ref idref="oc-ab"/>
      </symbol>
      <symbol id="sm-2bd">
         <name>_ltoa</name>
         <value>0x24889</value>
         <object_component_ref idref="oc-b1"/>
      </symbol>
      <symbol id="sm-2c8">
         <name>_memccpy</name>
         <value>0x24fba</value>
         <object_component_ref idref="oc-b5"/>
      </symbol>
      <symbol id="sm-2d0">
         <name>_memcpy</name>
         <value>0x24eb5</value>
         <object_component_ref idref="oc-b9"/>
      </symbol>
      <symbol id="sm-2da">
         <name>__mpyd</name>
         <value>0x2400f</value>
         <object_component_ref idref="oc-bd"/>
      </symbol>
      <symbol id="sm-2e4">
         <name>__negd</name>
         <value>0x25030</value>
         <object_component_ref idref="oc-c1"/>
      </symbol>
      <symbol id="sm-2ee">
         <name>__remli</name>
         <value>0x24e22</value>
         <object_component_ref idref="oc-c5"/>
      </symbol>
      <symbol id="sm-2f9">
         <name>__remul</name>
         <value>0x24a6a</value>
         <object_component_ref idref="oc-c9"/>
      </symbol>
      <symbol id="sm-303">
         <name>__subd</name>
         <value>0x24ff7</value>
         <object_component_ref idref="oc-cd"/>
      </symbol>
      <symbol id="sm-30f">
         <name>_HOSTopen</name>
         <value>0x21df2</value>
         <object_component_ref idref="oc-d1"/>
      </symbol>
      <symbol id="sm-310">
         <name>_HOSTread</name>
         <value>0x21d65</value>
         <object_component_ref idref="oc-d1"/>
      </symbol>
      <symbol id="sm-311">
         <name>_HOSTtime</name>
         <value>0x21c59</value>
         <object_component_ref idref="oc-d1"/>
      </symbol>
      <symbol id="sm-312">
         <name>_getenv</name>
         <value>0x21ae7</value>
         <object_component_ref idref="oc-d1"/>
      </symbol>
      <symbol id="sm-313">
         <name>_HOSTrename</name>
         <value>0x21cb7</value>
         <object_component_ref idref="oc-d1"/>
      </symbol>
      <symbol id="sm-314">
         <name>_HOSTclock</name>
         <value>0x21fb1</value>
         <object_component_ref idref="oc-d1"/>
      </symbol>
      <symbol id="sm-315">
         <name>_HOSTwrite</name>
         <value>0x21b62</value>
         <object_component_ref idref="oc-d1"/>
      </symbol>
      <symbol id="sm-316">
         <name>_HOSTlseek</name>
         <value>0x21e91</value>
         <object_component_ref idref="oc-d1"/>
      </symbol>
      <symbol id="sm-317">
         <name>_HOSTunlink</name>
         <value>0x21bef</value>
         <object_component_ref idref="oc-d1"/>
      </symbol>
      <symbol id="sm-318">
         <name>_HOSTclose</name>
         <value>0x21f46</value>
         <object_component_ref idref="oc-d1"/>
      </symbol>
      <symbol id="sm-32a">
         <name>C$$IO$$</name>
         <value>0x246b1</value>
         <object_component_ref idref="oc-d9"/>
      </symbol>
      <symbol id="sm-32b">
         <name>__CIOBUF_</name>
         <value>0x40000</value>
         <object_component_ref idref="oc-d8"/>
      </symbol>
      <symbol id="sm-32c">
         <name>_readmsg</name>
         <value>0x24b4b</value>
         <object_component_ref idref="oc-d6"/>
      </symbol>
      <symbol id="sm-32d">
         <name>_writemsg</name>
         <value>0x245fc</value>
         <object_component_ref idref="oc-d9"/>
      </symbol>
      <symbol id="sm-335">
         <name>__remu</name>
         <value>0x24fa5</value>
         <object_component_ref idref="oc-dc"/>
      </symbol>
      <symbol id="sm-336">
         <name>__divu</name>
         <value>0x24f90</value>
         <object_component_ref idref="oc-dc"/>
      </symbol>
      <symbol id="sm-337">
         <name>I$$UMOD</name>
         <value>0x24fa5</value>
         <object_component_ref idref="oc-dc"/>
      </symbol>
      <symbol id="sm-338">
         <name>I$$UDIV</name>
         <value>0x24f90</value>
         <object_component_ref idref="oc-dc"/>
      </symbol>
      <symbol id="sm-342">
         <name>__rd_ok</name>
         <value>0x244dd</value>
         <object_component_ref idref="oc-e0"/>
      </symbol>
      <symbol id="sm-343">
         <name>__wrt_ok</name>
         <value>0x2445d</value>
         <object_component_ref idref="oc-e0"/>
      </symbol>
      <symbol id="sm-34d">
         <name>__addd</name>
         <value>0x22fce</value>
         <object_component_ref idref="oc-e4"/>
      </symbol>
      <symbol id="sm-357">
         <name>__divli</name>
         <value>0x24e6d</value>
         <object_component_ref idref="oc-e8"/>
      </symbol>
      <symbol id="sm-361">
         <name>__doflush</name>
         <value>0x2453a</value>
         <object_component_ref idref="oc-ec"/>
      </symbol>
      <symbol id="sm-362">
         <name>_fflush</name>
         <value>0x245a3</value>
         <object_component_ref idref="oc-ec"/>
      </symbol>
      <symbol id="sm-36c">
         <name>__frcmpyd</name>
         <value>0x24981</value>
         <object_component_ref idref="oc-f0"/>
      </symbol>
      <symbol id="sm-376">
         <name>_fseek</name>
         <value>0x24bb8</value>
         <object_component_ref idref="oc-f4"/>
      </symbol>
      <symbol id="sm-380">
         <name>_setvbuf</name>
         <value>0x24292</value>
         <object_component_ref idref="oc-f8"/>
      </symbol>
      <symbol id="sm-38f">
         <name>__cleanup</name>
         <value>0x229b1</value>
         <object_component_ref idref="oc-fc"/>
      </symbol>
      <symbol id="sm-390">
         <name>_fopen</name>
         <value>0x22ad4</value>
         <object_component_ref idref="oc-fc"/>
      </symbol>
      <symbol id="sm-391">
         <name>_freopen</name>
         <value>0x22a0b</value>
         <object_component_ref idref="oc-fc"/>
      </symbol>
      <symbol id="sm-3a1">
         <name>__sys_memory</name>
         <value>0x30c0</value>
         <object_component_ref idref="oc-106"/>
      </symbol>
      <symbol id="sm-3a2">
         <name>_chkheap</name>
         <value>0x22496</value>
         <object_component_ref idref="oc-102"/>
      </symbol>
      <symbol id="sm-3a3">
         <name>_realloc</name>
         <value>0x22235</value>
         <object_component_ref idref="oc-102"/>
      </symbol>
      <symbol id="sm-3a4">
         <name>_free_memory</name>
         <value>0x22440</value>
         <object_component_ref idref="oc-102"/>
      </symbol>
      <symbol id="sm-3a5">
         <name>_max_free</name>
         <value>0x223e6</value>
         <object_component_ref idref="oc-102"/>
      </symbol>
      <symbol id="sm-3a6">
         <name>_free</name>
         <value>0x2200f</value>
         <object_component_ref idref="oc-102"/>
      </symbol>
      <symbol id="sm-3a7">
         <name>_calloc</name>
         <value>0x2249e</value>
         <object_component_ref idref="oc-102"/>
      </symbol>
      <symbol id="sm-3a8">
         <name>_malloc</name>
         <value>0x22140</value>
         <object_component_ref idref="oc-102"/>
      </symbol>
      <symbol id="sm-3a9">
         <name>_minit</name>
         <value>0x220db</value>
         <object_component_ref idref="oc-102"/>
      </symbol>
      <symbol id="sm-3b3">
         <name>_fclose</name>
         <value>0x24906</value>
         <object_component_ref idref="oc-109"/>
      </symbol>
      <symbol id="sm-3bd">
         <name>_remove</name>
         <value>0x25040</value>
         <object_component_ref idref="oc-10d"/>
      </symbol>
   </symbol_table>
</link_info>
